Archive member included to satisfy reference by file (symbol)

c:/program files (x86)/atmel/studio/7.0/toolchain/avr8/avr8-gnu-toolchain/bin/../lib/gcc/avr/5.4.0/../../../../avr/lib/avr51\libm.a(addsf3.o)
                              includes/HIH8120/hih8120.o (__subsf3)
c:/program files (x86)/atmel/studio/7.0/toolchain/avr8/avr8-gnu-toolchain/bin/../lib/gcc/avr/5.4.0/../../../../avr/lib/avr51\libm.a(addsf3x.o)
                              c:/program files (x86)/atmel/studio/7.0/toolchain/avr8/avr8-gnu-toolchain/bin/../lib/gcc/avr/5.4.0/../../../../avr/lib/avr51\libm.a(addsf3.o) (__addsf3x)
c:/program files (x86)/atmel/studio/7.0/toolchain/avr8/avr8-gnu-toolchain/bin/../lib/gcc/avr/5.4.0/../../../../avr/lib/avr51\libm.a(cmpsf2.o)
                              main.o (__ltsf2)
c:/program files (x86)/atmel/studio/7.0/toolchain/avr8/avr8-gnu-toolchain/bin/../lib/gcc/avr/5.4.0/../../../../avr/lib/avr51\libm.a(divsf3.o)
                              includes/BMP280_SPI/BMP280_SPI.o (__divsf3)
c:/program files (x86)/atmel/studio/7.0/toolchain/avr8/avr8-gnu-toolchain/bin/../lib/gcc/avr/5.4.0/../../../../avr/lib/avr51\libm.a(divsf3x.o)
                              c:/program files (x86)/atmel/studio/7.0/toolchain/avr8/avr8-gnu-toolchain/bin/../lib/gcc/avr/5.4.0/../../../../avr/lib/avr51\libm.a(divsf3.o) (__divsf3x)
c:/program files (x86)/atmel/studio/7.0/toolchain/avr8/avr8-gnu-toolchain/bin/../lib/gcc/avr/5.4.0/../../../../avr/lib/avr51\libm.a(fixsfsi.o)
                              includes/BMP280_SPI/BMP280_SPI.o (__fixsfsi)
c:/program files (x86)/atmel/studio/7.0/toolchain/avr8/avr8-gnu-toolchain/bin/../lib/gcc/avr/5.4.0/../../../../avr/lib/avr51\libm.a(fixunssfsi.o)
                              c:/program files (x86)/atmel/studio/7.0/toolchain/avr8/avr8-gnu-toolchain/bin/../lib/gcc/avr/5.4.0/../../../../avr/lib/avr51\libm.a(fixsfsi.o) (__fixunssfsi)
c:/program files (x86)/atmel/studio/7.0/toolchain/avr8/avr8-gnu-toolchain/bin/../lib/gcc/avr/5.4.0/../../../../avr/lib/avr51\libm.a(floatdisf.o)
                              includes/BMP280_SPI/BMP280_SPI.o (__floatdisf)
c:/program files (x86)/atmel/studio/7.0/toolchain/avr8/avr8-gnu-toolchain/bin/../lib/gcc/avr/5.4.0/../../../../avr/lib/avr51\libm.a(floatsisf.o)
                              includes/Ethernet/test_web_client.o (__floatunsisf)
c:/program files (x86)/atmel/studio/7.0/toolchain/avr8/avr8-gnu-toolchain/bin/../lib/gcc/avr/5.4.0/../../../../avr/lib/avr51\libm.a(floatundisf.o)
                              c:/program files (x86)/atmel/studio/7.0/toolchain/avr8/avr8-gnu-toolchain/bin/../lib/gcc/avr/5.4.0/../../../../avr/lib/avr51\libm.a(floatdisf.o) (__fp_di2sf)
c:/program files (x86)/atmel/studio/7.0/toolchain/avr8/avr8-gnu-toolchain/bin/../lib/gcc/avr/5.4.0/../../../../avr/lib/avr51\libm.a(fp_cmp.o)
                              c:/program files (x86)/atmel/studio/7.0/toolchain/avr8/avr8-gnu-toolchain/bin/../lib/gcc/avr/5.4.0/../../../../avr/lib/avr51\libm.a(cmpsf2.o) (__fp_cmp)
c:/program files (x86)/atmel/studio/7.0/toolchain/avr8/avr8-gnu-toolchain/bin/../lib/gcc/avr/5.4.0/../../../../avr/lib/avr51\libm.a(fp_inf.o)
                              c:/program files (x86)/atmel/studio/7.0/toolchain/avr8/avr8-gnu-toolchain/bin/../lib/gcc/avr/5.4.0/../../../../avr/lib/avr51\libm.a(addsf3x.o) (__fp_inf)
c:/program files (x86)/atmel/studio/7.0/toolchain/avr8/avr8-gnu-toolchain/bin/../lib/gcc/avr/5.4.0/../../../../avr/lib/avr51\libm.a(fp_nan.o)
                              c:/program files (x86)/atmel/studio/7.0/toolchain/avr8/avr8-gnu-toolchain/bin/../lib/gcc/avr/5.4.0/../../../../avr/lib/avr51\libm.a(addsf3x.o) (__fp_nan)
c:/program files (x86)/atmel/studio/7.0/toolchain/avr8/avr8-gnu-toolchain/bin/../lib/gcc/avr/5.4.0/../../../../avr/lib/avr51\libm.a(fp_negdi.o)
                              c:/program files (x86)/atmel/studio/7.0/toolchain/avr8/avr8-gnu-toolchain/bin/../lib/gcc/avr/5.4.0/../../../../avr/lib/avr51\libm.a(floatdisf.o) (__fp_negdi)
c:/program files (x86)/atmel/studio/7.0/toolchain/avr8/avr8-gnu-toolchain/bin/../lib/gcc/avr/5.4.0/../../../../avr/lib/avr51\libm.a(fp_pscA.o)
                              c:/program files (x86)/atmel/studio/7.0/toolchain/avr8/avr8-gnu-toolchain/bin/../lib/gcc/avr/5.4.0/../../../../avr/lib/avr51\libm.a(addsf3x.o) (__fp_pscA)
c:/program files (x86)/atmel/studio/7.0/toolchain/avr8/avr8-gnu-toolchain/bin/../lib/gcc/avr/5.4.0/../../../../avr/lib/avr51\libm.a(fp_pscB.o)
                              c:/program files (x86)/atmel/studio/7.0/toolchain/avr8/avr8-gnu-toolchain/bin/../lib/gcc/avr/5.4.0/../../../../avr/lib/avr51\libm.a(addsf3x.o) (__fp_pscB)
c:/program files (x86)/atmel/studio/7.0/toolchain/avr8/avr8-gnu-toolchain/bin/../lib/gcc/avr/5.4.0/../../../../avr/lib/avr51\libm.a(fp_round.o)
                              c:/program files (x86)/atmel/studio/7.0/toolchain/avr8/avr8-gnu-toolchain/bin/../lib/gcc/avr/5.4.0/../../../../avr/lib/avr51\libm.a(addsf3.o) (__fp_round)
[...]
Memory Configuration

Name             Origin             Length             Attributes
text             0x00000000         0x00020000         xr
data             0x00800100         0x0000ff00         rw !x
eeprom           0x00810000         0x00010000         rw !x
fuse             0x00820000         0x00000003         rw !x
lock             0x00830000         0x00000400         rw !x
signature        0x00840000         0x00000400         rw !x
user_signatures  0x00850000         0x00000400         rw !x
*default*        0x00000000         0xffffffff

Linker script and memory map

Address of section .data set to 0x800100
LOAD C:/Program Files (x86)/Atmel/Studio/7.0/Packs/atmel/ATmega_DFP/1.2.209/gcc/dev/atmega1284p/avr51/crtatmega1284p.o
LOAD includes/BMP280_SPI/BMP280_SPI.o
LOAD includes/Ethernet/dnslkup.o
LOAD includes/Ethernet/enc28j60.o
LOAD includes/Ethernet/ip_arp_udp_tcp.o
LOAD includes/Ethernet/test_web_client.o
LOAD includes/Ethernet/websrv_help_functions.o
LOAD includes/FatFs/ff.o
LOAD includes/FatFs/mmc_avr.o
LOAD includes/HIH8120/hih8120.o
LOAD includes/I2C/twimaster.o
LOAD includes/NokiaLCD/nokia.o
LOAD includes/RTC/rtc.o
LOAD includes/SpaceInvaders/Space.o
LOAD includes/SPI/SPI.o
LOAD includes/UART/uart.o
LOAD includes/WindSpeed/windSpeed.o
LOAD main.o
START GROUP
LOAD c:/program files (x86)/atmel/studio/7.0/toolchain/avr8/avr8-gnu-toolchain/bin/../lib/gcc/avr/5.4.0/../../../../avr/lib/avr51\libm.a
END GROUP
START GROUP
LOAD c:/program files (x86)/atmel/studio/7.0/toolchain/avr8/avr8-gnu-toolchain/bin/../lib/gcc/avr/5.4.0/avr51\libgcc.a
LOAD c:/program files (x86)/atmel/studio/7.0/toolchain/avr8/avr8-gnu-toolchain/bin/../lib/gcc/avr/5.4.0/../../../../avr/lib/avr51\libm.a
LOAD c:/program files (x86)/atmel/studio/7.0/toolchain/avr8/avr8-gnu-toolchain/bin/../lib/gcc/avr/5.4.0/../../../../avr/lib/avr51\libc.a
LOAD C:/Program Files (x86)/Atmel/Studio/7.0/Packs/atmel/ATmega_DFP/1.2.209/gcc/dev/atmega1284p/avr51\libatmega1284p.a
END GROUP
                0x00020000                __TEXT_REGION_LENGTH__ = DEFINED (__TEXT_REGION_LENGTH__)?__TEXT_REGION_LENGTH__:0x20000
                0x0000ff00                __DATA_REGION_LENGTH__ = DEFINED (__DATA_REGION_LENGTH__)?__DATA_REGION_LENGTH__:0xff00
                0x00010000                __EEPROM_REGION_LENGTH__ = DEFINED (__EEPROM_REGION_LENGTH__)?__EEPROM_REGION_LENGTH__:0x10000
                [0x00000003]                __FUSE_REGION_LENGTH__ = DEFINED (__FUSE_REGION_LENGTH__)?__FUSE_REGION_LENGTH__:0x400
                0x00000400                __LOCK_REGION_LENGTH__ = DEFINED (__LOCK_REGION_LENGTH__)?__LOCK_REGION_LENGTH__:0x400
                0x00000400                __SIGNATURE_REGION_LENGTH__ = DEFINED (__SIGNATURE_REGION_LENGTH__)?__SIGNATURE_REGION_LENGTH__:0x400
                0x00000400                __USER_SIGNATURE_REGION_LENGTH__ = DEFINED (__USER_SIGNATURE_REGION_LENGTH__)?__USER_SIGNATURE_REGION_LENGTH__:0x400

.hash
 *(.hash)

.dynsym
 *(.dynsym)

.dynstr
 *(.dynstr)

.gnu.version
 *(.gnu.version)

.gnu.version_d
 *(.gnu.version_d)

.gnu.version_r
 *(.gnu.version_r)

.rel.init
 *(.rel.init)

.rela.init
 *(.rela.init)

.rel.text
 *(.rel.text)
 *(.rel.text.*)
 *(.rel.gnu.linkonce.t*)

.rela.text
 *(.rela.text)
 *(.rela.text.*)
 *(.rela.gnu.linkonce.t*)

.rel.fini
 *(.rel.fini)

.rela.fini
 *(.rela.fini)

.rel.rodata
 *(.rel.rodata)
 *(.rel.rodata.*)
 *(.rel.gnu.linkonce.r*)

.rela.rodata
 *(.rela.rodata)
 *(.rela.rodata.*)
 *(.rela.gnu.linkonce.r*)

.rel.data
 *(.rel.data)
 *(.rel.data.*)
 *(.rel.gnu.linkonce.d*)

.rela.data
 *(.rela.data)
 *(.rela.data.*)
 *(.rela.gnu.linkonce.d*)

.rel.ctors
 *(.rel.ctors)

.rela.ctors
 *(.rela.ctors)

.rel.dtors
 *(.rel.dtors)

.rela.dtors
 *(.rela.dtors)

.rel.got
 *(.rel.got)

.rela.got
 *(.rela.got)

.rel.bss
 *(.rel.bss)

.rela.bss
 *(.rela.bss)

.rel.plt
 *(.rel.plt)

.rela.plt
 *(.rela.plt)

.text           0x00000000     0x9f20
 *(.vectors)
 .vectors       0x00000000       0x8c C:/Program Files (x86)/Atmel/Studio/7.0/Packs/atmel/ATmega_DFP/1.2.209/gcc/dev/atmega1284p/avr51/crtatmega1284p.o
                0x00000000                __vector_default
                0x00000000                __vectors
 *(.vectors)
 *(.progmem.gcc*)
 .progmem.gcc_sw_table.disk_ioctl
                0x0000008c       0x6e includes/FatFs/mmc_avr.o
                0x000000fa                . = ALIGN (0x2)
                0x000000fa                __trampolines_start = .
 *(.trampolines)
 .trampolines   0x000000fa        0x0 linker stubs
 *(.trampolines*)
                0x000000fa                __trampolines_end = .
 *libprintf_flt.a:*(.progmem.data)
 *libc.a:*(.progmem.data)
 .progmem.data  0x000000fa        0xc c:/program files (x86)/atmel/studio/7.0/toolchain/avr8/avr8-gnu-toolchain/bin/../lib/gcc/avr/5.4.0/../../../../avr/lib/avr51\libc.a(vfscanf_std.o)
 .progmem.data  0x00000106       0xfa c:/program files (x86)/atmel/studio/7.0/toolchain/avr8/avr8-gnu-toolchain/bin/../lib/gcc/avr/5.4.0/../../../../avr/lib/avr51\libc.a(ftoa_engine.o)
 *(.progmem*)
 .progmem.data.__c.2463
                0x00000200       0x36 includes/Ethernet/ip_arp_udp_tcp.o
 .progmem.data.__c.2461
                0x00000236       0x11 includes/Ethernet/ip_arp_udp_tcp.o
 .progmem.data.__c.2459
                0x00000247       0x25 includes/Ethernet/ip_arp_udp_tcp.o
 .progmem.data.__c.2457
                0x0000026c        0x3 includes/Ethernet/ip_arp_udp_tcp.o
 .progmem.data.__c.2455
                0x0000026f       0x12 includes/Ethernet/ip_arp_udp_tcp.o
 .progmem.data.__c.2453
                0x00000281        0x6 includes/Ethernet/ip_arp_udp_tcp.o
 .progmem.data.__c.2451
                0x00000287       0x2d includes/Ethernet/ip_arp_udp_tcp.o
 .progmem.data.__c.2449
                0x000002b4       0x12 includes/Ethernet/ip_arp_udp_tcp.o
 .progmem.data.__c.2447
                0x000002c6        0x5 includes/Ethernet/ip_arp_udp_tcp.o
 .progmem.data.arpreqhdr
                0x000002cb        0x8 includes/Ethernet/ip_arp_udp_tcp.o
                0x000002cb                arpreqhdr
 .progmem.data.iphdr
                0x000002d3        0x9 includes/Ethernet/ip_arp_udp_tcp.o
                0x000002d3                iphdr
 .progmem.data.__c.2935
                0x000002dc       0x13 includes/Ethernet/test_web_client.o
 .progmem.data.__c.2933
                0x000002ef       0x19 includes/Ethernet/test_web_client.o
 .progmem.data.__c.2931
                0x00000308       0x1f includes/Ethernet/test_web_client.o
 .progmem.data.__c.2929
                0x00000327        0x7 includes/Ethernet/test_web_client.o
 .progmem.data.__c.2926
                0x0000032e       0x50 includes/Ethernet/test_web_client.o
 .progmem.data.__c.2922
                0x0000037e       0x10 includes/Ethernet/test_web_client.o
 .progmem.data.__c.2907
                0x0000038e        0x7 includes/Ethernet/test_web_client.o
 .progmem.data.__c.2905
                0x00000395       0x10 includes/Ethernet/test_web_client.o
 .progmem.data.__c.2903
                0x000003a5       0x28 includes/Ethernet/test_web_client.o
 .progmem.data.__c.2901
                0x000003cd       0x5c includes/Ethernet/test_web_client.o
 .progmem.data.__c.2899
                0x00000429        0xb includes/Ethernet/test_web_client.o
 .progmem.data.__c.2897
                0x00000434       0x6c includes/Ethernet/test_web_client.o
 .progmem.data.__c.2895
                0x000004a0        0xd includes/Ethernet/test_web_client.o
 .progmem.data.__c.2893
                0x000004ad       0x51 includes/Ethernet/test_web_client.o
 .progmem.data.__c.2891
                0x000004fe        0x7 includes/Ethernet/test_web_client.o
 .progmem.data.__c.2889
                0x00000505       0x52 includes/Ethernet/test_web_client.o
 .progmem.data.__c.2887
                0x00000557        0xd includes/Ethernet/test_web_client.o
 .progmem.data.__c.2885
                0x00000564       0x51 includes/Ethernet/test_web_client.o
 .progmem.data.__c.2883
                0x000005b5        0x7 includes/Ethernet/test_web_client.o
 .progmem.data.__c.2881
                0x000005bc       0x56 includes/Ethernet/test_web_client.o
 .progmem.data.__c.2879
                0x00000612        0xd includes/Ethernet/test_web_client.o
 .progmem.data.__c.2877
                0x0000061f       0x50 includes/Ethernet/test_web_client.o
 .progmem.data.__c.2875
                0x0000066f        0x7 includes/Ethernet/test_web_client.o
 .progmem.data.__c.2873
                0x00000676       0x54 includes/Ethernet/test_web_client.o
 .progmem.data.__c.2871
                0x000006ca       0x26 includes/Ethernet/test_web_client.o
 .progmem.data.__c.2869
                0x000006f0       0x3a includes/Ethernet/test_web_client.o
 .progmem.data.__c.2867
                0x0000072a       0x3c includes/Ethernet/test_web_client.o
 .progmem.data.__c.2865
                0x00000766        0xa includes/Ethernet/test_web_client.o
 .progmem.data.__c.2863
                0x00000770       0x28 includes/Ethernet/test_web_client.o
 .progmem.data.__c.2861
                0x00000798       0x20 includes/Ethernet/test_web_client.o
 .progmem.data.__c.2859
                0x000007b8       0x1d includes/Ethernet/test_web_client.o
 .progmem.data.__c.2857
                0x000007d5       0x6a includes/Ethernet/test_web_client.o
 .progmem.data.__c.2855
                0x0000083f       0x6e includes/Ethernet/test_web_client.o
 .progmem.data.__c.2853
                0x000008ad        0x9 includes/Ethernet/test_web_client.o
 .progmem.data.__c.2851
                0x000008b6        0x8 includes/Ethernet/test_web_client.o
 .progmem.data.__c.2839
                0x000008be        0x7 includes/Ethernet/test_web_client.o
 .progmem.data.__c.2837
                0x000008c5       0x10 includes/Ethernet/test_web_client.o
 .progmem.data.__c.2835
                0x000008d5       0x28 includes/Ethernet/test_web_client.o
 .progmem.data.__c.2833
                0x000008fd       0x5c includes/Ethernet/test_web_client.o
 .progmem.data.__c.2831
                0x00000959        0xa includes/Ethernet/test_web_client.o
 .progmem.data.__c.2829
                0x00000963       0x7f includes/Ethernet/test_web_client.o
 .progmem.data.__c.2827
                0x000009e2       0x5e includes/Ethernet/test_web_client.o
 .progmem.data.__c.2825
                0x00000a40       0x10 includes/Ethernet/test_web_client.o
 .progmem.data.__c.2823
                0x00000a50       0x40 includes/Ethernet/test_web_client.o
 .progmem.data.__c.2821
                0x00000a90       0x10 includes/Ethernet/test_web_client.o
 .progmem.data.__c.2819
                0x00000aa0       0x49 includes/Ethernet/test_web_client.o
 .progmem.data.__c.2817
                0x00000ae9       0x10 includes/Ethernet/test_web_client.o
 .progmem.data.__c.2815
                0x00000af9       0x38 includes/Ethernet/test_web_client.o
 .progmem.data.__c.2812
                0x00000b31       0x10 includes/Ethernet/test_web_client.o
 .progmem.data.__c.2810
                0x00000b41       0x3f includes/Ethernet/test_web_client.o
 .progmem.data.__c.2808
                0x00000b80       0x10 includes/Ethernet/test_web_client.o
 .progmem.data.__c.2806
                0x00000b90       0x45 includes/Ethernet/test_web_client.o
 .progmem.data.__c.2804
                0x00000bd5       0x10 includes/Ethernet/test_web_client.o
 .progmem.data.__c.2802
                0x00000be5       0x61 includes/Ethernet/test_web_client.o
 .progmem.data.__c.2800
                0x00000c46       0x1e includes/Ethernet/test_web_client.o
 .progmem.data.__c.2798
                0x00000c64       0x3c includes/Ethernet/test_web_client.o
 .progmem.data.__c.2796
                0x00000ca0        0xa includes/Ethernet/test_web_client.o
 .progmem.data.__c.2794
                0x00000caa       0x28 includes/Ethernet/test_web_client.o
 .progmem.data.__c.2792
                0x00000cd2       0x20 includes/Ethernet/test_web_client.o
 .progmem.data.__c.2790
                0x00000cf2       0x1d includes/Ethernet/test_web_client.o
 .progmem.data.__c.2788
                0x00000d0f       0x6a includes/Ethernet/test_web_client.o
 .progmem.data.__c.2786
                0x00000d79       0x6e includes/Ethernet/test_web_client.o
 .progmem.data.__c.2784
                0x00000de7        0x9 includes/Ethernet/test_web_client.o
 .progmem.data.__c.2782
                0x00000df0        0x8 includes/Ethernet/test_web_client.o
 .progmem.data.__c.2773
                0x00000df8        0x7 includes/Ethernet/test_web_client.o
 .progmem.data.__c.2771
                0x00000dff       0x10 includes/Ethernet/test_web_client.o
 .progmem.data.__c.2769
                0x00000e0f       0x28 includes/Ethernet/test_web_client.o
 .progmem.data.__c.2767
                0x00000e37       0x63 includes/Ethernet/test_web_client.o
 .progmem.data.__c.2765
                0x00000e9a       0x64 includes/Ethernet/test_web_client.o
 .progmem.data.__c.2763
                0x00000efe       0x13 includes/Ethernet/test_web_client.o
 .progmem.data.__c.2761
                0x00000f11        0xc includes/Ethernet/test_web_client.o
 .progmem.data.__c.2759
                0x00000f1d       0x20 includes/Ethernet/test_web_client.o
 .progmem.data.__c.2757
                0x00000f3d       0x20 includes/Ethernet/test_web_client.o
 .progmem.data.__c.2755
                0x00000f5d       0x17 includes/Ethernet/test_web_client.o
 .progmem.data.__c.2753
                0x00000f74       0x10 includes/Ethernet/test_web_client.o
 .progmem.data.__c.2751
                0x00000f84       0x17 includes/Ethernet/test_web_client.o
 .progmem.data.__c.2749
                0x00000f9b       0x12 includes/Ethernet/test_web_client.o
 .progmem.data.__c.2747
                0x00000fad       0x17 includes/Ethernet/test_web_client.o
 .progmem.data.__c.2745
                0x00000fc4        0xf includes/Ethernet/test_web_client.o
 .progmem.data.__c.2743
                0x00000fd3       0x14 includes/Ethernet/test_web_client.o
 .progmem.data.__c.2741
                0x00000fe7        0xe includes/Ethernet/test_web_client.o
 .progmem.data.__c.2739
                0x00000ff5       0x15 includes/Ethernet/test_web_client.o
 .progmem.data.__c.2737
                0x0000100a       0x15 includes/Ethernet/test_web_client.o
 .progmem.data.__c.2735
                0x0000101f       0x18 includes/Ethernet/test_web_client.o
 .progmem.data.__c.2733
                0x00001037       0x20 includes/Ethernet/test_web_client.o
 .progmem.data.__c.2731
                0x00001057       0x3c includes/Ethernet/test_web_client.o
 .progmem.data.__c.2729
                0x00001093        0xa includes/Ethernet/test_web_client.o
 .progmem.data.__c.2727
                0x0000109d       0x28 includes/Ethernet/test_web_client.o
 .progmem.data.__c.2725
                0x000010c5       0x20 includes/Ethernet/test_web_client.o
 .progmem.data.__c.2723
                0x000010e5       0x1d includes/Ethernet/test_web_client.o
 .progmem.data.__c.2721
                0x00001102       0x6a includes/Ethernet/test_web_client.o
 .progmem.data.__c.2719
                0x0000116c       0x6e includes/Ethernet/test_web_client.o
 .progmem.data.__c.2717
                0x000011da        0x9 includes/Ethernet/test_web_client.o
 .progmem.data.__c.2715
                0x000011e3        0x8 includes/Ethernet/test_web_client.o
 .progmem.data.__c.2705
                0x000011eb       0x3f includes/Ethernet/test_web_client.o
 .progmem.data.__c.2618
                0x0000122a       0x1a includes/SpaceInvaders/Space.o
 .progmem.data.SplashScreen
                0x00001244      0x1f8 includes/SpaceInvaders/Space.o
                0x00001244                SplashScreen
 .progmem.data.__c.2828
                0x0000143c       0x17 main.o
 .progmem.data.__c.2823
                0x00001453       0x16 main.o
                0x0000146a                . = ALIGN (0x2)
 *fill*         0x00001469        0x1 
 *(.jumptables)
 *(.jumptables*)
 *(.lowtext)
 *(.lowtext*)
                0x0000146a                __ctors_start = .
 *(.ctors)
                0x0000146a                __ctors_end = .
                0x0000146a                __dtors_start = .
 *(.dtors)
                0x0000146a                __dtors_end = .
 SORT(*)(.ctors)
 SORT(*)(.dtors)
 *(.init0)
 .init0         0x0000146a        0x0 C:/Program Files (x86)/Atmel/Studio/7.0/Packs/atmel/ATmega_DFP/1.2.209/gcc/dev/atmega1284p/avr51/crtatmega1284p.o
                0x0000146a                __init
 *(.init0)
 *(.init1)
 *(.init1)
 *(.init2)
 .init2         0x0000146a        0xc C:/Program Files (x86)/Atmel/Studio/7.0/Packs/atmel/ATmega_DFP/1.2.209/gcc/dev/atmega1284p/avr51/crtatmega1284p.o
 *(.init2)
 *(.init3)
 .init3         0x00001476       0x18 main.o
                0x00001476                wdt_init
 *(.init3)
 *(.init4)
 .init4         0x0000148e       0x1a c:/program files (x86)/atmel/studio/7.0/toolchain/avr8/avr8-gnu-toolchain/bin/../lib/gcc/avr/5.4.0/avr51\libgcc.a(_copy_data.o)
                0x0000148e                __do_copy_data
 .init4         0x000014a8       0x10 c:/program files (x86)/atmel/studio/7.0/toolchain/avr8/avr8-gnu-toolchain/bin/../lib/gcc/avr/5.4.0/avr51\libgcc.a(_clear_bss.o)
                0x000014a8                __do_clear_bss
 *(.init4)
 *(.init5)
 *(.init5)
 *(.init6)
 *(.init6)
 *(.init7)
 *(.init7)
 *(.init8)
 *(.init8)
 *(.init9)
 .init9         0x000014b8        0x8 C:/Program Files (x86)/Atmel/Studio/7.0/Packs/atmel/ATmega_DFP/1.2.209/gcc/dev/atmega1284p/avr51/crtatmega1284p.o
 *(.init9)
 *(.text)
 .text          0x000014c0        0x4 C:/Program Files (x86)/Atmel/Studio/7.0/Packs/atmel/ATmega_DFP/1.2.209/gcc/dev/atmega1284p/avr51/crtatmega1284p.o
                0x000014c0                __vector_22
                0x000014c0                __vector_28
                0x000014c0                __vector_1
                0x000014c0                __vector_32
                0x000014c0                __vector_34
                0x000014c0                __vector_24
                0x000014c0                __bad_interrupt
                0x000014c0                __vector_31
                0x000014c0                __vector_3
                0x000014c0                __vector_23
                0x000014c0                __vector_30
                0x000014c0                __vector_25
                0x000014c0                __vector_11
                0x000014c0                __vector_13
                0x000014c0                __vector_17
                0x000014c0                __vector_19
                0x000014c0                __vector_7
                0x000014c0                __vector_27
                0x000014c0                __vector_5
                0x000014c0                __vector_33
                0x000014c0                __vector_4
                0x000014c0                __vector_2
                0x000014c0                __vector_21
                0x000014c0                __vector_15
                0x000014c0                __vector_29
                0x000014c0                __vector_26
                0x000014c0                __vector_14
                0x000014c0                __vector_10
                0x000014c0                __vector_16
                0x000014c0                __vector_18
                0x000014c0                __vector_20
                0x000014c4                . = ALIGN (0x2)
 *(.text.*)
 .text.bmp280_init
                0x000014c4       0xd4 includes/BMP280_SPI/BMP280_SPI.o
                0x000014c4                bmp280_init
 .text.bmp280_readPressure
                0x00001598      0x4ca includes/BMP280_SPI/BMP280_SPI.o
                0x00001598                bmp280_readPressure
 .text.udp_client_check_for_dns_answer
                0x00001a62      0x104 includes/Ethernet/dnslkup.o
                0x00001a62                udp_client_check_for_dns_answer
 .text.enc28j60ReadOp
                0x00001b66       0x2a includes/Ethernet/enc28j60.o
                0x00001b66                enc28j60ReadOp
 .text.enc28j60WriteOp
                0x00001b90       0x1a includes/Ethernet/enc28j60.o
                0x00001b90                enc28j60WriteOp
 .text.enc28j60ReadBuffer
                0x00001baa       0x34 includes/Ethernet/enc28j60.o
                0x00001baa                enc28j60ReadBuffer
 .text.enc28j60WriteBuffer
                0x00001bde       0x32 includes/Ethernet/enc28j60.o
                0x00001bde                enc28j60WriteBuffer
 .text.enc28j60SetBank
                0x00001c10       0x4a includes/Ethernet/enc28j60.o
                0x00001c10                enc28j60SetBank
 .text.enc28j60Read
                0x00001c5a       0x10 includes/Ethernet/enc28j60.o
                0x00001c5a                enc28j60Read
 .text.enc28j60Write
                0x00001c6a       0x18 includes/Ethernet/enc28j60.o
                0x00001c6a                enc28j60Write
 .text.enc28j60PhyRead
                0x00001c82       0x38 includes/Ethernet/enc28j60.o
                0x00001c82                enc28j60PhyRead
 .text.enc28j60PhyWrite
                0x00001cba       0x32 includes/Ethernet/enc28j60.o
                0x00001cba                enc28j60PhyWrite
 .text.enc28j60clkout
                0x00001cec        0xa includes/Ethernet/enc28j60.o
                0x00001cec                enc28j60clkout
 .text.enc28j60Init
                0x00001cf6       0xf4 includes/Ethernet/enc28j60.o
                0x00001cf6                enc28j60Init
 .text.enc28j60linkup
                0x00001dea        0xc includes/Ethernet/enc28j60.o
                0x00001dea                enc28j60linkup
 .text.enc28j60PacketSend
                0x00001df6       0x68 includes/Ethernet/enc28j60.o
                0x00001df6                enc28j60PacketSend
 .text.enc28j60PacketReceive
                0x00001e5e       0xe8 includes/Ethernet/enc28j60.o
                0x00001e5e                enc28j60PacketReceive
 .text.www_client_internal_result_callback
                0x00001f46      0x104 includes/Ethernet/ip_arp_udp_tcp.o
                0x00001f46                www_client_internal_result_callback
 .text.checksum
                0x0000204a       0xec includes/Ethernet/ip_arp_udp_tcp.o
                0x0000204a                checksum
 .text.init_mac
                0x00002136       0x16 includes/Ethernet/ip_arp_udp_tcp.o
                0x00002136                init_mac
 .text.route_via_gw
                0x0000214c       0x46 includes/Ethernet/ip_arp_udp_tcp.o
                0x0000214c                route_via_gw
 .text.check_ip_message_is_from
                0x00002192       0x2e includes/Ethernet/ip_arp_udp_tcp.o
                0x00002192                check_ip_message_is_from
 .text.eth_type_is_arp_and_my_ip
                0x000021c0       0x4c includes/Ethernet/ip_arp_udp_tcp.o
                0x000021c0                eth_type_is_arp_and_my_ip
 .text.eth_type_is_ip_and_my_ip
                0x0000220c       0x54 includes/Ethernet/ip_arp_udp_tcp.o
                0x0000220c                eth_type_is_ip_and_my_ip
 .text.make_eth
                0x00002260       0x1c includes/Ethernet/ip_arp_udp_tcp.o
                0x00002260                make_eth
 .text.fill_ip_hdr_checksum
                0x0000227c       0x28 includes/Ethernet/ip_arp_udp_tcp.o
                0x0000227c                fill_ip_hdr_checksum
 .text.make_ip  0x000022a4       0x22 includes/Ethernet/ip_arp_udp_tcp.o
                0x000022a4                make_ip
 .text.step_seq
                0x000022c6       0x26 includes/Ethernet/ip_arp_udp_tcp.o
                0x000022c6                step_seq
 .text.make_tcphead
                0x000022ec       0x28 includes/Ethernet/ip_arp_udp_tcp.o
                0x000022ec                make_tcphead
 .text.make_arp_answer_from_request
                0x00002314       0x50 includes/Ethernet/ip_arp_udp_tcp.o
                0x00002314                make_arp_answer_from_request
 .text.make_echo_reply_from_request
                0x00002364       0x34 includes/Ethernet/ip_arp_udp_tcp.o
                0x00002364                make_echo_reply_from_request
 .text.get_tcp_data_len
                0x00002398       0x30 includes/Ethernet/ip_arp_udp_tcp.o
                0x00002398                get_tcp_data_len
 .text.fill_tcp_data_p
                0x000023c8       0x2c includes/Ethernet/ip_arp_udp_tcp.o
                0x000023c8                fill_tcp_data_p
 .text.fill_tcp_data_len
                0x000023f4       0x2c includes/Ethernet/ip_arp_udp_tcp.o
                0x000023f4                fill_tcp_data_len
 .text.fill_tcp_data
                0x00002420       0x14 includes/Ethernet/ip_arp_udp_tcp.o
                0x00002420                fill_tcp_data
 .text.www_client_internal_datafill_callback
                0x00002434      0x184 includes/Ethernet/ip_arp_udp_tcp.o
                0x00002434                www_client_internal_datafill_callback
 .text.make_tcp_ack_from_any
                0x000025b8       0x6e includes/Ethernet/ip_arp_udp_tcp.o
                0x000025b8                make_tcp_ack_from_any
 .text.make_tcp_ack_with_data_noflags
                0x00002626       0x40 includes/Ethernet/ip_arp_udp_tcp.o
                0x00002626                make_tcp_ack_with_data_noflags
 .text.init_udp_or_www_server
                0x00002666       0x28 includes/Ethernet/ip_arp_udp_tcp.o
                0x00002666                init_udp_or_www_server
 .text.www_server_port
                0x0000268e        0xa includes/Ethernet/ip_arp_udp_tcp.o
                0x0000268e                www_server_port
 .text.make_tcp_synack_from_syn
                0x00002698       0x68 includes/Ethernet/ip_arp_udp_tcp.o
                0x00002698                make_tcp_synack_from_syn
 .text.www_server_reply
                0x00002700       0x2c includes/Ethernet/ip_arp_udp_tcp.o
                0x00002700                www_server_reply
 .text.fill_buf_p
                0x0000272c       0x1c includes/Ethernet/ip_arp_udp_tcp.o
                0x0000272c                fill_buf_p
 .text.client_arp_whohas
                0x00002748       0x9c includes/Ethernet/ip_arp_udp_tcp.o
                0x00002748                client_arp_whohas
 .text.get_mac_with_arp_wait
                0x000027e4        0xe includes/Ethernet/ip_arp_udp_tcp.o
                0x000027e4                get_mac_with_arp_wait
 .text.get_mac_with_arp
                0x000027f2       0x28 includes/Ethernet/ip_arp_udp_tcp.o
                0x000027f2                get_mac_with_arp
 .text.tcp_client_syn
                0x0000281a      0x102 includes/Ethernet/ip_arp_udp_tcp.o
                0x0000281a                tcp_client_syn
 .text.client_tcp_req
                0x0000291c       0x6c includes/Ethernet/ip_arp_udp_tcp.o
                0x0000291c                client_tcp_req
 .text.client_tcpSend
                0x00002988       0x6c includes/Ethernet/ip_arp_udp_tcp.o
                0x00002988                client_tcpSend
 .text.packetloop_arp_icmp_tcp
                0x000029f4      0x42a includes/Ethernet/ip_arp_udp_tcp.o
                0x000029f4                packetloop_arp_icmp_tcp
 .text.browserresult_callback
                0x00002e1e        0x2 includes/Ethernet/test_web_client.o
                0x00002e1e                browserresult_callback
 .text.arpresolver_result_callback
                0x00002e20       0x1c includes/Ethernet/test_web_client.o
                0x00002e20                arpresolver_result_callback
 .text.init_cnt2
                0x00002e3c       0x20 includes/Ethernet/test_web_client.o
                0x00002e3c                init_cnt2
 .text.__vector_9
                0x00002e5c       0x38 includes/Ethernet/test_web_client.o
                0x00002e5c                __vector_9
 .text.http200ok
                0x00002e94       0x10 includes/Ethernet/test_web_client.o
                0x00002e94                http200ok
 .text.print_webpage
                0x00002ea4      0x18c includes/Ethernet/test_web_client.o
                0x00002ea4                print_webpage
 .text.print_settings
                0x00003030      0x266 includes/Ethernet/test_web_client.o
                0x00003030                print_settings
 .text.print_rtc
                0x00003296      0x276 includes/Ethernet/test_web_client.o
                0x00003296                print_rtc
 .text.software_reset
                0x0000350c       0x1e includes/Ethernet/test_web_client.o
                0x0000350c                software_reset
 .text.analyse_get_url
                0x0000352a      0x2cc includes/Ethernet/test_web_client.o
                0x0000352a                analyse_get_url
 .text.Ether_SendPacket
                0x000037f6      0x286 includes/Ethernet/test_web_client.o
                0x000037f6                Ether_SendPacket
 .text.Ether_init
                0x00003a7c       0xec includes/Ethernet/test_web_client.o
                0x00003a7c                Ether_init
 .text.find_key_val
                0x00003b68       0xe6 includes/Ethernet/websrv_help_functions.o
                0x00003b68                find_key_val
 .text.parse_ip
                0x00003c4e       0xe0 includes/Ethernet/websrv_help_functions.o
                0x00003c4e                parse_ip
 .text.mem_cpy  0x00003d2e       0x58 includes/FatFs/ff.o
 .text.get_ldnumber
                0x00003d86       0x6e includes/FatFs/ff.o
 .text.sync_window
                0x00003df4       0xd6 includes/FatFs/ff.o
 .text.move_window
                0x00003eca       0x7a includes/FatFs/ff.o
 .text.check_fs
                0x00003f44       0x74 includes/FatFs/ff.o
 .text.validate
                0x00003fb8       0x4a includes/FatFs/ff.o
 .text.find_volume
                0x00004002      0x5d0 includes/FatFs/ff.o
 .text.clust2sect
                0x000045d2       0x50 includes/FatFs/ff.o
                0x000045d2                clust2sect
 .text.get_fat  0x00004622      0x1c6 includes/FatFs/ff.o
                0x00004622                get_fat
 .text.dir_sdi  0x000047e8      0x174 includes/FatFs/ff.o
 .text.put_fat  0x0000495c      0x246 includes/FatFs/ff.o
                0x0000495c                put_fat
 .text.create_chain
                0x00004ba2      0x200 includes/FatFs/ff.o
 .text.dir_next
                0x00004da2      0x26a includes/FatFs/ff.o
 .text.f_mount  0x0000500c       0xa6 includes/FatFs/ff.o
                0x0000500c                f_mount
 .text.f_open   0x000050b2      0x666 includes/FatFs/ff.o
                0x000050b2                f_open
 .text.f_write  0x00005718      0x334 includes/FatFs/ff.o
                0x00005718                f_write
 .text.f_sync   0x00005a4c      0x14c includes/FatFs/ff.o
                0x00005a4c                f_sync
 .text.f_close  0x00005b98       0x20 includes/FatFs/ff.o
                0x00005b98                f_close
 .text.f_lseek  0x00005bb8      0x38e includes/FatFs/ff.o
                0x00005bb8                f_lseek
 .text.deselect
                0x00005f46        0xa includes/FatFs/mmc_avr.o
 .text.select   0x00005f50       0x2e includes/FatFs/mmc_avr.o
 .text.send_cmd
                0x00005f7e       0xcc includes/FatFs/mmc_avr.o
 .text.rcvr_datablock
                0x0000604a       0x7a includes/FatFs/mmc_avr.o
 .text.xmit_datablock
                0x000060c4       0x84 includes/FatFs/mmc_avr.o
 .text.disk_initialize
                0x00006148      0x174 includes/FatFs/mmc_avr.o
                0x00006148                disk_initialize
 .text.disk_status
                0x000062bc        0xe includes/FatFs/mmc_avr.o
                0x000062bc                disk_status
 .text.disk_read
                0x000062ca       0xa4 includes/FatFs/mmc_avr.o
                0x000062ca                disk_read
 .text.disk_write
                0x0000636e       0xdc includes/FatFs/mmc_avr.o
                0x0000636e                disk_write
 .text.disk_ioctl
                0x0000644a      0x342 includes/FatFs/mmc_avr.o
                0x0000644a                disk_ioctl
 .text.hih8120_measure
                0x0000678c       0xc0 includes/HIH8120/hih8120.o
                0x0000678c                hih8120_measure
 .text.i2c_init
                0x0000684c       0x12 includes/I2C/twimaster.o
                0x0000684c                i2c_init
 .text.rtc_I2C_Start
                0x0000685e       0x12 includes/I2C/twimaster.o
                0x0000685e                rtc_I2C_Start
 .text.i2c_stop
                0x00006870       0x12 includes/I2C/twimaster.o
                0x00006870                i2c_stop
 .text.i2c_write
                0x00006882       0x24 includes/I2C/twimaster.o
                0x00006882                i2c_write
 .text.i2c_readAck
                0x000068a6       0x16 includes/I2C/twimaster.o
                0x000068a6                i2c_readAck
 .text.i2c_readNak
                0x000068bc       0x16 includes/I2C/twimaster.o
                0x000068bc                i2c_readNak
 .text.N5110_Cmnd
                0x000068d2        0xc includes/NokiaLCD/nokia.o
                0x000068d2                N5110_Cmnd
 .text.N5110_Data
                0x000068de       0x7e includes/NokiaLCD/nokia.o
                0x000068de                N5110_Data
 .text.N5110_Reset
                0x0000695c       0x18 includes/NokiaLCD/nokia.o
                0x0000695c                N5110_Reset
 .text.N5110_init
                0x00006974       0x52 includes/NokiaLCD/nokia.o
                0x00006974                N5110_init
 .text.lcd_setXY
                0x000069c6        0xe includes/NokiaLCD/nokia.o
                0x000069c6                lcd_setXY
 .text.N5110_clear
                0x000069d4       0x1e includes/NokiaLCD/nokia.o
                0x000069d4                N5110_clear
 .text.N5110_image
                0x000069f2       0x48 includes/NokiaLCD/nokia.o
                0x000069f2                N5110_image
 .text.printPage
                0x00006a3a      0x196 includes/NokiaLCD/nokia.o
                0x00006a3a                printPage
 .text.RTC_SetDateTime
                0x00006bd0      0x136 includes/RTC/rtc.o
                0x00006bd0                RTC_SetDateTime
 .text.RTC_GetDateTime
                0x00006d06       0xda includes/RTC/rtc.o
                0x00006d06                RTC_GetDateTime
 .text.resetEnemy
                0x00006de0       0x2c includes/SpaceInvaders/Space.o
 .text.gameover
                0x00006e0c       0xaa includes/SpaceInvaders/Space.o
 .text.__vector_8
                0x00006eb6       0x22 includes/SpaceInvaders/Space.o
                0x00006eb6                __vector_8
 .text.prevent_wdt_reset
                0x00006ed8       0x1a includes/SpaceInvaders/Space.o
                0x00006ed8                prevent_wdt_reset
 .text.SpaceStart
                0x00006ef2      0x4b4 includes/SpaceInvaders/Space.o
                0x00006ef2                SpaceStart
 .text.spi_init_master
                0x000073a6        0xa includes/SPI/SPI.o
                0x000073a6                spi_init_master
 .text.spi_rwSPI
                0x000073b0        0xc includes/SPI/SPI.o
                0x000073b0                spi_rwSPI
 .text.spi_BurstRead
                0x000073bc       0x5a includes/SPI/SPI.o
                0x000073bc                spi_BurstRead
 .text.spi_read16
                0x00007416       0x3e includes/SPI/SPI.o
                0x00007416                spi_read16
 .text.spi_readS16
                0x00007454        0x4 includes/SPI/SPI.o
                0x00007454                spi_readS16
 .text.wind_initWindSpeed
                0x00007458       0x30 includes/WindSpeed/windSpeed.o
                0x00007458                wind_initWindSpeed
 .text.wind_measureFrequency
                0x00007488       0x5a includes/WindSpeed/windSpeed.o
                0x00007488                wind_measureFrequency
 .text.__vector_12
                0x000074e2       0x60 includes/WindSpeed/windSpeed.o
                0x000074e2                __vector_12
 .text.getInput
                0x00007542       0x52 main.o
 .text.adc_read
                0x00007594       0x20 main.o
                0x00007594                adc_read
 .text.stringToIntArray
                0x000075b4       0xa0 main.o
                0x000075b4                stringToIntArray
 .text.__vector_6
                0x00007654       0xd2 main.o
                0x00007654                __vector_6
 .text.main     0x00007726      0x784 main.o
                0x00007726                main
 .text.avr-libc.fplib
                0x00007eaa        0xa c:/program files (x86)/atmel/studio/7.0/toolchain/avr8/avr8-gnu-toolchain/bin/../lib/gcc/avr/5.4.0/../../../../avr/lib/avr51\libm.a(addsf3.o)
                0x00007eaa                __subsf3
                0x00007eac                __addsf3
 .text.avr-libc.fplib
                0x00007eb4       0xc0 c:/program files (x86)/atmel/studio/7.0/toolchain/avr8/avr8-gnu-toolchain/bin/../lib/gcc/avr/5.4.0/../../../../avr/lib/avr51\libm.a(addsf3x.o)
                0x00007ece                __addsf3x
 .text.avr-libc.fplib
                0x00007f74        0x8 c:/program files (x86)/atmel/studio/7.0/toolchain/avr8/avr8-gnu-toolchain/bin/../lib/gcc/avr/5.4.0/../../../../avr/lib/avr51\libm.a(cmpsf2.o)
                0x00007f74                __nesf2
                0x00007f74                __eqsf2
                0x00007f74                __cmpsf2
                0x00007f74                __ltsf2
                0x00007f74                __lesf2
 .text.avr-libc.fplib
                0x00007f7c        0x4 c:/program files (x86)/atmel/studio/7.0/toolchain/avr8/avr8-gnu-toolchain/bin/../lib/gcc/avr/5.4.0/../../../../avr/lib/avr51\libm.a(divsf3.o)
                0x00007f7c                __divsf3
 .text.avr-libc.fplib
                0x00007f80       0xcc c:/program files (x86)/atmel/studio/7.0/toolchain/avr8/avr8-gnu-toolchain/bin/../lib/gcc/avr/5.4.0/../../../../avr/lib/avr51\libm.a(divsf3x.o)
                0x00007f96                __divsf3x
                0x00007f9a                __divsf3_pse
 .text.avr-libc.fplib
                0x0000804c        0xa c:/program files (x86)/atmel/studio/7.0/toolchain/avr8/avr8-gnu-toolchain/bin/../lib/gcc/avr/5.4.0/../../../../avr/lib/avr51\libm.a(fixsfsi.o)
                0x0000804c                __fixsfsi
 .text.avr-libc.fplib
                0x00008056       0x58 c:/program files (x86)/atmel/studio/7.0/toolchain/avr8/avr8-gnu-toolchain/bin/../lib/gcc/avr/5.4.0/../../../../avr/lib/avr51\libm.a(fixunssfsi.o)
                0x00008056                __fixunssfsi
 .text.avr-libc.fplib
                0x000080ae        0x8 c:/program files (x86)/atmel/studio/7.0/toolchain/avr8/avr8-gnu-toolchain/bin/../lib/gcc/avr/5.4.0/../../../../avr/lib/avr51\libm.a(floatdisf.o)
                0x000080ae                __floatdisf
 .text.avr-libc.fplib
                0x000080b6       0x7a c:/program files (x86)/atmel/studio/7.0/toolchain/avr8/avr8-gnu-toolchain/bin/../lib/gcc/avr/5.4.0/../../../../avr/lib/avr51\libm.a(floatsisf.o)
                0x000080b6                __floatunsisf
                0x000080ba                __floatsisf
 .text.avr-libc.fplib
                0x00008130       0x7c c:/program files (x86)/atmel/studio/7.0/toolchain/avr8/avr8-gnu-toolchain/bin/../lib/gcc/avr/5.4.0/../../../../avr/lib/avr51\libm.a(floatundisf.o)
                0x00008130                __floatundisf
                0x00008132                __fp_di2sf
 .text.avr-libc.fplib
                0x000081ac       0x48 c:/program files (x86)/atmel/studio/7.0/toolchain/avr8/avr8-gnu-toolchain/bin/../lib/gcc/avr/5.4.0/../../../../avr/lib/avr51\libm.a(fp_cmp.o)
                0x000081ac                __fp_cmp
 .text.avr-libc.fplib
                0x000081f4        0xc c:/program files (x86)/atmel/studio/7.0/toolchain/avr8/avr8-gnu-toolchain/bin/../lib/gcc/avr/5.4.0/../../../../avr/lib/avr51\libm.a(fp_inf.o)
                0x000081f4                __fp_inf
 .text.avr-libc.fplib
                0x00008200        0x6 c:/program files (x86)/atmel/studio/7.0/toolchain/avr8/avr8-gnu-toolchain/bin/../lib/gcc/avr/5.4.0/../../../../avr/lib/avr51\libm.a(fp_nan.o)
                0x00008200                __fp_nan
 .text.avr-libc.fplib
                0x00008206       0x20 c:/program files (x86)/atmel/studio/7.0/toolchain/avr8/avr8-gnu-toolchain/bin/../lib/gcc/avr/5.4.0/../../../../avr/lib/avr51\libm.a(fp_negdi.o)
                0x00008206                __fp_negdi
 .text.avr-libc.fplib
                0x00008226        0xe c:/program files (x86)/atmel/studio/7.0/toolchain/avr8/avr8-gnu-toolchain/bin/../lib/gcc/avr/5.4.0/../../../../avr/lib/avr51\libm.a(fp_pscA.o)
                0x00008226                __fp_pscA
 .text.avr-libc.fplib
                0x00008234        0xe c:/program files (x86)/atmel/studio/7.0/toolchain/avr8/avr8-gnu-toolchain/bin/../lib/gcc/avr/5.4.0/../../../../avr/lib/avr51\libm.a(fp_pscB.o)
                0x00008234                __fp_pscB
 .text.avr-libc.fplib
                0x00008242       0x22 c:/program files (x86)/atmel/studio/7.0/toolchain/avr8/avr8-gnu-toolchain/bin/../lib/gcc/avr/5.4.0/../../../../avr/lib/avr51\libm.a(fp_round.o)
                0x00008242                __fp_round
 .text.avr-libc.fplib
                0x00008264       0x44 c:/program files (x86)/atmel/studio/7.0/toolchain/avr8/avr8-gnu-toolchain/bin/../lib/gcc/avr/5.4.0/../../../../avr/lib/avr51\libm.a(fp_split3.o)
                0x00008264                __fp_split3
                0x00008274                __fp_splitA
 .text.avr-libc.fplib
                0x000082a8        0xe c:/program files (x86)/atmel/studio/7.0/toolchain/avr8/avr8-gnu-toolchain/bin/../lib/gcc/avr/5.4.0/../../../../avr/lib/avr51\libm.a(fp_zero.o)
                0x000082a8                __fp_zero
                0x000082aa                __fp_szero
 .text.avr-libc.fplib
                0x000082b6        0x8 c:/program files (x86)/atmel/studio/7.0/toolchain/avr8/avr8-gnu-toolchain/bin/../lib/gcc/avr/5.4.0/../../../../avr/lib/avr51\libm.a(gesf2.o)
                0x000082b6                __gesf2
                0x000082b6                __gtsf2
 .text.avr-libc.fplib
                0x000082be        0x4 c:/program files (x86)/atmel/studio/7.0/toolchain/avr8/avr8-gnu-toolchain/bin/../lib/gcc/avr/5.4.0/../../../../avr/lib/avr51\libm.a(mulsf3.o)
                0x000082be                __mulsf3
 .text.avr-libc.fplib
                0x000082c2       0xc2 c:/program files (x86)/atmel/studio/7.0/toolchain/avr8/avr8-gnu-toolchain/bin/../lib/gcc/avr/5.4.0/../../../../avr/lib/avr51\libm.a(mulsf3x.o)
                0x000082d6                __mulsf3x
                0x000082da                __mulsf3_pse
 .text.libgcc.mul
                0x00008384       0x1e c:/program files (x86)/atmel/studio/7.0/toolchain/avr8/avr8-gnu-toolchain/bin/../lib/gcc/avr/5.4.0/avr51\libgcc.a(_mulsi3.o)
                0x00008384                __mulsi3
 .text.libgcc.div
                0x000083a2       0x26 c:/program files (x86)/atmel/studio/7.0/toolchain/avr8/avr8-gnu-toolchain/bin/../lib/gcc/avr/5.4.0/avr51\libgcc.a(_divmodhi4.o)
                0x000083a2                _div
                0x000083a2                __divmodhi4
 .text.libgcc.div
                0x000083c8       0x44 c:/program files (x86)/atmel/studio/7.0/toolchain/avr8/avr8-gnu-toolchain/bin/../lib/gcc/avr/5.4.0/avr51\libgcc.a(_udivmodsi4.o)
                0x000083c8                __udivmodsi4
 .text.libgcc.div
                0x0000840c       0x28 c:/program files (x86)/atmel/studio/7.0/toolchain/avr8/avr8-gnu-toolchain/bin/../lib/gcc/avr/5.4.0/avr51\libgcc.a(_divmodsi4.o)
                0x0000840c                __divmodsi4
 .text.libgcc.div
                0x00008434       0x10 c:/program files (x86)/atmel/studio/7.0/toolchain/avr8/avr8-gnu-toolchain/bin/../lib/gcc/avr/5.4.0/avr51\libgcc.a(_negsi2.o)
                0x00008434                __negsi2
 .text.libgcc   0x00008444       0x12 c:/program files (x86)/atmel/studio/7.0/toolchain/avr8/avr8-gnu-toolchain/bin/../lib/gcc/avr/5.4.0/avr51\libgcc.a(_tablejump2.o)
                0x00008444                __tablejump2__
 .text.libgcc.mul
                0x00008456       0x1e c:/program files (x86)/atmel/studio/7.0/toolchain/avr8/avr8-gnu-toolchain/bin/../lib/gcc/avr/5.4.0/avr51\libgcc.a(_umulhisi3.o)
                0x00008456                __umulhisi3
 .text.libgcc.mul
                0x00008474       0x14 c:/program files (x86)/atmel/studio/7.0/toolchain/avr8/avr8-gnu-toolchain/bin/../lib/gcc/avr/5.4.0/avr51\libgcc.a(_muluhisi3.o)
                0x00008474                __muluhisi3
 .text.libgcc.mul
                0x00008488        0xc c:/program files (x86)/atmel/studio/7.0/toolchain/avr8/avr8-gnu-toolchain/bin/../lib/gcc/avr/5.4.0/avr51\libgcc.a(_mulshisi3.o)
                0x00008488                __mulshisi3
                0x0000848c                __mulohisi3
 .text.libgcc.mul
                0x00008494       0x92 c:/program files (x86)/atmel/studio/7.0/toolchain/avr8/avr8-gnu-toolchain/bin/../lib/gcc/avr/5.4.0/avr51\libgcc.a(_muldi3.o)
                0x00008494                __muldi3
 .text.libgcc.mul
                0x00008526       0x10 c:/program files (x86)/atmel/studio/7.0/toolchain/avr8/avr8-gnu-toolchain/bin/../lib/gcc/avr/5.4.0/avr51\libgcc.a(_muldi3_6.o)
                0x00008526                __muldi3_6
 .text.libgcc.div
                0x00008536       0x56 c:/program files (x86)/atmel/studio/7.0/toolchain/avr8/avr8-gnu-toolchain/bin/../lib/gcc/avr/5.4.0/avr51\libgcc.a(_divdi3.o)
                0x00008536                __moddi3
                0x0000853a                __divdi3
                0x0000853c                __divdi3_moddi3
 .text.libgcc.div
                0x0000858c       0x1a c:/program files (x86)/atmel/studio/7.0/toolchain/avr8/avr8-gnu-toolchain/bin/../lib/gcc/avr/5.4.0/avr51\libgcc.a(_udivdi3.o)
                0x0000858c                __umoddi3
                0x00008590                __udivdi3
                0x00008592                __udivdi3_umoddi3
 .text.libgcc.div
                0x000085a6       0xa2 c:/program files (x86)/atmel/studio/7.0/toolchain/avr8/avr8-gnu-toolchain/bin/../lib/gcc/avr/5.4.0/avr51\libgcc.a(_udivmod64.o)
                0x000085a6                __udivmod64
 .text.libgcc   0x00008648       0x20 c:/program files (x86)/atmel/studio/7.0/toolchain/avr8/avr8-gnu-toolchain/bin/../lib/gcc/avr/5.4.0/avr51\libgcc.a(_negdi2.o)
                0x00008648                __negdi2
 .text.libgcc.prologue
                0x00008668       0x38 c:/program files (x86)/atmel/studio/7.0/toolchain/avr8/avr8-gnu-toolchain/bin/../lib/gcc/avr/5.4.0/avr51\libgcc.a(_prologue.o)
                0x00008668                __prologue_saves__
 .text.libgcc.prologue
                0x000086a0       0x36 c:/program files (x86)/atmel/studio/7.0/toolchain/avr8/avr8-gnu-toolchain/bin/../lib/gcc/avr/5.4.0/avr51\libgcc.a(_epilogue.o)
                0x000086a0                __epilogue_restores__
 .text.libgcc.builtins
                0x000086d6       0x32 c:/program files (x86)/atmel/studio/7.0/toolchain/avr8/avr8-gnu-toolchain/bin/../lib/gcc/avr/5.4.0/avr51\libgcc.a(_ashldi3.o)
                0x000086d6                __ashldi3
 .text.libgcc.builtins
                0x00008708       0x3c c:/program files (x86)/atmel/studio/7.0/toolchain/avr8/avr8-gnu-toolchain/bin/../lib/gcc/avr/5.4.0/avr51\libgcc.a(_ashrdi3.o)
                0x00008708                __ashrdi3
                0x0000870c                __lshrdi3
 .text.libgcc   0x00008744       0x12 c:/program files (x86)/atmel/studio/7.0/toolchain/avr8/avr8-gnu-toolchain/bin/../lib/gcc/avr/5.4.0/avr51\libgcc.a(_adddi3.o)
                0x00008744                __adddi3
 .text.libgcc   0x00008756       0x12 c:/program files (x86)/atmel/studio/7.0/toolchain/avr8/avr8-gnu-toolchain/bin/../lib/gcc/avr/5.4.0/avr51\libgcc.a(_subdi3.o)
                0x00008756                __subdi3
 .text.libgcc   0x00008768       0x18 c:/program files (x86)/atmel/studio/7.0/toolchain/avr8/avr8-gnu-toolchain/bin/../lib/gcc/avr/5.4.0/avr51\libgcc.a(_cmpdi2_s8.o)
                0x00008768                __cmpdi2_s8
 .text.libgcc.div
                0x00008780       0x28 c:/program files (x86)/atmel/studio/7.0/toolchain/avr8/avr8-gnu-toolchain/bin/../lib/gcc/avr/5.4.0/avr51\libgcc.a(_udivmodhi4.o)
                0x00008780                __udivmodhi4
 .text.avr-libc
                0x000087a8       0x40 c:/program files (x86)/atmel/studio/7.0/toolchain/avr8/avr8-gnu-toolchain/bin/../lib/gcc/avr/5.4.0/../../../../avr/lib/avr51\libc.a(dtostrf.o)
                0x000087a8                dtostrf
 .text.avr-libc
                0x000087e8       0xaa c:/program files (x86)/atmel/studio/7.0/toolchain/avr8/avr8-gnu-toolchain/bin/../lib/gcc/avr/5.4.0/../../../../avr/lib/avr51\libc.a(rand.o)
                0x00008874                rand_r
                0x00008876                rand
                0x0000887c                srand
 .text.avr-libc
                0x00008892      0x256 c:/program files (x86)/atmel/studio/7.0/toolchain/avr8/avr8-gnu-toolchain/bin/../lib/gcc/avr/5.4.0/../../../../avr/lib/avr51\libc.a(strtol.o)
                0x00008892                strtol
 .text.avr-libc
                0x00008ae8       0x3a c:/program files (x86)/atmel/studio/7.0/toolchain/avr8/avr8-gnu-toolchain/bin/../lib/gcc/avr/5.4.0/../../../../avr/lib/avr51\libc.a(atoi.o)
                0x00008ae8                atoi
 .text.avr-libc
                0x00008b22        0x6 c:/program files (x86)/atmel/studio/7.0/toolchain/avr8/avr8-gnu-toolchain/bin/../lib/gcc/avr/5.4.0/../../../../avr/lib/avr51\libc.a(cty_isfalse.o)
                0x00008b22                __ctype_isfalse
                0x00008b26                __ctype_istrue
 .text.avr-libc
                0x00008b28       0x10 c:/program files (x86)/atmel/studio/7.0/toolchain/avr8/avr8-gnu-toolchain/bin/../lib/gcc/avr/5.4.0/../../../../avr/lib/avr51\libc.a(isspace.o)
                0x00008b28                isspace
 .text.avr-libc
                0x00008b38        0xe c:/program files (x86)/atmel/studio/7.0/toolchain/avr8/avr8-gnu-toolchain/bin/../lib/gcc/avr/5.4.0/../../../../avr/lib/avr51\libc.a(isblank.o)
                0x00008b38                isblank
 .text.avr-libc
                0x00008b46       0x1a c:/program files (x86)/atmel/studio/7.0/toolchain/avr8/avr8-gnu-toolchain/bin/../lib/gcc/avr/5.4.0/../../../../avr/lib/avr51\libc.a(memcmp.o)
                0x00008b46                memcmp
 .text.avr-libc
                0x00008b60        0xe c:/program files (x86)/atmel/studio/7.0/toolchain/avr8/avr8-gnu-toolchain/bin/../lib/gcc/avr/5.4.0/../../../../avr/lib/avr51\libc.a(strcpy.o)
                0x00008b60                strcpy
 .text.avr-libc
                0x00008b6e       0x1c c:/program files (x86)/atmel/studio/7.0/toolchain/avr8/avr8-gnu-toolchain/bin/../lib/gcc/avr/5.4.0/../../../../avr/lib/avr51\libc.a(strncmp.o)
                0x00008b6e                strncmp
 .text.avr-libc
                0x00008b8a       0x14 c:/program files (x86)/atmel/studio/7.0/toolchain/avr8/avr8-gnu-toolchain/bin/../lib/gcc/avr/5.4.0/../../../../avr/lib/avr51\libc.a(itoa_ncheck.o)
                0x00008b8a                __itoa_ncheck
 .text.avr-libc
                0x00008b9e       0x10 c:/program files (x86)/atmel/studio/7.0/toolchain/avr8/avr8-gnu-toolchain/bin/../lib/gcc/avr/5.4.0/../../../../avr/lib/avr51\libc.a(mul10.o)
                0x00008b9e                __mulhi_const_10
 .text.avr-libc
                0x00008bae       0x34 c:/program files (x86)/atmel/studio/7.0/toolchain/avr8/avr8-gnu-toolchain/bin/../lib/gcc/avr/5.4.0/../../../../avr/lib/avr51\libc.a(utoa_ncheck.o)
                0x00008bae                __utoa_ncheck
                0x00008bb0                __utoa_common
 .text.avr-libc
                0x00008be2       0x7c c:/program files (x86)/atmel/studio/7.0/toolchain/avr8/avr8-gnu-toolchain/bin/../lib/gcc/avr/5.4.0/../../../../avr/lib/avr51\libc.a(fgetc.o)
                0x00008be2                fgetc
 .text.avr-libc
                0x00008c5e       0x26 c:/program files (x86)/atmel/studio/7.0/toolchain/avr8/avr8-gnu-toolchain/bin/../lib/gcc/avr/5.4.0/../../../../avr/lib/avr51\libc.a(printf.o)
                0x00008c5e                printf
 .text.avr-libc
                0x00008c84       0x4e c:/program files (x86)/atmel/studio/7.0/toolchain/avr8/avr8-gnu-toolchain/bin/../lib/gcc/avr/5.4.0/../../../../avr/lib/avr51\libc.a(printf_p.o)
                0x00008c84                printf_P
 .text.avr-libc
                0x00008cd2       0x60 c:/program files (x86)/atmel/studio/7.0/toolchain/avr8/avr8-gnu-toolchain/bin/../lib/gcc/avr/5.4.0/../../../../avr/lib/avr51\libc.a(puts.o)
                0x00008cd2                puts
 .text.avr-libc
                0x00008d32       0x62 c:/program files (x86)/atmel/studio/7.0/toolchain/avr8/avr8-gnu-toolchain/bin/../lib/gcc/avr/5.4.0/../../../../avr/lib/avr51\libc.a(puts_p.o)
                0x00008d32                puts_P
 .text.avr-libc
                0x00008d94       0x78 c:/program files (x86)/atmel/studio/7.0/toolchain/avr8/avr8-gnu-toolchain/bin/../lib/gcc/avr/5.4.0/../../../../avr/lib/avr51\libc.a(snprintf.o)
                0x00008d94                snprintf
 .text.avr-libc
                0x00008e0c       0x5c c:/program files (x86)/atmel/studio/7.0/toolchain/avr8/avr8-gnu-toolchain/bin/../lib/gcc/avr/5.4.0/../../../../avr/lib/avr51\libc.a(sprintf.o)
                0x00008e0c                sprintf
 .text.avr-libc
                0x00008e68       0x42 c:/program files (x86)/atmel/studio/7.0/toolchain/avr8/avr8-gnu-toolchain/bin/../lib/gcc/avr/5.4.0/../../../../avr/lib/avr51\libc.a(sscanf.o)
                0x00008e68                sscanf
 .text.avr-libc
                0x00008eaa      0x3fa c:/program files (x86)/atmel/studio/7.0/toolchain/avr8/avr8-gnu-toolchain/bin/../lib/gcc/avr/5.4.0/../../../../avr/lib/avr51\libc.a(vfprintf_std.o)
                0x00008eaa                vfprintf
 .text.avr-libc
                0x000092a4      0x592 c:/program files (x86)/atmel/studio/7.0/toolchain/avr8/avr8-gnu-toolchain/bin/../lib/gcc/avr/5.4.0/../../../../avr/lib/avr51\libc.a(vfscanf_std.o)
                0x00009608                vfscanf
 .text.avr-libc
                0x00009836      0x2ec c:/program files (x86)/atmel/studio/7.0/toolchain/avr8/avr8-gnu-toolchain/bin/../lib/gcc/avr/5.4.0/../../../../avr/lib/avr51\libc.a(dtoa_prf.o)
                0x00009836                dtoa_prf
 .text.avr-libc
                0x00009b22      0x1b0 c:/program files (x86)/atmel/studio/7.0/toolchain/avr8/avr8-gnu-toolchain/bin/../lib/gcc/avr/5.4.0/../../../../avr/lib/avr51\libc.a(ftoa_engine.o)
                0x00009b22                __ftoa_engine
 .text.avr-libc
                0x00009cd2       0x16 c:/program files (x86)/atmel/studio/7.0/toolchain/avr8/avr8-gnu-toolchain/bin/../lib/gcc/avr/5.4.0/../../../../avr/lib/avr51\libc.a(strchr_P.o)
                0x00009cd2                strchr_P
 .text.avr-libc
                0x00009ce8       0x16 c:/program files (x86)/atmel/studio/7.0/toolchain/avr8/avr8-gnu-toolchain/bin/../lib/gcc/avr/5.4.0/../../../../avr/lib/avr51\libc.a(strnlen_P.o)
                0x00009ce8                strnlen_P
 .text.avr-libc
                0x00009cfe       0x16 c:/program files (x86)/atmel/studio/7.0/toolchain/avr8/avr8-gnu-toolchain/bin/../lib/gcc/avr/5.4.0/../../../../avr/lib/avr51\libc.a(strnlen.o)
                0x00009cfe                strnlen
 .text.avr-libc
                0x00009d14       0x20 c:/program files (x86)/atmel/studio/7.0/toolchain/avr8/avr8-gnu-toolchain/bin/../lib/gcc/avr/5.4.0/../../../../avr/lib/avr51\libc.a(strrev.o)
                0x00009d14                strrev
 .text.avr-libc
                0x00009d34       0x78 c:/program files (x86)/atmel/studio/7.0/toolchain/avr8/avr8-gnu-toolchain/bin/../lib/gcc/avr/5.4.0/../../../../avr/lib/avr51\libc.a(fputc.o)
                0x00009d34                fputc
 .text.avr-libc
                0x00009dac       0x32 c:/program files (x86)/atmel/studio/7.0/toolchain/avr8/avr8-gnu-toolchain/bin/../lib/gcc/avr/5.4.0/../../../../avr/lib/avr51\libc.a(ungetc.o)
                0x00009dac                ungetc
 .text.avr-libc
                0x00009dde       0xbc c:/program files (x86)/atmel/studio/7.0/toolchain/avr8/avr8-gnu-toolchain/bin/../lib/gcc/avr/5.4.0/../../../../avr/lib/avr51\libc.a(ultoa_invert.o)
                0x00009dde                __ultoa_invert
 .text.avr-libc
                0x00009e9a       0x20 C:/Program Files (x86)/Atmel/Studio/7.0/Packs/atmel/ATmega_DFP/1.2.209/gcc/dev/atmega1284p/avr51\libatmega1284p.a(eerd_block.o)
                0x00009e9a                eeprom_read_block
                0x00009e9e                eeprom_read_blraw
 .text.avr-libc
                0x00009eba       0x10 C:/Program Files (x86)/Atmel/Studio/7.0/Packs/atmel/ATmega_DFP/1.2.209/gcc/dev/atmega1284p/avr51\libatmega1284p.a(eerd_byte.o)
                0x00009eba                eeprom_read_byte
 .text.avr-libc
                0x00009eca        0xa C:/Program Files (x86)/Atmel/Studio/7.0/Packs/atmel/ATmega_DFP/1.2.209/gcc/dev/atmega1284p/avr51\libatmega1284p.a(eerd_dword.o)
                0x00009eca                eeprom_read_float
                0x00009eca                eeprom_read_dword
 .text.avr-libc
                0x00009ed4        0xa C:/Program Files (x86)/Atmel/Studio/7.0/Packs/atmel/ATmega_DFP/1.2.209/gcc/dev/atmega1284p/avr51\libatmega1284p.a(eerd_word.o)
                0x00009ed4                eeprom_read_word
 .text.avr-libc
                0x00009ede       0x12 C:/Program Files (x86)/Atmel/Studio/7.0/Packs/atmel/ATmega_DFP/1.2.209/gcc/dev/atmega1284p/avr51\libatmega1284p.a(eewr_block.o)
                0x00009ede                eeprom_write_block
 .text.avr-libc
                0x00009ef0       0x1c C:/Program Files (x86)/Atmel/Studio/7.0/Packs/atmel/ATmega_DFP/1.2.209/gcc/dev/atmega1284p/avr51\libatmega1284p.a(eewr_byte.o)
                0x00009ef0                eeprom_write_byte
                0x00009ef2                eeprom_write_r18
 .text.avr-libc
                0x00009f0c        0xa C:/Program Files (x86)/Atmel/Studio/7.0/Packs/atmel/ATmega_DFP/1.2.209/gcc/dev/atmega1284p/avr51\libatmega1284p.a(eewr_dword.o)
                0x00009f0c                eeprom_write_dword
                0x00009f0c                eeprom_write_float
 .text.avr-libc
                0x00009f16        0x6 C:/Program Files (x86)/Atmel/Studio/7.0/Packs/atmel/ATmega_DFP/1.2.209/gcc/dev/atmega1284p/avr51\libatmega1284p.a(eewr_word.o)
                0x00009f16                eeprom_write_word
                0x00009f1c                . = ALIGN (0x2)
 *(.fini9)
 .fini9         0x00009f1c        0x0 c:/program files (x86)/atmel/studio/7.0/toolchain/avr8/avr8-gnu-toolchain/bin/../lib/gcc/avr/5.4.0/avr51\libgcc.a(_exit.o)
                0x00009f1c                _exit
                0x00009f1c                exit
 *(.fini9)
 *(.fini8)
 *(.fini8)
 *(.fini7)
 *(.fini7)
 *(.fini6)
 *(.fini6)
 *(.fini5)
 *(.fini5)
 *(.fini4)
 *(.fini4)
 *(.fini3)
 *(.fini3)
 *(.fini2)
 *(.fini2)
 *(.fini1)
 *(.fini1)
 *(.fini0)
 .fini0         0x00009f1c        0x4 c:/program files (x86)/atmel/studio/7.0/toolchain/avr8/avr8-gnu-toolchain/bin/../lib/gcc/avr/5.4.0/avr51\libgcc.a(_exit.o)
 *(.fini0)
                0x00009f20                _etext = .

.data           0x00800100      0x460 load address 0x00009f20
                0x00800100                PROVIDE (__data_start, .)
 *(.data)
 .data          0x00800100        0x4 c:/program files (x86)/atmel/studio/7.0/toolchain/avr8/avr8-gnu-toolchain/bin/../lib/gcc/avr/5.4.0/../../../../avr/lib/avr51\libc.a(rand.o)
 *(.data*)
 .data.ipid     0x00800104        0x1 includes/Ethernet/ip_arp_udp_tcp.o
 .data.ipnetmask
                0x00800105        0x4 includes/Ethernet/ip_arp_udp_tcp.o
 .data.wwwport_l
                0x00800109        0x1 includes/Ethernet/ip_arp_udp_tcp.o
 .data.arp_delaycnt
                0x0080010a        0x2 includes/Ethernet/ip_arp_udp_tcp.o
 .data.tcpclient_src_port_l
                0x0080010c        0x1 includes/Ethernet/ip_arp_udp_tcp.o
 .data.seqnum   0x0080010d        0x1 includes/Ethernet/ip_arp_udp_tcp.o
 .data.gwip     0x0080010e        0x4 includes/Ethernet/test_web_client.o
                0x0080010e                gwip
 .data.SERVERPORT
                0x00800112        0x2 includes/Ethernet/test_web_client.o
                0x00800112                SERVERPORT
 .data.serverip
                0x00800114       0x10 includes/Ethernet/test_web_client.o
                0x00800114                serverip
 .data.myip     0x00800124        0x4 includes/Ethernet/test_web_client.o
                0x00800124                myip
 .data.mymac    0x00800128        0x6 includes/Ethernet/test_web_client.o
 .data.Stat     0x0080012e        0x1 includes/FatFs/mmc_avr.o
 .data.hih8120_temperature_C
                0x0080012f        0x4 includes/HIH8120/hih8120.o
                0x0080012f                hih8120_temperature_C
 .data.hih8120_humidity
                0x00800133        0x4 includes/HIH8120/hih8120.o
                0x00800133                hih8120_humidity
 .data.playerPos
                0x00800137        0x1 includes/SpaceInvaders/Space.o
                0x00800137                playerPos
 .data.page     0x00800138        0x2 main.o
                0x00800138                page
 .data.brightness
                0x0080013a        0x2 main.o
                0x0080013a                brightness
 .data.halleff  0x0080013c        0x2 main.o
                0x0080013c                halleff
 *(.gnu.linkonce.d*)
 *(.rodata)
 *(.rodata*)
 .rodata.str1.1
                0x0080013e       0xa3 includes/Ethernet/test_web_client.o
                                 0xab (size before relaxing)
 .rodata.str1.1
                0x008001e1        0xf includes/FatFs/ff.o
 .rodata.str1.1
                0x008001f0       0x67 includes/NokiaLCD/nokia.o
                                 0x77 (size before relaxing)
 .rodata.ASCII  0x00800257      0x1e0 includes/NokiaLCD/nokia.o
 .rodata.str1.1
                0x00800437       0x15 includes/SpaceInvaders/Space.o
 .rodata.str1.1
                0x0080044c      0x114 main.o
                                0x115 (size before relaxing)
 *(.gnu.linkonce.r*)
                0x00800560                . = ALIGN (0x2)
                0x00800560                _edata = .
                0x00800560                PROVIDE (__data_end, .)

.bss            0x00800560     0x197c
                0x00800560                PROVIDE (__bss_start, .)
 *(.bss)
 *(.bss*)
 .bss.dns_ansError
                0x00800560        0x1 includes/Ethernet/dnslkup.o
 .bss.dns_answerip
                0x00800561        0x4 includes/Ethernet/dnslkup.o
 .bss.haveDNSanswer
                0x00800565        0x1 includes/Ethernet/dnslkup.o
 .bss.dnstid_l  0x00800566        0x1 includes/Ethernet/dnslkup.o
 .bss.gNextPacketPtr
                0x00800567        0x2 includes/Ethernet/enc28j60.o
 .bss.Enc28j60Bank
                0x00800569        0x1 includes/Ethernet/enc28j60.o
 .bss.info_data_len
                0x0080056a        0x2 includes/Ethernet/ip_arp_udp_tcp.o
 .bss.wwwport_h
                0x0080056c        0x1 includes/Ethernet/ip_arp_udp_tcp.o
 .bss.arp_reference_number
                0x0080056d        0x1 includes/Ethernet/ip_arp_udp_tcp.o
 .bss.arpip_state
                0x0080056e        0x1 includes/Ethernet/ip_arp_udp_tcp.o
 .bss.arpip     0x0080056f        0x4 includes/Ethernet/ip_arp_udp_tcp.o
 .bss.bufptr    0x00800573        0x2 includes/Ethernet/ip_arp_udp_tcp.o
 .bss.client_hoststr
                0x00800575        0x2 includes/Ethernet/ip_arp_udp_tcp.o
 .bss.client_urlbuf_var
                0x00800577        0x2 includes/Ethernet/ip_arp_udp_tcp.o
 .bss.client_urlbuf_p
                0x00800579        0x2 includes/Ethernet/ip_arp_udp_tcp.o
 .bss.client_postval
                0x0080057b        0x2 includes/Ethernet/ip_arp_udp_tcp.o
 .bss.client_additionalheaderline_p
                0x0080057d        0x2 includes/Ethernet/ip_arp_udp_tcp.o
 .bss.client_browser_callback
                0x0080057f        0x2 includes/Ethernet/ip_arp_udp_tcp.o
 .bss.browsertype
                0x00800581        0x1 includes/Ethernet/ip_arp_udp_tcp.o
 .bss.www_fd    0x00800582        0x1 includes/Ethernet/ip_arp_udp_tcp.o
 .bss.client_tcp_datafill_callback
                0x00800583        0x2 includes/Ethernet/ip_arp_udp_tcp.o
 .bss.client_tcp_result_callback
                0x00800585        0x2 includes/Ethernet/ip_arp_udp_tcp.o
 .bss.tcp_client_port
                0x00800587        0x2 includes/Ethernet/ip_arp_udp_tcp.o
 .bss.tcp_client_state
                0x00800589        0x1 includes/Ethernet/ip_arp_udp_tcp.o
 .bss.tcp_dst_mac
                0x0080058a        0x6 includes/Ethernet/ip_arp_udp_tcp.o
 .bss.tcp_otherside_ip
                0x00800590        0x4 includes/Ethernet/ip_arp_udp_tcp.o
 .bss.tcp_fd    0x00800594        0x1 includes/Ethernet/ip_arp_udp_tcp.o
 .bss.icmp_callback
                0x00800595        0x2 includes/Ethernet/ip_arp_udp_tcp.o
 .bss.ipaddr    0x00800597        0x4 includes/Ethernet/ip_arp_udp_tcp.o
 .bss.macaddr   0x0080059b        0x6 includes/Ethernet/ip_arp_udp_tcp.o
 .bss.restart   0x008005a1        0x2 includes/Ethernet/test_web_client.o
                0x008005a1                restart
 .bss.processing_state
                0x008005a3        0x1 includes/Ethernet/test_web_client.o
 .bss.start_web_client
                0x008005a4        0x1 includes/Ethernet/test_web_client.o
 .bss.sendingPacket
                0x008005a5        0x1 includes/Ethernet/test_web_client.o
                0x008005a5                sendingPacket
 .bss.cnt2step  0x008005a6        0x1 includes/Ethernet/test_web_client.o
 .bss.sec       0x008005a7        0x1 includes/Ethernet/test_web_client.o
                0x008005a7                sec
 .bss.buf       0x008005a8     0x1389 includes/Ethernet/test_web_client.o
 .bss.otherside_www_ip
                0x00801931        0x4 includes/Ethernet/test_web_client.o
 .bss.gwmac     0x00801935        0x6 includes/Ethernet/test_web_client.o
 .bss.Fsid      0x0080193b        0x2 includes/FatFs/ff.o
 .bss.FatFs     0x0080193d        0x2 includes/FatFs/ff.o
 .bss.CardType  0x0080193f        0x1 includes/FatFs/mmc_avr.o
 .bss.Timer2    0x00801940        0x1 includes/FatFs/mmc_avr.o
 .bss.Timer1    0x00801941        0x1 includes/FatFs/mmc_avr.o
 .bss.watchdog_counter
                0x00801942        0x1 includes/SpaceInvaders/Space.o
 .bss.count     0x00801943        0x2 includes/SpaceInvaders/Space.o
                0x00801943                count
 .bss.highscore
                0x00801945        0x2 includes/SpaceInvaders/Space.o
                0x00801945                highscore
 .bss.score     0x00801947        0x2 includes/SpaceInvaders/Space.o
                0x00801947                score
 .bss.tempPos   0x00801949        0x2 includes/SpaceInvaders/Space.o
                0x00801949                tempPos
 .bss.cursorPos
                0x0080194b        0x2 includes/SpaceInvaders/Space.o
                0x0080194b                cursorPos
 .bss.enemyPos  0x0080194d        0x1 includes/SpaceInvaders/Space.o
                0x0080194d                enemyPos
 .bss.Level     0x0080194e      0x1f8 includes/SpaceInvaders/Space.o
                0x0080194e                Level
 .bss.period    0x00801b46        0x2 includes/WindSpeed/windSpeed.o
                0x00801b46                period
 .bss.t_2       0x00801b48        0x2 includes/WindSpeed/windSpeed.o
                0x00801b48                t_2
 .bss.t_1       0x00801b4a        0x2 includes/WindSpeed/windSpeed.o
                0x00801b4a                t_1
 .bss.input.2850
                0x00801b4c       0x10 main.o
 .bss.runOnce   0x00801b5c        0x1 main.o
                0x00801b5c                runOnce
 *(COMMON)
 COMMON         0x00801b5d       0x25 includes/BMP280_SPI/BMP280_SPI.o
                0x00801b5d                _bmp280_calib
                0x00801b7e                t_fine
 COMMON         0x00801b82        0x2 includes/Ethernet/ip_arp_udp_tcp.o
                0x00801b82                client_arp_result_callback
 COMMON         0x00801b84       0x36 includes/SpaceInvaders/Space.o
                0x00801b84                bullets
                0x00801b86                invaderBullet
                0x00801b90                enemy
 COMMON         0x00801bba        0x5 includes/WindSpeed/windSpeed.o
                0x00801bba                flag
                0x00801bbb                wind_frequency
 COMMON         0x00801bbf      0x315 main.o
                0x00801bbf                FatFs
                0x00801ded                anglChar
                0x00801df7                magnetVal
                0x00801df9                LargestDirectionValue
                0x00801dfb                rtc
                0x00801e02                humidChar
                0x00801e0c                timeout
                0x00801e0e                tempChar
                0x00801e18                bw
                0x00801e1a                pressChar
                0x00801e2a                Fil
                0x00801e4a                speedChar
                0x00801e54                packetStr
 COMMON         0x00801ed4        0x6 c:/program files (x86)/atmel/studio/7.0/toolchain/avr8/avr8-gnu-toolchain/bin/../lib/gcc/avr/5.4.0/../../../../avr/lib/avr51\libc.a(iob.o)
                0x00801ed4                __iob
 COMMON         0x00801eda        0x2 c:/program files (x86)/atmel/studio/7.0/toolchain/avr8/avr8-gnu-toolchain/bin/../lib/gcc/avr/5.4.0/../../../../avr/lib/avr51\libc.a(errno.o)
                0x00801eda                errno
                0x00801edc                PROVIDE (__bss_end, .)
                0x00009f20                __data_load_start = LOADADDR (.data)
                0x0000a380                __data_load_end = (__data_load_start + SIZEOF (.data))

.noinit         0x00801edc        0x0
                [!provide]                PROVIDE (__noinit_start, .)
 *(.noinit*)
                [!provide]                PROVIDE (__noinit_end, .)
                0x00801edc                _end = .
                [!provide]                PROVIDE (__heap_start, .)

.eeprom         0x00810000        0x0
 *(.eeprom*)
                0x00810000                __eeprom_end = .

.fuse
 *(.fuse)
 *(.lfuse)
 *(.hfuse)
 *(.efuse)

.lock
 *(.lock*)

.signature
 *(.signature*)

.user_signatures
 *(.user_signatures*)

.stab
 *(.stab)

.stabstr
 *(.stabstr)

.stab.excl
 *(.stab.excl)

.stab.exclstr
 *(.stab.exclstr)

.stab.index
 *(.stab.index)

.stab.indexstr
 *(.stab.indexstr)

.comment        0x00000000       0x5c
 *(.comment)
 .comment       0x00000000       0x30 includes/BMP280_SPI/BMP280_SPI.o
                                 0x31 (size before relaxing)
 .comment       0x00000030       0x31 includes/Ethernet/dnslkup.o
 .comment       0x00000030       0x31 includes/Ethernet/enc28j60.o
 .comment       0x00000030       0x31 includes/Ethernet/ip_arp_udp_tcp.o
 .comment       0x00000030       0x31 includes/Ethernet/test_web_client.o
 .comment       0x00000030       0x31 includes/Ethernet/websrv_help_functions.o
 .comment       0x00000030       0x31 includes/FatFs/ff.o
 .comment       0x00000030       0x31 includes/FatFs/mmc_avr.o
 .comment       0x00000030       0x31 includes/HIH8120/hih8120.o
 .comment       0x00000030       0x31 includes/I2C/twimaster.o
 .comment       0x00000030       0x31 includes/NokiaLCD/nokia.o
 .comment       0x00000030       0x31 includes/RTC/rtc.o
 .comment       0x00000030       0x31 includes/SpaceInvaders/Space.o
 .comment       0x00000030       0x31 includes/SPI/SPI.o
 .comment       0x00000030       0x31 includes/WindSpeed/windSpeed.o
 .comment       0x00000030       0x31 main.o
 .comment       0x00000030       0x31 c:/program files (x86)/atmel/studio/7.0/toolchain/avr8/avr8-gnu-toolchain/bin/../lib/gcc/avr/5.4.0/../../../../avr/lib/avr51\libc.a(dtostrf.o)
 .comment       0x00000030       0x31 c:/program files (x86)/atmel/studio/7.0/toolchain/avr8/avr8-gnu-toolchain/bin/../lib/gcc/avr/5.4.0/../../../../avr/lib/avr51\libc.a(rand.o)
 .comment       0x00000030       0x31 c:/program files (x86)/atmel/studio/7.0/toolchain/avr8/avr8-gnu-toolchain/bin/../lib/gcc/avr/5.4.0/../../../../avr/lib/avr51\libc.a(strtol.o)
 .comment       0x00000030       0x31 c:/program files (x86)/atmel/studio/7.0/toolchain/avr8/avr8-gnu-toolchain/bin/../lib/gcc/avr/5.4.0/../../../../avr/lib/avr51\libc.a(fgetc.o)
 .comment       0x00000030       0x31 c:/program files (x86)/atmel/studio/7.0/toolchain/avr8/avr8-gnu-toolchain/bin/../lib/gcc/avr/5.4.0/../../../../avr/lib/avr51\libc.a(iob.o)
 .comment       0x00000030       0x31 c:/program files (x86)/atmel/studio/7.0/toolchain/avr8/avr8-gnu-toolchain/bin/../lib/gcc/avr/5.4.0/../../../../avr/lib/avr51\libc.a(printf.o)
 .comment       0x00000030       0x31 c:/program files (x86)/atmel/studio/7.0/toolchain/avr8/avr8-gnu-toolchain/bin/../lib/gcc/avr/5.4.0/../../../../avr/lib/avr51\libc.a(printf_p.o)
 .comment       0x00000030       0x31 c:/program files (x86)/atmel/studio/7.0/toolchain/avr8/avr8-gnu-toolchain/bin/../lib/gcc/avr/5.4.0/../../../../avr/lib/avr51\libc.a(puts.o)
 .comment       0x00000030       0x31 c:/program files (x86)/atmel/studio/7.0/toolchain/avr8/avr8-gnu-toolchain/bin/../lib/gcc/avr/5.4.0/../../../../avr/lib/avr51\libc.a(puts_p.o)
 .comment       0x00000030       0x31 c:/program files (x86)/atmel/studio/7.0/toolchain/avr8/avr8-gnu-toolchain/bin/../lib/gcc/avr/5.4.0/../../../../avr/lib/avr51\libc.a(snprintf.o)
 .comment       0x00000030       0x31 c:/program files (x86)/atmel/studio/7.0/toolchain/avr8/avr8-gnu-toolchain/bin/../lib/gcc/avr/5.4.0/../../../../avr/lib/avr51\libc.a(sprintf.o)
 .comment       0x00000030       0x31 c:/program files (x86)/atmel/studio/7.0/toolchain/avr8/avr8-gnu-toolchain/bin/../lib/gcc/avr/5.4.0/../../../../avr/lib/avr51\libc.a(sscanf.o)
 .comment       0x00000030       0x2c c:/program files (x86)/atmel/studio/7.0/toolchain/avr8/avr8-gnu-toolchain/bin/../lib/gcc/avr/5.4.0/../../../../avr/lib/avr51\libc.a(vfprintf_std.o)
                                 0x2d (size before relaxing)
 .comment       0x0000005c       0x2d c:/program files (x86)/atmel/studio/7.0/toolchain/avr8/avr8-gnu-toolchain/bin/../lib/gcc/avr/5.4.0/../../../../avr/lib/avr51\libc.a(vfscanf_std.o)
 .comment       0x0000005c       0x2d c:/program files (x86)/atmel/studio/7.0/toolchain/avr8/avr8-gnu-toolchain/bin/../lib/gcc/avr/5.4.0/../../../../avr/lib/avr51\libc.a(errno.o)
 .comment       0x0000005c       0x31 c:/program files (x86)/atmel/studio/7.0/toolchain/avr8/avr8-gnu-toolchain/bin/../lib/gcc/avr/5.4.0/../../../../avr/lib/avr51\libc.a(dtoa_prf.o)
 .comment       0x0000005c       0x31 c:/program files (x86)/atmel/studio/7.0/toolchain/avr8/avr8-gnu-toolchain/bin/../lib/gcc/avr/5.4.0/../../../../avr/lib/avr51\libc.a(fputc.o)
 .comment       0x0000005c       0x31 c:/program files (x86)/atmel/studio/7.0/toolchain/avr8/avr8-gnu-toolchain/bin/../lib/gcc/avr/5.4.0/../../../../avr/lib/avr51\libc.a(ungetc.o)

.note.gnu.avr.deviceinfo
                0x00000000       0x40
 .note.gnu.avr.deviceinfo
                0x00000000       0x40 C:/Program Files (x86)/Atmel/Studio/7.0/Packs/atmel/ATmega_DFP/1.2.209/gcc/dev/atmega1284p/avr51/crtatmega1284p.o

.note.gnu.build-id
 *(.note.gnu.build-id)

.debug
 *(.debug)

.line
 *(.line)

.debug_srcinfo
 *(.debug_srcinfo)

.debug_sfnames
 *(.debug_sfnames)

.debug_aranges  0x00000000      0x760
 *(.debug_aranges)
 .debug_aranges
                0x00000000       0x30 includes/BMP280_SPI/BMP280_SPI.o
 .debug_aranges
                0x00000030       0x48 includes/Ethernet/dnslkup.o
 .debug_aranges
                0x00000078       0x98 includes/Ethernet/enc28j60.o
 .debug_aranges
                0x00000110      0x158 includes/Ethernet/ip_arp_udp_tcp.o
 .debug_aranges
                0x00000268       0x80 includes/Ethernet/test_web_client.o
 .debug_aranges
                0x000002e8       0x50 includes/Ethernet/websrv_help_functions.o
 .debug_aranges
                0x00000338       0xb0 includes/FatFs/ff.o
 .debug_aranges
                0x000003e8       0x70 includes/FatFs/mmc_avr.o
 .debug_aranges
                0x00000458       0x20 includes/HIH8120/hih8120.o
 .debug_aranges
                0x00000478       0x60 includes/I2C/twimaster.o
 .debug_aranges
                0x000004d8       0x58 includes/NokiaLCD/nokia.o
 .debug_aranges
                0x00000530       0x30 includes/RTC/rtc.o
 .debug_aranges
                0x00000560       0x40 includes/SpaceInvaders/Space.o
 .debug_aranges
                0x000005a0       0x40 includes/SPI/SPI.o
 .debug_aranges
                0x000005e0       0x38 includes/WindSpeed/windSpeed.o
 .debug_aranges
                0x00000618       0x48 main.o
 .debug_aranges
                0x00000660       0x20 C:/Program Files (x86)/Atmel/Studio/7.0/Packs/atmel/ATmega_DFP/1.2.209/gcc/dev/atmega1284p/avr51\libatmega1284p.a(eerd_block.o)
 .debug_aranges
                0x00000680       0x20 C:/Program Files (x86)/Atmel/Studio/7.0/Packs/atmel/ATmega_DFP/1.2.209/gcc/dev/atmega1284p/avr51\libatmega1284p.a(eerd_byte.o)
 .debug_aranges
                0x000006a0       0x20 C:/Program Files (x86)/Atmel/Studio/7.0/Packs/atmel/ATmega_DFP/1.2.209/gcc/dev/atmega1284p/avr51\libatmega1284p.a(eerd_dword.o)
 .debug_aranges
                0x000006c0       0x20 C:/Program Files (x86)/Atmel/Studio/7.0/Packs/atmel/ATmega_DFP/1.2.209/gcc/dev/atmega1284p/avr51\libatmega1284p.a(eerd_word.o)
 .debug_aranges
                0x000006e0       0x20 C:/Program Files (x86)/Atmel/Studio/7.0/Packs/atmel/ATmega_DFP/1.2.209/gcc/dev/atmega1284p/avr51\libatmega1284p.a(eewr_block.o)
 .debug_aranges
                0x00000700       0x20 C:/Program Files (x86)/Atmel/Studio/7.0/Packs/atmel/ATmega_DFP/1.2.209/gcc/dev/atmega1284p/avr51\libatmega1284p.a(eewr_byte.o)
 .debug_aranges
                0x00000720       0x20 C:/Program Files (x86)/Atmel/Studio/7.0/Packs/atmel/ATmega_DFP/1.2.209/gcc/dev/atmega1284p/avr51\libatmega1284p.a(eewr_dword.o)
 .debug_aranges
                0x00000740       0x20 C:/Program Files (x86)/Atmel/Studio/7.0/Packs/atmel/ATmega_DFP/1.2.209/gcc/dev/atmega1284p/avr51\libatmega1284p.a(eewr_word.o)

.debug_pubnames
 *(.debug_pubnames)

.debug_info     0x00000000     0xc65d
 *(.debug_info .gnu.linkonce.wi.*)
 .debug_info    0x00000000      0x792 C:/Program Files (x86)/Atmel/Studio/7.0/Packs/atmel/ATmega_DFP/1.2.209/gcc/dev/atmega1284p/avr51/crtatmega1284p.o
 .debug_info    0x00000792      0x61b includes/BMP280_SPI/BMP280_SPI.o
 .debug_info    0x00000dad      0x30e includes/Ethernet/dnslkup.o
 .debug_info    0x000010bb      0xbf9 includes/Ethernet/enc28j60.o
 .debug_info    0x00001cb4     0x1e1d includes/Ethernet/ip_arp_udp_tcp.o
 .debug_info    0x00003ad1     0x2575 includes/Ethernet/test_web_client.o
 .debug_info    0x00006046      0x453 includes/Ethernet/websrv_help_functions.o
 .debug_info    0x00006499     0x1c0d includes/FatFs/ff.o
 .debug_info    0x000080a6      0xcef includes/FatFs/mmc_avr.o
 .debug_info    0x00008d95      0x15d includes/HIH8120/hih8120.o
 .debug_info    0x00008ef2      0x1d2 includes/I2C/twimaster.o
 .debug_info    0x000090c4      0x91d includes/NokiaLCD/nokia.o
 .debug_info    0x000099e1      0x3b9 includes/RTC/rtc.o
 .debug_info    0x00009d9a      0x97a includes/SpaceInvaders/Space.o
 .debug_info    0x0000a714      0x25e includes/SPI/SPI.o
 .debug_info    0x0000a972      0x172 includes/WindSpeed/windSpeed.o
 .debug_info    0x0000aae4     0x1605 main.o
 .debug_info    0x0000c0e9       0xaf C:/Program Files (x86)/Atmel/Studio/7.0/Packs/atmel/ATmega_DFP/1.2.209/gcc/dev/atmega1284p/avr51\libatmega1284p.a(eerd_block.o)
 .debug_info    0x0000c198       0xae C:/Program Files (x86)/Atmel/Studio/7.0/Packs/atmel/ATmega_DFP/1.2.209/gcc/dev/atmega1284p/avr51\libatmega1284p.a(eerd_byte.o)
 .debug_info    0x0000c246       0xaf C:/Program Files (x86)/Atmel/Studio/7.0/Packs/atmel/ATmega_DFP/1.2.209/gcc/dev/atmega1284p/avr51\libatmega1284p.a(eerd_dword.o)
 .debug_info    0x0000c2f5       0xae C:/Program Files (x86)/Atmel/Studio/7.0/Packs/atmel/ATmega_DFP/1.2.209/gcc/dev/atmega1284p/avr51\libatmega1284p.a(eerd_word.o)
 .debug_info    0x0000c3a3       0xaf C:/Program Files (x86)/Atmel/Studio/7.0/Packs/atmel/ATmega_DFP/1.2.209/gcc/dev/atmega1284p/avr51\libatmega1284p.a(eewr_block.o)
 .debug_info    0x0000c452       0xae C:/Program Files (x86)/Atmel/Studio/7.0/Packs/atmel/ATmega_DFP/1.2.209/gcc/dev/atmega1284p/avr51\libatmega1284p.a(eewr_byte.o)
 .debug_info    0x0000c500       0xaf C:/Program Files (x86)/Atmel/Studio/7.0/Packs/atmel/ATmega_DFP/1.2.209/gcc/dev/atmega1284p/avr51\libatmega1284p.a(eewr_dword.o)
 .debug_info    0x0000c5af       0xae C:/Program Files (x86)/Atmel/Studio/7.0/Packs/atmel/ATmega_DFP/1.2.209/gcc/dev/atmega1284p/avr51\libatmega1284p.a(eewr_word.o)

.debug_abbrev   0x00000000     0x291a
 *(.debug_abbrev)
 .debug_abbrev  0x00000000      0x729 C:/Program Files (x86)/Atmel/Studio/7.0/Packs/atmel/ATmega_DFP/1.2.209/gcc/dev/atmega1284p/avr51/crtatmega1284p.o
 .debug_abbrev  0x00000729      0x178 includes/BMP280_SPI/BMP280_SPI.o
 .debug_abbrev  0x000008a1      0x172 includes/Ethernet/dnslkup.o
 .debug_abbrev  0x00000a13      0x1f2 includes/Ethernet/enc28j60.o
 .debug_abbrev  0x00000c05      0x333 includes/Ethernet/ip_arp_udp_tcp.o
 .debug_abbrev  0x00000f38      0x423 includes/Ethernet/test_web_client.o
 .debug_abbrev  0x0000135b      0x20f includes/Ethernet/websrv_help_functions.o
 .debug_abbrev  0x0000156a      0x27c includes/FatFs/ff.o
 .debug_abbrev  0x000017e6      0x260 includes/FatFs/mmc_avr.o
 .debug_abbrev  0x00001a46       0xa7 includes/HIH8120/hih8120.o
 .debug_abbrev  0x00001aed       0xfb includes/I2C/twimaster.o
 .debug_abbrev  0x00001be8      0x1f0 includes/NokiaLCD/nokia.o
 .debug_abbrev  0x00001dd8      0x16e includes/RTC/rtc.o
 .debug_abbrev  0x00001f46      0x313 includes/SpaceInvaders/Space.o
 .debug_abbrev  0x00002259      0x143 includes/SPI/SPI.o
 .debug_abbrev  0x0000239c       0xe7 includes/WindSpeed/windSpeed.o
 .debug_abbrev  0x00002483      0x3f7 main.o
 .debug_abbrev  0x0000287a       0x14 C:/Program Files (x86)/Atmel/Studio/7.0/Packs/atmel/ATmega_DFP/1.2.209/gcc/dev/atmega1284p/avr51\libatmega1284p.a(eerd_block.o)
 .debug_abbrev  0x0000288e       0x14 C:/Program Files (x86)/Atmel/Studio/7.0/Packs/atmel/ATmega_DFP/1.2.209/gcc/dev/atmega1284p/avr51\libatmega1284p.a(eerd_byte.o)
 .debug_abbrev  0x000028a2       0x14 C:/Program Files (x86)/Atmel/Studio/7.0/Packs/atmel/ATmega_DFP/1.2.209/gcc/dev/atmega1284p/avr51\libatmega1284p.a(eerd_dword.o)
 .debug_abbrev  0x000028b6       0x14 C:/Program Files (x86)/Atmel/Studio/7.0/Packs/atmel/ATmega_DFP/1.2.209/gcc/dev/atmega1284p/avr51\libatmega1284p.a(eerd_word.o)
 .debug_abbrev  0x000028ca       0x14 C:/Program Files (x86)/Atmel/Studio/7.0/Packs/atmel/ATmega_DFP/1.2.209/gcc/dev/atmega1284p/avr51\libatmega1284p.a(eewr_block.o)
 .debug_abbrev  0x000028de       0x14 C:/Program Files (x86)/Atmel/Studio/7.0/Packs/atmel/ATmega_DFP/1.2.209/gcc/dev/atmega1284p/avr51\libatmega1284p.a(eewr_byte.o)
 .debug_abbrev  0x000028f2       0x14 C:/Program Files (x86)/Atmel/Studio/7.0/Packs/atmel/ATmega_DFP/1.2.209/gcc/dev/atmega1284p/avr51\libatmega1284p.a(eewr_dword.o)
 .debug_abbrev  0x00002906       0x14 C:/Program Files (x86)/Atmel/Studio/7.0/Packs/atmel/ATmega_DFP/1.2.209/gcc/dev/atmega1284p/avr51\libatmega1284p.a(eewr_word.o)

.debug_line     0x00000000     0x660d
 *(.debug_line .debug_line.* .debug_line_end)
 .debug_line    0x00000000      0x169 C:/Program Files (x86)/Atmel/Studio/7.0/Packs/atmel/ATmega_DFP/1.2.209/gcc/dev/atmega1284p/avr51/crtatmega1284p.o
 .debug_line    0x00000169      0x246 includes/BMP280_SPI/BMP280_SPI.o
 .debug_line    0x000003af      0x359 includes/Ethernet/dnslkup.o
 .debug_line    0x00000708      0x5ae includes/Ethernet/enc28j60.o
 .debug_line    0x00000cb6      0xf59 includes/Ethernet/ip_arp_udp_tcp.o
 .debug_line    0x00001c0f      0xa8b includes/Ethernet/test_web_client.o
 .debug_line    0x0000269a      0x3f3 includes/Ethernet/websrv_help_functions.o
 .debug_line    0x00002a8d     0x1375 includes/FatFs/ff.o
 .debug_line    0x00003e02      0x74b includes/FatFs/mmc_avr.o
 .debug_line    0x0000454d      0x119 includes/HIH8120/hih8120.o
 .debug_line    0x00004666      0x300 includes/I2C/twimaster.o
 .debug_line    0x00004966      0x48c includes/NokiaLCD/nokia.o
 .debug_line    0x00004df2      0x1d2 includes/RTC/rtc.o
 .debug_line    0x00004fc4      0x651 includes/SpaceInvaders/Space.o
 .debug_line    0x00005615      0x176 includes/SPI/SPI.o
 .debug_line    0x0000578b      0x199 includes/WindSpeed/windSpeed.o
 .debug_line    0x00005924      0x914 main.o
 .debug_line    0x00006238       0xab C:/Program Files (x86)/Atmel/Studio/7.0/Packs/atmel/ATmega_DFP/1.2.209/gcc/dev/atmega1284p/avr51\libatmega1284p.a(eerd_block.o)
 .debug_line    0x000062e3       0x7a C:/Program Files (x86)/Atmel/Studio/7.0/Packs/atmel/ATmega_DFP/1.2.209/gcc/dev/atmega1284p/avr51\libatmega1284p.a(eerd_byte.o)
 .debug_line    0x0000635d       0x68 C:/Program Files (x86)/Atmel/Studio/7.0/Packs/atmel/ATmega_DFP/1.2.209/gcc/dev/atmega1284p/avr51\libatmega1284p.a(eerd_dword.o)
 .debug_line    0x000063c5       0x67 C:/Program Files (x86)/Atmel/Studio/7.0/Packs/atmel/ATmega_DFP/1.2.209/gcc/dev/atmega1284p/avr51\libatmega1284p.a(eerd_word.o)
 .debug_line    0x0000642c       0x80 C:/Program Files (x86)/Atmel/Studio/7.0/Packs/atmel/ATmega_DFP/1.2.209/gcc/dev/atmega1284p/avr51\libatmega1284p.a(eewr_block.o)
 .debug_line    0x000064ac       0x9e C:/Program Files (x86)/Atmel/Studio/7.0/Packs/atmel/ATmega_DFP/1.2.209/gcc/dev/atmega1284p/avr51\libatmega1284p.a(eewr_byte.o)
 .debug_line    0x0000654a       0x68 C:/Program Files (x86)/Atmel/Studio/7.0/Packs/atmel/ATmega_DFP/1.2.209/gcc/dev/atmega1284p/avr51\libatmega1284p.a(eewr_dword.o)
 .debug_line    0x000065b2       0x5b C:/Program Files (x86)/Atmel/Studio/7.0/Packs/atmel/ATmega_DFP/1.2.209/gcc/dev/atmega1284p/avr51\libatmega1284p.a(eewr_word.o)

.debug_frame    0x00000000     0x172c
 *(.debug_frame)
 .debug_frame   0x00000000       0xe8 includes/BMP280_SPI/BMP280_SPI.o
 .debug_frame   0x000000e8       0x94 includes/Ethernet/dnslkup.o
 .debug_frame   0x0000017c      0x1a0 includes/Ethernet/enc28j60.o
 .debug_frame   0x0000031c      0x578 includes/Ethernet/ip_arp_udp_tcp.o
 .debug_frame   0x00000894      0x1cc includes/Ethernet/test_web_client.o
 .debug_frame   0x00000a60      0x148 includes/Ethernet/websrv_help_functions.o
 .debug_frame   0x00000ba8      0x4d4 includes/FatFs/ff.o
 .debug_frame   0x0000107c      0x19c includes/FatFs/mmc_avr.o
 .debug_frame   0x00001218       0x38 includes/HIH8120/hih8120.o
 .debug_frame   0x00001250       0xb0 includes/I2C/twimaster.o
 .debug_frame   0x00001300      0x10c includes/NokiaLCD/nokia.o
 .debug_frame   0x0000140c       0x60 includes/RTC/rtc.o
 .debug_frame   0x0000146c       0x94 includes/SpaceInvaders/Space.o
 .debug_frame   0x00001500       0x94 includes/SPI/SPI.o
 .debug_frame   0x00001594       0x68 includes/WindSpeed/windSpeed.o
 .debug_frame   0x000015fc      0x130 main.o

.debug_str      0x00000000     0x1cca
 *(.debug_str)
 .debug_str     0x00000000      0x296 C:/Program Files (x86)/Atmel/Studio/7.0/Packs/atmel/ATmega_DFP/1.2.209/gcc/dev/atmega1284p/avr51/crtatmega1284p.o
 .debug_str     0x00000296      0x33d includes/BMP280_SPI/BMP280_SPI.o
                                0x393 (size before relaxing)
 .debug_str     0x000005d3      0x148 includes/Ethernet/dnslkup.o
                                0x2e8 (size before relaxing)
 .debug_str     0x0000071b      0x17c includes/Ethernet/enc28j60.o
                                0x324 (size before relaxing)
 .debug_str     0x00000897      0x5ee includes/Ethernet/ip_arp_udp_tcp.o
                                0x8a2 (size before relaxing)
 .debug_str     0x00000e85      0x2df includes/Ethernet/test_web_client.o
                                0x611 (size before relaxing)
 .debug_str     0x00001164       0x9e includes/Ethernet/websrv_help_functions.o
                                0x285 (size before relaxing)
 .debug_str     0x00001202      0x418 includes/FatFs/ff.o
                                0x5b2 (size before relaxing)
 .debug_str     0x0000161a       0xb8 includes/FatFs/mmc_avr.o
                                0x31d (size before relaxing)
 .debug_str     0x000016d2       0x56 includes/HIH8120/hih8120.o
                                0x215 (size before relaxing)
 .debug_str     0x00001728       0x8a includes/I2C/twimaster.o
                                0x21a (size before relaxing)
 .debug_str     0x000017b2       0xdd includes/NokiaLCD/nokia.o
                                0x30b (size before relaxing)
 .debug_str     0x0000188f       0x3f includes/RTC/rtc.o
                                0x279 (size before relaxing)
 .debug_str     0x000018ce      0x14b includes/SpaceInvaders/Space.o
                                0x3c3 (size before relaxing)
 .debug_str     0x00001a19       0x4c includes/SPI/SPI.o
                                0x21d (size before relaxing)
 .debug_str     0x00001a65       0x86 includes/WindSpeed/windSpeed.o
                                0x21d (size before relaxing)
 .debug_str     0x00001aeb      0x1df main.o
                                0x8ea (size before relaxing)

.debug_loc      0x00000000     0xbd44
 *(.debug_loc)
 .debug_loc     0x00000000      0x731 includes/BMP280_SPI/BMP280_SPI.o
 .debug_loc     0x00000731      0x55d includes/Ethernet/dnslkup.o
 .debug_loc     0x00000c8e      0x744 includes/Ethernet/enc28j60.o
 .debug_loc     0x000013d2     0x2b50 includes/Ethernet/ip_arp_udp_tcp.o
 .debug_loc     0x00003f22     0x1707 includes/Ethernet/test_web_client.o
 .debug_loc     0x00005629      0xb04 includes/Ethernet/websrv_help_functions.o
 .debug_loc     0x0000612d     0x393f includes/FatFs/ff.o
 .debug_loc     0x00009a6c      0xdab includes/FatFs/mmc_avr.o
 .debug_loc     0x0000a817       0xab includes/HIH8120/hih8120.o
 .debug_loc     0x0000a8c2      0x12d includes/I2C/twimaster.o
 .debug_loc     0x0000a9ef      0x55a includes/NokiaLCD/nokia.o
 .debug_loc     0x0000af49      0x11f includes/RTC/rtc.o
 .debug_loc     0x0000b068      0x4b4 includes/SpaceInvaders/Space.o
 .debug_loc     0x0000b51c      0x29d includes/SPI/SPI.o
 .debug_loc     0x0000b7b9       0x49 includes/WindSpeed/windSpeed.o
 .debug_loc     0x0000b802      0x542 main.o

.debug_macinfo
 *(.debug_macinfo)

.debug_weaknames
 *(.debug_weaknames)

.debug_funcnames
 *(.debug_funcnames)

.debug_typenames
 *(.debug_typenames)

.debug_varnames
 *(.debug_varnames)

.debug_pubtypes
 *(.debug_pubtypes)

.debug_ranges   0x00000000      0x718
 *(.debug_ranges)
 .debug_ranges  0x00000000       0x20 includes/BMP280_SPI/BMP280_SPI.o
 .debug_ranges  0x00000020       0x38 includes/Ethernet/dnslkup.o
 .debug_ranges  0x00000058       0xa0 includes/Ethernet/enc28j60.o
 .debug_ranges  0x000000f8      0x160 includes/Ethernet/ip_arp_udp_tcp.o
 .debug_ranges  0x00000258       0x70 includes/Ethernet/test_web_client.o
 .debug_ranges  0x000002c8       0x58 includes/Ethernet/websrv_help_functions.o
 .debug_ranges  0x00000320      0x150 includes/FatFs/ff.o
 .debug_ranges  0x00000470       0x60 includes/FatFs/mmc_avr.o
 .debug_ranges  0x000004d0       0x10 includes/HIH8120/hih8120.o
 .debug_ranges  0x000004e0       0x50 includes/I2C/twimaster.o
 .debug_ranges  0x00000530       0x48 includes/NokiaLCD/nokia.o
 .debug_ranges  0x00000578       0x20 includes/RTC/rtc.o
 .debug_ranges  0x00000598       0xf0 includes/SpaceInvaders/Space.o
 .debug_ranges  0x00000688       0x30 includes/SPI/SPI.o
 .debug_ranges  0x000006b8       0x28 includes/WindSpeed/windSpeed.o
 .debug_ranges  0x000006e0       0x38 main.o

.debug_macro
 *(.debug_macro)
OUTPUT(Meteorological Station.elf elf32-avr)
LOAD linker stubs
