Archive member included to satisfy reference by file (symbol)

c:/program files (x86)/atmel/studio/7.0/toolchain/avr8/avr8-gnu-toolchain/bin/../lib/gcc/avr/5.4.0/../../../../avr/lib/avr51\libm.a(addsf3.o)
                              includes/HIH8120/hih8120.o (__subsf3)
c:/program files (x86)/atmel/studio/7.0/toolchain/avr8/avr8-gnu-toolchain/bin/../lib/gcc/avr/5.4.0/../../../../avr/lib/avr51\libm.a(addsf3x.o)
                              c:/program files (x86)/atmel/studio/7.0/toolchain/avr8/avr8-gnu-toolchain/bin/../lib/gcc/avr/5.4.0/../../../../avr/lib/avr51\libm.a(addsf3.o) (__addsf3x)
c:/program files (x86)/atmel/studio/7.0/toolchain/avr8/avr8-gnu-toolchain/bin/../lib/gcc/avr/5.4.0/../../../../avr/lib/avr51\libm.a(cmpsf2.o)
                              main.o (__ltsf2)
c:/program files (x86)/atmel/studio/7.0/toolchain/avr8/avr8-gnu-toolchain/bin/../lib/gcc/avr/5.4.0/../../../../avr/lib/avr51\libm.a(divsf3.o)
                              includes/HIH8120/hih8120.o (__divsf3)
c:/program files (x86)/atmel/studio/7.0/toolchain/avr8/avr8-gnu-toolchain/bin/../lib/gcc/avr/5.4.0/../../../../avr/lib/avr51\libm.a(divsf3x.o)
                              c:/program files (x86)/atmel/studio/7.0/toolchain/avr8/avr8-gnu-toolchain/bin/../lib/gcc/avr/5.4.0/../../../../avr/lib/avr51\libm.a(divsf3.o) (__divsf3x)
c:/program files (x86)/atmel/studio/7.0/toolchain/avr8/avr8-gnu-toolchain/bin/../lib/gcc/avr/5.4.0/../../../../avr/lib/avr51\libm.a(fixsfsi.o)
                              main.o (__fixsfsi)
c:/program files (x86)/atmel/studio/7.0/toolchain/avr8/avr8-gnu-toolchain/bin/../lib/gcc/avr/5.4.0/../../../../avr/lib/avr51\libm.a(fixunssfsi.o)
                              c:/program files (x86)/atmel/studio/7.0/toolchain/avr8/avr8-gnu-toolchain/bin/../lib/gcc/avr/5.4.0/../../../../avr/lib/avr51\libm.a(fixsfsi.o) (__fixunssfsi)
c:/program files (x86)/atmel/studio/7.0/toolchain/avr8/avr8-gnu-toolchain/bin/../lib/gcc/avr/5.4.0/../../../../avr/lib/avr51\libm.a(floatdisf.o)
                              includes/BMP280_SPI/BMP280_SPI.o (__floatdisf)
c:/program files (x86)/atmel/studio/7.0/toolchain/avr8/avr8-gnu-toolchain/bin/../lib/gcc/avr/5.4.0/../../../../avr/lib/avr51\libm.a(floatsisf.o)
                              includes/Ethernet/test_web_client.o (__floatunsisf)
c:/program files (x86)/atmel/studio/7.0/toolchain/avr8/avr8-gnu-toolchain/bin/../lib/gcc/avr/5.4.0/../../../../avr/lib/avr51\libm.a(floatundisf.o)
                              c:/program files (x86)/atmel/studio/7.0/toolchain/avr8/avr8-gnu-toolchain/bin/../lib/gcc/avr/5.4.0/../../../../avr/lib/avr51\libm.a(floatdisf.o) (__fp_di2sf)
c:/program files (x86)/atmel/studio/7.0/toolchain/avr8/avr8-gnu-toolchain/bin/../lib/gcc/avr/5.4.0/../../../../avr/lib/avr51\libm.a(fp_cmp.o)
                              c:/program files (x86)/atmel/studio/7.0/toolchain/avr8/avr8-gnu-toolchain/bin/../lib/gcc/avr/5.4.0/../../../../avr/lib/avr51\libm.a(cmpsf2.o) (__fp_cmp)
c:/program files (x86)/atmel/studio/7.0/toolchain/avr8/avr8-gnu-toolchain/bin/../lib/gcc/avr/5.4.0/../../../../avr/lib/avr51\libm.a(fp_inf.o)
                              c:/program files (x86)/atmel/studio/7.0/toolchain/avr8/avr8-gnu-toolchain/bin/../lib/gcc/avr/5.4.0/../../../../avr/lib/avr51\libm.a(addsf3x.o) (__fp_inf)
c:/program files (x86)/atmel/studio/7.0/toolchain/avr8/avr8-gnu-toolchain/bin/../lib/gcc/avr/5.4.0/../../../../avr/lib/avr51\libm.a(fp_nan.o)
                              c:/program files (x86)/atmel/studio/7.0/toolchain/avr8/avr8-gnu-toolchain/bin/../lib/gcc/avr/5.4.0/../../../../avr/lib/avr51\libm.a(addsf3x.o) (__fp_nan)
c:/program files (x86)/atmel/studio/7.0/toolchain/avr8/avr8-gnu-toolchain/bin/../lib/gcc/avr/5.4.0/../../../../avr/lib/avr51\libm.a(fp_negdi.o)
                              c:/program files (x86)/atmel/studio/7.0/toolchain/avr8/avr8-gnu-toolchain/bin/../lib/gcc/avr/5.4.0/../../../../avr/lib/avr51\libm.a(floatdisf.o) (__fp_negdi)
c:/program files (x86)/atmel/studio/7.0/toolchain/avr8/avr8-gnu-toolchain/bin/../lib/gcc/avr/5.4.0/../../../../avr/lib/avr51\libm.a(fp_pscA.o)
                              c:/program files (x86)/atmel/studio/7.0/toolchain/avr8/avr8-gnu-toolchain/bin/../lib/gcc/avr/5.4.0/../../../../avr/lib/avr51\libm.a(addsf3x.o) (__fp_pscA)
c:/program files (x86)/atmel/studio/7.0/toolchain/avr8/avr8-gnu-toolchain/bin/../lib/gcc/avr/5.4.0/../../../../avr/lib/avr51\libm.a(fp_pscB.o)
                              c:/program files (x86)/atmel/studio/7.0/toolchain/avr8/avr8-gnu-toolchain/bin/../lib/gcc/avr/5.4.0/../../../../avr/lib/avr51\libm.a(addsf3x.o) (__fp_pscB)
c:/program files (x86)/atmel/studio/7.0/toolchain/avr8/avr8-gnu-toolchain/bin/../lib/gcc/avr/5.4.0/../../../../avr/lib/avr51\libm.a(fp_round.o)
                              c:/program files (x86)/atmel/studio/7.0/toolchain/avr8/avr8-gnu-toolchain/bin/../lib/gcc/avr/5.4.0/../../../../avr/lib/avr51\libm.a(addsf3.o) (__fp_round)
[...]
Memory Configuration

Name             Origin             Length             Attributes
text             0x00000000         0x00020000         xr
data             0x00800100         0x0000ff00         rw !x
eeprom           0x00810000         0x00010000         rw !x
fuse             0x00820000         0x00000003         rw !x
lock             0x00830000         0x00000400         rw !x
signature        0x00840000         0x00000400         rw !x
user_signatures  0x00850000         0x00000400         rw !x
*default*        0x00000000         0xffffffff

Linker script and memory map

Address of section .data set to 0x800100
LOAD C:/Program Files (x86)/Atmel/Studio/7.0/Packs/atmel/ATmega_DFP/1.2.209/gcc/dev/atmega1284p/avr51/crtatmega1284p.o
LOAD includes/BMP280_SPI/BMP280_SPI.o
LOAD includes/Ethernet/dnslkup.o
LOAD includes/Ethernet/enc28j60.o
LOAD includes/Ethernet/ip_arp_udp_tcp.o
LOAD includes/Ethernet/test_web_client.o
LOAD includes/Ethernet/websrv_help_functions.o
LOAD includes/FatFs/ff.o
LOAD includes/FatFs/mmc_avr.o
LOAD includes/HIH8120/hih8120.o
LOAD includes/I2C/twimaster.o
LOAD includes/NokiaLCD/nokia.o
LOAD includes/RTC/rtc.o
LOAD includes/SPI/SPI.o
LOAD includes/UART/uart.o
LOAD includes/WindSpeed/windSpeed.o
LOAD main.o
START GROUP
LOAD c:/program files (x86)/atmel/studio/7.0/toolchain/avr8/avr8-gnu-toolchain/bin/../lib/gcc/avr/5.4.0/../../../../avr/lib/avr51\libm.a
END GROUP
START GROUP
LOAD c:/program files (x86)/atmel/studio/7.0/toolchain/avr8/avr8-gnu-toolchain/bin/../lib/gcc/avr/5.4.0/avr51\libgcc.a
LOAD c:/program files (x86)/atmel/studio/7.0/toolchain/avr8/avr8-gnu-toolchain/bin/../lib/gcc/avr/5.4.0/../../../../avr/lib/avr51\libm.a
LOAD c:/program files (x86)/atmel/studio/7.0/toolchain/avr8/avr8-gnu-toolchain/bin/../lib/gcc/avr/5.4.0/../../../../avr/lib/avr51\libc.a
LOAD C:/Program Files (x86)/Atmel/Studio/7.0/Packs/atmel/ATmega_DFP/1.2.209/gcc/dev/atmega1284p/avr51\libatmega1284p.a
END GROUP
                0x00020000                __TEXT_REGION_LENGTH__ = DEFINED (__TEXT_REGION_LENGTH__)?__TEXT_REGION_LENGTH__:0x20000
                0x0000ff00                __DATA_REGION_LENGTH__ = DEFINED (__DATA_REGION_LENGTH__)?__DATA_REGION_LENGTH__:0xff00
                0x00010000                __EEPROM_REGION_LENGTH__ = DEFINED (__EEPROM_REGION_LENGTH__)?__EEPROM_REGION_LENGTH__:0x10000
                [0x00000003]                __FUSE_REGION_LENGTH__ = DEFINED (__FUSE_REGION_LENGTH__)?__FUSE_REGION_LENGTH__:0x400
                0x00000400                __LOCK_REGION_LENGTH__ = DEFINED (__LOCK_REGION_LENGTH__)?__LOCK_REGION_LENGTH__:0x400
                0x00000400                __SIGNATURE_REGION_LENGTH__ = DEFINED (__SIGNATURE_REGION_LENGTH__)?__SIGNATURE_REGION_LENGTH__:0x400
                0x00000400                __USER_SIGNATURE_REGION_LENGTH__ = DEFINED (__USER_SIGNATURE_REGION_LENGTH__)?__USER_SIGNATURE_REGION_LENGTH__:0x400

.hash
 *(.hash)

.dynsym
 *(.dynsym)

.dynstr
 *(.dynstr)

.gnu.version
 *(.gnu.version)

.gnu.version_d
 *(.gnu.version_d)

.gnu.version_r
 *(.gnu.version_r)

.rel.init
 *(.rel.init)

.rela.init
 *(.rela.init)

.rel.text
 *(.rel.text)
 *(.rel.text.*)
 *(.rel.gnu.linkonce.t*)

.rela.text
 *(.rela.text)
 *(.rela.text.*)
 *(.rela.gnu.linkonce.t*)

.rel.fini
 *(.rel.fini)

.rela.fini
 *(.rela.fini)

.rel.rodata
 *(.rel.rodata)
 *(.rel.rodata.*)
 *(.rel.gnu.linkonce.r*)

.rela.rodata
 *(.rela.rodata)
 *(.rela.rodata.*)
 *(.rela.gnu.linkonce.r*)

.rel.data
 *(.rel.data)
 *(.rel.data.*)
 *(.rel.gnu.linkonce.d*)

.rela.data
 *(.rela.data)
 *(.rela.data.*)
 *(.rela.gnu.linkonce.d*)

.rel.ctors
 *(.rel.ctors)

.rela.ctors
 *(.rela.ctors)

.rel.dtors
 *(.rel.dtors)

.rela.dtors
 *(.rela.dtors)

.rel.got
 *(.rel.got)

.rela.got
 *(.rela.got)

.rel.bss
 *(.rel.bss)

.rela.bss
 *(.rela.bss)

.rel.plt
 *(.rel.plt)

.rela.plt
 *(.rela.plt)

.text           0x00000000     0x9c9e
 *(.vectors)
 .vectors       0x00000000       0x8c C:/Program Files (x86)/Atmel/Studio/7.0/Packs/atmel/ATmega_DFP/1.2.209/gcc/dev/atmega1284p/avr51/crtatmega1284p.o
                0x00000000                __vector_default
                0x00000000                __vectors
 *(.vectors)
 *(.progmem.gcc*)
 .progmem.gcc_sw_table.disk_ioctl
                0x0000008c       0x6e includes/FatFs/mmc_avr.o
                0x000000fa                . = ALIGN (0x2)
                0x000000fa                __trampolines_start = .
 *(.trampolines)
 .trampolines   0x000000fa        0x0 linker stubs
 *(.trampolines*)
                0x000000fa                __trampolines_end = .
 *libprintf_flt.a:*(.progmem.data)
 *libc.a:*(.progmem.data)
 .progmem.data  0x000000fa        0xc c:/program files (x86)/atmel/studio/7.0/toolchain/avr8/avr8-gnu-toolchain/bin/../lib/gcc/avr/5.4.0/../../../../avr/lib/avr51\libc.a(vfscanf_std.o)
 .progmem.data  0x00000106       0xfa c:/program files (x86)/atmel/studio/7.0/toolchain/avr8/avr8-gnu-toolchain/bin/../lib/gcc/avr/5.4.0/../../../../avr/lib/avr51\libc.a(ftoa_engine.o)
 *(.progmem*)
 .progmem.data.__c.2463
                0x00000200       0x36 includes/Ethernet/ip_arp_udp_tcp.o
 .progmem.data.__c.2461
                0x00000236       0x11 includes/Ethernet/ip_arp_udp_tcp.o
 .progmem.data.__c.2459
                0x00000247       0x25 includes/Ethernet/ip_arp_udp_tcp.o
 .progmem.data.__c.2457
                0x0000026c        0x3 includes/Ethernet/ip_arp_udp_tcp.o
 .progmem.data.__c.2455
                0x0000026f       0x12 includes/Ethernet/ip_arp_udp_tcp.o
 .progmem.data.__c.2453
                0x00000281        0x6 includes/Ethernet/ip_arp_udp_tcp.o
 .progmem.data.__c.2451
                0x00000287       0x2d includes/Ethernet/ip_arp_udp_tcp.o
 .progmem.data.__c.2449
                0x000002b4       0x12 includes/Ethernet/ip_arp_udp_tcp.o
 .progmem.data.__c.2447
                0x000002c6        0x5 includes/Ethernet/ip_arp_udp_tcp.o
 .progmem.data.arpreqhdr
                0x000002cb        0x8 includes/Ethernet/ip_arp_udp_tcp.o
                0x000002cb                arpreqhdr
 .progmem.data.iphdr
                0x000002d3        0x9 includes/Ethernet/ip_arp_udp_tcp.o
                0x000002d3                iphdr
 .progmem.data.__c.2929
                0x000002dc       0x13 includes/Ethernet/test_web_client.o
 .progmem.data.__c.2927
                0x000002ef       0x19 includes/Ethernet/test_web_client.o
 .progmem.data.__c.2925
                0x00000308       0x1f includes/Ethernet/test_web_client.o
 .progmem.data.__c.2923
                0x00000327        0x7 includes/Ethernet/test_web_client.o
 .progmem.data.__c.2920
                0x0000032e       0x50 includes/Ethernet/test_web_client.o
 .progmem.data.__c.2916
                0x0000037e       0x10 includes/Ethernet/test_web_client.o
 .progmem.data.__c.2901
                0x0000038e        0x7 includes/Ethernet/test_web_client.o
 .progmem.data.__c.2899
                0x00000395       0x10 includes/Ethernet/test_web_client.o
 .progmem.data.__c.2897
                0x000003a5       0x28 includes/Ethernet/test_web_client.o
 .progmem.data.__c.2895
                0x000003cd       0x5c includes/Ethernet/test_web_client.o
 .progmem.data.__c.2893
                0x00000429        0xb includes/Ethernet/test_web_client.o
 .progmem.data.__c.2891
                0x00000434       0x6c includes/Ethernet/test_web_client.o
 .progmem.data.__c.2889
                0x000004a0        0xd includes/Ethernet/test_web_client.o
 .progmem.data.__c.2887
                0x000004ad       0x51 includes/Ethernet/test_web_client.o
 .progmem.data.__c.2885
                0x000004fe        0x7 includes/Ethernet/test_web_client.o
 .progmem.data.__c.2883
                0x00000505       0x52 includes/Ethernet/test_web_client.o
 .progmem.data.__c.2881
                0x00000557        0xd includes/Ethernet/test_web_client.o
 .progmem.data.__c.2879
                0x00000564       0x51 includes/Ethernet/test_web_client.o
 .progmem.data.__c.2877
                0x000005b5        0x7 includes/Ethernet/test_web_client.o
 .progmem.data.__c.2875
                0x000005bc       0x56 includes/Ethernet/test_web_client.o
 .progmem.data.__c.2873
                0x00000612        0xd includes/Ethernet/test_web_client.o
 .progmem.data.__c.2871
                0x0000061f       0x50 includes/Ethernet/test_web_client.o
 .progmem.data.__c.2869
                0x0000066f        0x7 includes/Ethernet/test_web_client.o
 .progmem.data.__c.2867
                0x00000676       0x54 includes/Ethernet/test_web_client.o
 .progmem.data.__c.2865
                0x000006ca       0x26 includes/Ethernet/test_web_client.o
 .progmem.data.__c.2863
                0x000006f0       0x3a includes/Ethernet/test_web_client.o
 .progmem.data.__c.2861
                0x0000072a       0x3c includes/Ethernet/test_web_client.o
 .progmem.data.__c.2859
                0x00000766        0xa includes/Ethernet/test_web_client.o
 .progmem.data.__c.2857
                0x00000770       0x28 includes/Ethernet/test_web_client.o
 .progmem.data.__c.2855
                0x00000798       0x20 includes/Ethernet/test_web_client.o
 .progmem.data.__c.2853
                0x000007b8       0x1d includes/Ethernet/test_web_client.o
 .progmem.data.__c.2851
                0x000007d5       0x6a includes/Ethernet/test_web_client.o
 .progmem.data.__c.2849
                0x0000083f       0x6e includes/Ethernet/test_web_client.o
 .progmem.data.__c.2847
                0x000008ad        0x9 includes/Ethernet/test_web_client.o
 .progmem.data.__c.2845
                0x000008b6        0x8 includes/Ethernet/test_web_client.o
 .progmem.data.__c.2833
                0x000008be        0x7 includes/Ethernet/test_web_client.o
 .progmem.data.__c.2831
                0x000008c5       0x10 includes/Ethernet/test_web_client.o
 .progmem.data.__c.2829
                0x000008d5       0x28 includes/Ethernet/test_web_client.o
 .progmem.data.__c.2827
                0x000008fd       0x5c includes/Ethernet/test_web_client.o
 .progmem.data.__c.2825
                0x00000959        0xb includes/Ethernet/test_web_client.o
 .progmem.data.__c.2823
                0x00000964       0x81 includes/Ethernet/test_web_client.o
 .progmem.data.__c.2821
                0x000009e5       0x60 includes/Ethernet/test_web_client.o
 .progmem.data.__c.2819
                0x00000a45       0x18 includes/Ethernet/test_web_client.o
 .progmem.data.__c.2817
                0x00000a5d       0x42 includes/Ethernet/test_web_client.o
 .progmem.data.__c.2815
                0x00000a9f       0x17 includes/Ethernet/test_web_client.o
 .progmem.data.__c.2813
                0x00000ab6       0x4a includes/Ethernet/test_web_client.o
 .progmem.data.__c.2811
                0x00000b00       0x16 includes/Ethernet/test_web_client.o
 .progmem.data.__c.2809
                0x00000b16       0x40 includes/Ethernet/test_web_client.o
 .progmem.data.__c.2807
                0x00000b56       0x16 includes/Ethernet/test_web_client.o
 .progmem.data.__c.2805
                0x00000b6c       0x46 includes/Ethernet/test_web_client.o
 .progmem.data.__c.2803
                0x00000bb2       0x16 includes/Ethernet/test_web_client.o
 .progmem.data.__c.2801
                0x00000bc8       0x63 includes/Ethernet/test_web_client.o
 .progmem.data.__c.2799
                0x00000c2b       0x1d includes/Ethernet/test_web_client.o
 .progmem.data.__c.2797
                0x00000c48       0x3c includes/Ethernet/test_web_client.o
 .progmem.data.__c.2795
                0x00000c84        0xa includes/Ethernet/test_web_client.o
 .progmem.data.__c.2793
                0x00000c8e       0x28 includes/Ethernet/test_web_client.o
 .progmem.data.__c.2791
                0x00000cb6       0x20 includes/Ethernet/test_web_client.o
 .progmem.data.__c.2789
                0x00000cd6       0x1d includes/Ethernet/test_web_client.o
 .progmem.data.__c.2787
                0x00000cf3       0x6a includes/Ethernet/test_web_client.o
 .progmem.data.__c.2785
                0x00000d5d       0x6e includes/Ethernet/test_web_client.o
 .progmem.data.__c.2783
                0x00000dcb        0x9 includes/Ethernet/test_web_client.o
 .progmem.data.__c.2781
                0x00000dd4        0x8 includes/Ethernet/test_web_client.o
 .progmem.data.__c.2772
                0x00000ddc        0x7 includes/Ethernet/test_web_client.o
 .progmem.data.__c.2770
                0x00000de3       0x10 includes/Ethernet/test_web_client.o
 .progmem.data.__c.2768
                0x00000df3       0x28 includes/Ethernet/test_web_client.o
 .progmem.data.__c.2766
                0x00000e1b       0x63 includes/Ethernet/test_web_client.o
 .progmem.data.__c.2764
                0x00000e7e       0x64 includes/Ethernet/test_web_client.o
 .progmem.data.__c.2762
                0x00000ee2       0x13 includes/Ethernet/test_web_client.o
 .progmem.data.__c.2760
                0x00000ef5        0xc includes/Ethernet/test_web_client.o
 .progmem.data.__c.2758
                0x00000f01       0x20 includes/Ethernet/test_web_client.o
 .progmem.data.__c.2756
                0x00000f21       0x20 includes/Ethernet/test_web_client.o
 .progmem.data.__c.2754
                0x00000f41       0x17 includes/Ethernet/test_web_client.o
 .progmem.data.__c.2752
                0x00000f58       0x10 includes/Ethernet/test_web_client.o
 .progmem.data.__c.2750
                0x00000f68       0x17 includes/Ethernet/test_web_client.o
 .progmem.data.__c.2748
                0x00000f7f       0x12 includes/Ethernet/test_web_client.o
 .progmem.data.__c.2746
                0x00000f91       0x17 includes/Ethernet/test_web_client.o
 .progmem.data.__c.2744
                0x00000fa8        0xf includes/Ethernet/test_web_client.o
 .progmem.data.__c.2742
                0x00000fb7       0x14 includes/Ethernet/test_web_client.o
 .progmem.data.__c.2740
                0x00000fcb        0xe includes/Ethernet/test_web_client.o
 .progmem.data.__c.2738
                0x00000fd9       0x15 includes/Ethernet/test_web_client.o
 .progmem.data.__c.2736
                0x00000fee       0x15 includes/Ethernet/test_web_client.o
 .progmem.data.__c.2734
                0x00001003       0x18 includes/Ethernet/test_web_client.o
 .progmem.data.__c.2732
                0x0000101b       0x20 includes/Ethernet/test_web_client.o
 .progmem.data.__c.2730
                0x0000103b       0x3c includes/Ethernet/test_web_client.o
 .progmem.data.__c.2728
                0x00001077        0xa includes/Ethernet/test_web_client.o
 .progmem.data.__c.2726
                0x00001081       0x28 includes/Ethernet/test_web_client.o
 .progmem.data.__c.2724
                0x000010a9       0x20 includes/Ethernet/test_web_client.o
 .progmem.data.__c.2722
                0x000010c9       0x1d includes/Ethernet/test_web_client.o
 .progmem.data.__c.2720
                0x000010e6       0x6a includes/Ethernet/test_web_client.o
 .progmem.data.__c.2718
                0x00001150       0x6e includes/Ethernet/test_web_client.o
 .progmem.data.__c.2716
                0x000011be        0x9 includes/Ethernet/test_web_client.o
 .progmem.data.__c.2714
                0x000011c7        0x8 includes/Ethernet/test_web_client.o
 .progmem.data.__c.2704
                0x000011cf       0x3f includes/Ethernet/test_web_client.o
 .progmem.data.SplashScreen
                0x0000120e      0x1f8 includes/NokiaLCD/nokia.o
                0x0000120e                SplashScreen
 .progmem.data.__c.2830
                0x00001406       0x17 main.o
 .progmem.data.__c.2825
                0x0000141d       0x16 main.o
 .progmem.data.__c.2936
                0x00001433       0x1a main.o
                0x0000144e                . = ALIGN (0x2)
 *fill*         0x0000144d        0x1 
 *(.jumptables)
 *(.jumptables*)
 *(.lowtext)
 *(.lowtext*)
                0x0000144e                __ctors_start = .
 *(.ctors)
                0x0000144e                __ctors_end = .
                0x0000144e                __dtors_start = .
 *(.dtors)
                0x0000144e                __dtors_end = .
 SORT(*)(.ctors)
 SORT(*)(.dtors)
 *(.init0)
 .init0         0x0000144e        0x0 C:/Program Files (x86)/Atmel/Studio/7.0/Packs/atmel/ATmega_DFP/1.2.209/gcc/dev/atmega1284p/avr51/crtatmega1284p.o
                0x0000144e                __init
 *(.init0)
 *(.init1)
 *(.init1)
 *(.init2)
 .init2         0x0000144e        0xc C:/Program Files (x86)/Atmel/Studio/7.0/Packs/atmel/ATmega_DFP/1.2.209/gcc/dev/atmega1284p/avr51/crtatmega1284p.o
 *(.init2)
 *(.init3)
 .init3         0x0000145a       0x18 main.o
                0x0000145a                wdt_init
 *(.init3)
 *(.init4)
 .init4         0x00001472       0x1a c:/program files (x86)/atmel/studio/7.0/toolchain/avr8/avr8-gnu-toolchain/bin/../lib/gcc/avr/5.4.0/avr51\libgcc.a(_copy_data.o)
                0x00001472                __do_copy_data
 .init4         0x0000148c       0x10 c:/program files (x86)/atmel/studio/7.0/toolchain/avr8/avr8-gnu-toolchain/bin/../lib/gcc/avr/5.4.0/avr51\libgcc.a(_clear_bss.o)
                0x0000148c                __do_clear_bss
 *(.init4)
 *(.init5)
 *(.init5)
 *(.init6)
 *(.init6)
 *(.init7)
 *(.init7)
 *(.init8)
 *(.init8)
 *(.init9)
 .init9         0x0000149c        0x8 C:/Program Files (x86)/Atmel/Studio/7.0/Packs/atmel/ATmega_DFP/1.2.209/gcc/dev/atmega1284p/avr51/crtatmega1284p.o
 *(.init9)
 *(.text)
 .text          0x000014a4        0x4 C:/Program Files (x86)/Atmel/Studio/7.0/Packs/atmel/ATmega_DFP/1.2.209/gcc/dev/atmega1284p/avr51/crtatmega1284p.o
                0x000014a4                __vector_22
                0x000014a4                __vector_28
                0x000014a4                __vector_1
                0x000014a4                __vector_32
                0x000014a4                __vector_34
                0x000014a4                __vector_24
                0x000014a4                __bad_interrupt
                0x000014a4                __vector_31
                0x000014a4                __vector_3
                0x000014a4                __vector_23
                0x000014a4                __vector_30
                0x000014a4                __vector_25
                0x000014a4                __vector_11
                0x000014a4                __vector_13
                0x000014a4                __vector_17
                0x000014a4                __vector_19
                0x000014a4                __vector_7
                0x000014a4                __vector_27
                0x000014a4                __vector_5
                0x000014a4                __vector_33
                0x000014a4                __vector_4
                0x000014a4                __vector_2
                0x000014a4                __vector_21
                0x000014a4                __vector_15
                0x000014a4                __vector_29
                0x000014a4                __vector_8
                0x000014a4                __vector_26
                0x000014a4                __vector_14
                0x000014a4                __vector_10
                0x000014a4                __vector_16
                0x000014a4                __vector_18
                0x000014a4                __vector_20
                0x000014a8                . = ALIGN (0x2)
 *(.text.*)
 .text.bmp280_init
                0x000014a8       0xd4 includes/BMP280_SPI/BMP280_SPI.o
                0x000014a8                bmp280_init
 .text.bmp280_readPressure
                0x0000157c      0x594 includes/BMP280_SPI/BMP280_SPI.o
                0x0000157c                bmp280_readPressure
 .text.udp_client_check_for_dns_answer
                0x00001b10      0x104 includes/Ethernet/dnslkup.o
                0x00001b10                udp_client_check_for_dns_answer
 .text.enc28j60ReadOp
                0x00001c14       0x2a includes/Ethernet/enc28j60.o
                0x00001c14                enc28j60ReadOp
 .text.enc28j60WriteOp
                0x00001c3e       0x1a includes/Ethernet/enc28j60.o
                0x00001c3e                enc28j60WriteOp
 .text.enc28j60ReadBuffer
                0x00001c58       0x34 includes/Ethernet/enc28j60.o
                0x00001c58                enc28j60ReadBuffer
 .text.enc28j60WriteBuffer
                0x00001c8c       0x32 includes/Ethernet/enc28j60.o
                0x00001c8c                enc28j60WriteBuffer
 .text.enc28j60SetBank
                0x00001cbe       0x4a includes/Ethernet/enc28j60.o
                0x00001cbe                enc28j60SetBank
 .text.enc28j60Read
                0x00001d08       0x10 includes/Ethernet/enc28j60.o
                0x00001d08                enc28j60Read
 .text.enc28j60Write
                0x00001d18       0x18 includes/Ethernet/enc28j60.o
                0x00001d18                enc28j60Write
 .text.enc28j60PhyRead
                0x00001d30       0x38 includes/Ethernet/enc28j60.o
                0x00001d30                enc28j60PhyRead
 .text.enc28j60PhyWrite
                0x00001d68       0x32 includes/Ethernet/enc28j60.o
                0x00001d68                enc28j60PhyWrite
 .text.enc28j60clkout
                0x00001d9a        0xa includes/Ethernet/enc28j60.o
                0x00001d9a                enc28j60clkout
 .text.enc28j60Init
                0x00001da4       0xf4 includes/Ethernet/enc28j60.o
                0x00001da4                enc28j60Init
 .text.enc28j60linkup
                0x00001e98        0xc includes/Ethernet/enc28j60.o
                0x00001e98                enc28j60linkup
 .text.enc28j60PacketSend
                0x00001ea4       0x7a includes/Ethernet/enc28j60.o
                0x00001ea4                enc28j60PacketSend
 .text.enc28j60PacketReceive
                0x00001f1e       0xe8 includes/Ethernet/enc28j60.o
                0x00001f1e                enc28j60PacketReceive
 .text.www_client_internal_result_callback
                0x00002006      0x104 includes/Ethernet/ip_arp_udp_tcp.o
                0x00002006                www_client_internal_result_callback
 .text.checksum
                0x0000210a       0xec includes/Ethernet/ip_arp_udp_tcp.o
                0x0000210a                checksum
 .text.init_mac
                0x000021f6       0x16 includes/Ethernet/ip_arp_udp_tcp.o
                0x000021f6                init_mac
 .text.route_via_gw
                0x0000220c       0x46 includes/Ethernet/ip_arp_udp_tcp.o
                0x0000220c                route_via_gw
 .text.check_ip_message_is_from
                0x00002252       0x2e includes/Ethernet/ip_arp_udp_tcp.o
                0x00002252                check_ip_message_is_from
 .text.eth_type_is_arp_and_my_ip
                0x00002280       0x4c includes/Ethernet/ip_arp_udp_tcp.o
                0x00002280                eth_type_is_arp_and_my_ip
 .text.eth_type_is_ip_and_my_ip
                0x000022cc       0x54 includes/Ethernet/ip_arp_udp_tcp.o
                0x000022cc                eth_type_is_ip_and_my_ip
 .text.make_eth
                0x00002320       0x1c includes/Ethernet/ip_arp_udp_tcp.o
                0x00002320                make_eth
 .text.fill_ip_hdr_checksum
                0x0000233c       0x28 includes/Ethernet/ip_arp_udp_tcp.o
                0x0000233c                fill_ip_hdr_checksum
 .text.make_ip  0x00002364       0x22 includes/Ethernet/ip_arp_udp_tcp.o
                0x00002364                make_ip
 .text.step_seq
                0x00002386       0x26 includes/Ethernet/ip_arp_udp_tcp.o
                0x00002386                step_seq
 .text.make_tcphead
                0x000023ac       0x28 includes/Ethernet/ip_arp_udp_tcp.o
                0x000023ac                make_tcphead
 .text.make_arp_answer_from_request
                0x000023d4       0x50 includes/Ethernet/ip_arp_udp_tcp.o
                0x000023d4                make_arp_answer_from_request
 .text.make_echo_reply_from_request
                0x00002424       0x34 includes/Ethernet/ip_arp_udp_tcp.o
                0x00002424                make_echo_reply_from_request
 .text.get_tcp_data_len
                0x00002458       0x30 includes/Ethernet/ip_arp_udp_tcp.o
                0x00002458                get_tcp_data_len
 .text.fill_tcp_data_p
                0x00002488       0x2c includes/Ethernet/ip_arp_udp_tcp.o
                0x00002488                fill_tcp_data_p
 .text.fill_tcp_data_len
                0x000024b4       0x2c includes/Ethernet/ip_arp_udp_tcp.o
                0x000024b4                fill_tcp_data_len
 .text.fill_tcp_data
                0x000024e0       0x14 includes/Ethernet/ip_arp_udp_tcp.o
                0x000024e0                fill_tcp_data
 .text.www_client_internal_datafill_callback
                0x000024f4      0x184 includes/Ethernet/ip_arp_udp_tcp.o
                0x000024f4                www_client_internal_datafill_callback
 .text.make_tcp_ack_from_any
                0x00002678       0x6e includes/Ethernet/ip_arp_udp_tcp.o
                0x00002678                make_tcp_ack_from_any
 .text.make_tcp_ack_with_data_noflags
                0x000026e6       0x40 includes/Ethernet/ip_arp_udp_tcp.o
                0x000026e6                make_tcp_ack_with_data_noflags
 .text.init_udp_or_www_server
                0x00002726       0x28 includes/Ethernet/ip_arp_udp_tcp.o
                0x00002726                init_udp_or_www_server
 .text.www_server_port
                0x0000274e        0xa includes/Ethernet/ip_arp_udp_tcp.o
                0x0000274e                www_server_port
 .text.make_tcp_synack_from_syn
                0x00002758       0x68 includes/Ethernet/ip_arp_udp_tcp.o
                0x00002758                make_tcp_synack_from_syn
 .text.www_server_reply
                0x000027c0       0x2c includes/Ethernet/ip_arp_udp_tcp.o
                0x000027c0                www_server_reply
 .text.fill_buf_p
                0x000027ec       0x1c includes/Ethernet/ip_arp_udp_tcp.o
                0x000027ec                fill_buf_p
 .text.client_arp_whohas
                0x00002808       0x9c includes/Ethernet/ip_arp_udp_tcp.o
                0x00002808                client_arp_whohas
 .text.get_mac_with_arp_wait
                0x000028a4        0xe includes/Ethernet/ip_arp_udp_tcp.o
                0x000028a4                get_mac_with_arp_wait
 .text.get_mac_with_arp
                0x000028b2       0x28 includes/Ethernet/ip_arp_udp_tcp.o
                0x000028b2                get_mac_with_arp
 .text.tcp_client_syn
                0x000028da      0x102 includes/Ethernet/ip_arp_udp_tcp.o
                0x000028da                tcp_client_syn
 .text.client_tcp_req
                0x000029dc       0x6c includes/Ethernet/ip_arp_udp_tcp.o
                0x000029dc                client_tcp_req
 .text.client_tcpSend
                0x00002a48       0x6c includes/Ethernet/ip_arp_udp_tcp.o
                0x00002a48                client_tcpSend
 .text.packetloop_arp_icmp_tcp
                0x00002ab4      0x42a includes/Ethernet/ip_arp_udp_tcp.o
                0x00002ab4                packetloop_arp_icmp_tcp
 .text.browserresult_callback
                0x00002ede        0x2 includes/Ethernet/test_web_client.o
                0x00002ede                browserresult_callback
 .text.arpresolver_result_callback
                0x00002ee0       0x1c includes/Ethernet/test_web_client.o
                0x00002ee0                arpresolver_result_callback
 .text.init_cnt2
                0x00002efc       0x20 includes/Ethernet/test_web_client.o
                0x00002efc                init_cnt2
 .text.__vector_9
                0x00002f1c       0x38 includes/Ethernet/test_web_client.o
                0x00002f1c                __vector_9
 .text.http200ok
                0x00002f54       0x10 includes/Ethernet/test_web_client.o
                0x00002f54                http200ok
 .text.print_webpage
                0x00002f64      0x18c includes/Ethernet/test_web_client.o
                0x00002f64                print_webpage
 .text.print_settings
                0x000030f0      0x236 includes/Ethernet/test_web_client.o
                0x000030f0                print_settings
 .text.print_rtc
                0x00003326      0x270 includes/Ethernet/test_web_client.o
                0x00003326                print_rtc
 .text.software_reset
                0x00003596       0x1e includes/Ethernet/test_web_client.o
                0x00003596                software_reset
 .text.analyse_get_url
                0x000035b4      0x29a includes/Ethernet/test_web_client.o
                0x000035b4                analyse_get_url
 .text.Ether_SendPacket
                0x0000384e      0x28c includes/Ethernet/test_web_client.o
                0x0000384e                Ether_SendPacket
 .text.Ether_init
                0x00003ada       0xd8 includes/Ethernet/test_web_client.o
                0x00003ada                Ether_init
 .text.find_key_val
                0x00003bb2       0xe6 includes/Ethernet/websrv_help_functions.o
                0x00003bb2                find_key_val
 .text.parse_ip
                0x00003c98       0xe0 includes/Ethernet/websrv_help_functions.o
                0x00003c98                parse_ip
 .text.mem_cpy  0x00003d78       0x58 includes/FatFs/ff.o
 .text.get_ldnumber
                0x00003dd0       0x6e includes/FatFs/ff.o
 .text.sync_window
                0x00003e3e       0xd6 includes/FatFs/ff.o
 .text.move_window
                0x00003f14       0x7a includes/FatFs/ff.o
 .text.check_fs
                0x00003f8e       0x74 includes/FatFs/ff.o
 .text.validate
                0x00004002       0x4a includes/FatFs/ff.o
 .text.find_volume
                0x0000404c      0x5d0 includes/FatFs/ff.o
 .text.clust2sect
                0x0000461c       0x50 includes/FatFs/ff.o
                0x0000461c                clust2sect
 .text.get_fat  0x0000466c      0x1c6 includes/FatFs/ff.o
                0x0000466c                get_fat
 .text.dir_sdi  0x00004832      0x174 includes/FatFs/ff.o
 .text.put_fat  0x000049a6      0x246 includes/FatFs/ff.o
                0x000049a6                put_fat
 .text.create_chain
                0x00004bec      0x200 includes/FatFs/ff.o
 .text.dir_next
                0x00004dec      0x26a includes/FatFs/ff.o
 .text.f_mount  0x00005056       0xa6 includes/FatFs/ff.o
                0x00005056                f_mount
 .text.f_open   0x000050fc      0x666 includes/FatFs/ff.o
                0x000050fc                f_open
 .text.f_write  0x00005762      0x334 includes/FatFs/ff.o
                0x00005762                f_write
 .text.f_sync   0x00005a96      0x14c includes/FatFs/ff.o
                0x00005a96                f_sync
 .text.f_close  0x00005be2       0x20 includes/FatFs/ff.o
                0x00005be2                f_close
 .text.f_lseek  0x00005c02      0x38e includes/FatFs/ff.o
                0x00005c02                f_lseek
 .text.deselect
                0x00005f90        0x8 includes/FatFs/mmc_avr.o
 .text.select   0x00005f98       0x2a includes/FatFs/mmc_avr.o
 .text.send_cmd
                0x00005fc2       0xac includes/FatFs/mmc_avr.o
 .text.rcvr_datablock
                0x0000606e       0x74 includes/FatFs/mmc_avr.o
 .text.xmit_datablock
                0x000060e2       0x7a includes/FatFs/mmc_avr.o
 .text.disk_initialize
                0x0000615c      0x16e includes/FatFs/mmc_avr.o
                0x0000615c                disk_initialize
 .text.disk_status
                0x000062ca        0xe includes/FatFs/mmc_avr.o
                0x000062ca                disk_status
 .text.disk_read
                0x000062d8       0xa4 includes/FatFs/mmc_avr.o
                0x000062d8                disk_read
 .text.disk_write
                0x0000637c       0xdc includes/FatFs/mmc_avr.o
                0x0000637c                disk_write
 .text.disk_ioctl
                0x00006458      0x342 includes/FatFs/mmc_avr.o
                0x00006458                disk_ioctl
 .text.hih8120_measure
                0x0000679a       0xc4 includes/HIH8120/hih8120.o
                0x0000679a                hih8120_measure
 .text.i2c_init
                0x0000685e       0x12 includes/I2C/twimaster.o
                0x0000685e                i2c_init
 .text.rtc_I2C_Start
                0x00006870       0x12 includes/I2C/twimaster.o
                0x00006870                rtc_I2C_Start
 .text.i2c_stop
                0x00006882       0x12 includes/I2C/twimaster.o
                0x00006882                i2c_stop
 .text.i2c_write
                0x00006894       0x24 includes/I2C/twimaster.o
                0x00006894                i2c_write
 .text.i2c_readAck
                0x000068b8       0x16 includes/I2C/twimaster.o
                0x000068b8                i2c_readAck
 .text.i2c_readNak
                0x000068ce       0x16 includes/I2C/twimaster.o
                0x000068ce                i2c_readNak
 .text.N5110_Cmnd
                0x000068e4        0xc includes/NokiaLCD/nokia.o
                0x000068e4                N5110_Cmnd
 .text.N5110_Data
                0x000068f0       0x7e includes/NokiaLCD/nokia.o
                0x000068f0                N5110_Data
 .text.N5110_Reset
                0x0000696e       0x18 includes/NokiaLCD/nokia.o
                0x0000696e                N5110_Reset
 .text.N5110_init
                0x00006986       0x52 includes/NokiaLCD/nokia.o
                0x00006986                N5110_init
 .text.lcd_setXY
                0x000069d8        0xe includes/NokiaLCD/nokia.o
                0x000069d8                lcd_setXY
 .text.N5110_clear
                0x000069e6       0x1e includes/NokiaLCD/nokia.o
                0x000069e6                N5110_clear
 .text.N5110_image
                0x00006a04       0x48 includes/NokiaLCD/nokia.o
                0x00006a04                N5110_image
 .text.printPage
                0x00006a4c      0x196 includes/NokiaLCD/nokia.o
                0x00006a4c                printPage
 .text.RTC_SetDateTime
                0x00006be2      0x136 includes/RTC/rtc.o
                0x00006be2                RTC_SetDateTime
 .text.RTC_GetDateTime
                0x00006d18       0xda includes/RTC/rtc.o
                0x00006d18                RTC_GetDateTime
 .text.spi_init_master
                0x00006df2        0xa includes/SPI/SPI.o
                0x00006df2                spi_init_master
 .text.spi_rwSPI
                0x00006dfc        0xc includes/SPI/SPI.o
                0x00006dfc                spi_rwSPI
 .text.spi_BurstRead
                0x00006e08       0x5a includes/SPI/SPI.o
                0x00006e08                spi_BurstRead
 .text.spi_read16
                0x00006e62       0x3e includes/SPI/SPI.o
                0x00006e62                spi_read16
 .text.spi_readS16
                0x00006ea0        0x4 includes/SPI/SPI.o
                0x00006ea0                spi_readS16
 .text.wind_initWindSpeed
                0x00006ea4       0x30 includes/WindSpeed/windSpeed.o
                0x00006ea4                wind_initWindSpeed
 .text.wind_measureFrequency
                0x00006ed4       0x54 includes/WindSpeed/windSpeed.o
                0x00006ed4                wind_measureFrequency
 .text.__vector_12
                0x00006f28       0x60 includes/WindSpeed/windSpeed.o
                0x00006f28                __vector_12
 .text.resetEnemy
                0x00006f88       0x2c main.o
 .text.gameover
                0x00006fb4       0xaa main.o
 .text.adc_read
                0x0000705e       0x20 main.o
                0x0000705e                adc_read
 .text.stringToIntArray
                0x0000707e       0xa0 main.o
                0x0000707e                stringToIntArray
 .text.__vector_6
                0x0000711e       0xd2 main.o
                0x0000711e                __vector_6
 .text.main     0x000071f0      0xa46 main.o
                0x000071f0                main
 .text.avr-libc.fplib
                0x00007c36        0xa c:/program files (x86)/atmel/studio/7.0/toolchain/avr8/avr8-gnu-toolchain/bin/../lib/gcc/avr/5.4.0/../../../../avr/lib/avr51\libm.a(addsf3.o)
                0x00007c36                __subsf3
                0x00007c38                __addsf3
 .text.avr-libc.fplib
                0x00007c40       0xc0 c:/program files (x86)/atmel/studio/7.0/toolchain/avr8/avr8-gnu-toolchain/bin/../lib/gcc/avr/5.4.0/../../../../avr/lib/avr51\libm.a(addsf3x.o)
                0x00007c5a                __addsf3x
 .text.avr-libc.fplib
                0x00007d00        0x8 c:/program files (x86)/atmel/studio/7.0/toolchain/avr8/avr8-gnu-toolchain/bin/../lib/gcc/avr/5.4.0/../../../../avr/lib/avr51\libm.a(cmpsf2.o)
                0x00007d00                __nesf2
                0x00007d00                __eqsf2
                0x00007d00                __cmpsf2
                0x00007d00                __ltsf2
                0x00007d00                __lesf2
 .text.avr-libc.fplib
                0x00007d08        0x4 c:/program files (x86)/atmel/studio/7.0/toolchain/avr8/avr8-gnu-toolchain/bin/../lib/gcc/avr/5.4.0/../../../../avr/lib/avr51\libm.a(divsf3.o)
                0x00007d08                __divsf3
 .text.avr-libc.fplib
                0x00007d0c       0xcc c:/program files (x86)/atmel/studio/7.0/toolchain/avr8/avr8-gnu-toolchain/bin/../lib/gcc/avr/5.4.0/../../../../avr/lib/avr51\libm.a(divsf3x.o)
                0x00007d22                __divsf3x
                0x00007d26                __divsf3_pse
 .text.avr-libc.fplib
                0x00007dd8        0xa c:/program files (x86)/atmel/studio/7.0/toolchain/avr8/avr8-gnu-toolchain/bin/../lib/gcc/avr/5.4.0/../../../../avr/lib/avr51\libm.a(fixsfsi.o)
                0x00007dd8                __fixsfsi
 .text.avr-libc.fplib
                0x00007de2       0x58 c:/program files (x86)/atmel/studio/7.0/toolchain/avr8/avr8-gnu-toolchain/bin/../lib/gcc/avr/5.4.0/../../../../avr/lib/avr51\libm.a(fixunssfsi.o)
                0x00007de2                __fixunssfsi
 .text.avr-libc.fplib
                0x00007e3a        0x8 c:/program files (x86)/atmel/studio/7.0/toolchain/avr8/avr8-gnu-toolchain/bin/../lib/gcc/avr/5.4.0/../../../../avr/lib/avr51\libm.a(floatdisf.o)
                0x00007e3a                __floatdisf
 .text.avr-libc.fplib
                0x00007e42       0x7a c:/program files (x86)/atmel/studio/7.0/toolchain/avr8/avr8-gnu-toolchain/bin/../lib/gcc/avr/5.4.0/../../../../avr/lib/avr51\libm.a(floatsisf.o)
                0x00007e42                __floatunsisf
                0x00007e46                __floatsisf
 .text.avr-libc.fplib
                0x00007ebc       0x7c c:/program files (x86)/atmel/studio/7.0/toolchain/avr8/avr8-gnu-toolchain/bin/../lib/gcc/avr/5.4.0/../../../../avr/lib/avr51\libm.a(floatundisf.o)
                0x00007ebc                __floatundisf
                0x00007ebe                __fp_di2sf
 .text.avr-libc.fplib
                0x00007f38       0x48 c:/program files (x86)/atmel/studio/7.0/toolchain/avr8/avr8-gnu-toolchain/bin/../lib/gcc/avr/5.4.0/../../../../avr/lib/avr51\libm.a(fp_cmp.o)
                0x00007f38                __fp_cmp
 .text.avr-libc.fplib
                0x00007f80        0xc c:/program files (x86)/atmel/studio/7.0/toolchain/avr8/avr8-gnu-toolchain/bin/../lib/gcc/avr/5.4.0/../../../../avr/lib/avr51\libm.a(fp_inf.o)
                0x00007f80                __fp_inf
 .text.avr-libc.fplib
                0x00007f8c        0x6 c:/program files (x86)/atmel/studio/7.0/toolchain/avr8/avr8-gnu-toolchain/bin/../lib/gcc/avr/5.4.0/../../../../avr/lib/avr51\libm.a(fp_nan.o)
                0x00007f8c                __fp_nan
 .text.avr-libc.fplib
                0x00007f92       0x20 c:/program files (x86)/atmel/studio/7.0/toolchain/avr8/avr8-gnu-toolchain/bin/../lib/gcc/avr/5.4.0/../../../../avr/lib/avr51\libm.a(fp_negdi.o)
                0x00007f92                __fp_negdi
 .text.avr-libc.fplib
                0x00007fb2        0xe c:/program files (x86)/atmel/studio/7.0/toolchain/avr8/avr8-gnu-toolchain/bin/../lib/gcc/avr/5.4.0/../../../../avr/lib/avr51\libm.a(fp_pscA.o)
                0x00007fb2                __fp_pscA
 .text.avr-libc.fplib
                0x00007fc0        0xe c:/program files (x86)/atmel/studio/7.0/toolchain/avr8/avr8-gnu-toolchain/bin/../lib/gcc/avr/5.4.0/../../../../avr/lib/avr51\libm.a(fp_pscB.o)
                0x00007fc0                __fp_pscB
 .text.avr-libc.fplib
                0x00007fce       0x22 c:/program files (x86)/atmel/studio/7.0/toolchain/avr8/avr8-gnu-toolchain/bin/../lib/gcc/avr/5.4.0/../../../../avr/lib/avr51\libm.a(fp_round.o)
                0x00007fce                __fp_round
 .text.avr-libc.fplib
                0x00007ff0       0x44 c:/program files (x86)/atmel/studio/7.0/toolchain/avr8/avr8-gnu-toolchain/bin/../lib/gcc/avr/5.4.0/../../../../avr/lib/avr51\libm.a(fp_split3.o)
                0x00007ff0                __fp_split3
                0x00008000                __fp_splitA
 .text.avr-libc.fplib
                0x00008034        0xe c:/program files (x86)/atmel/studio/7.0/toolchain/avr8/avr8-gnu-toolchain/bin/../lib/gcc/avr/5.4.0/../../../../avr/lib/avr51\libm.a(fp_zero.o)
                0x00008034                __fp_zero
                0x00008036                __fp_szero
 .text.avr-libc.fplib
                0x00008042        0x8 c:/program files (x86)/atmel/studio/7.0/toolchain/avr8/avr8-gnu-toolchain/bin/../lib/gcc/avr/5.4.0/../../../../avr/lib/avr51\libm.a(gesf2.o)
                0x00008042                __gesf2
                0x00008042                __gtsf2
 .text.avr-libc.fplib
                0x0000804a        0x4 c:/program files (x86)/atmel/studio/7.0/toolchain/avr8/avr8-gnu-toolchain/bin/../lib/gcc/avr/5.4.0/../../../../avr/lib/avr51\libm.a(mulsf3.o)
                0x0000804a                __mulsf3
 .text.avr-libc.fplib
                0x0000804e       0xc2 c:/program files (x86)/atmel/studio/7.0/toolchain/avr8/avr8-gnu-toolchain/bin/../lib/gcc/avr/5.4.0/../../../../avr/lib/avr51\libm.a(mulsf3x.o)
                0x00008062                __mulsf3x
                0x00008066                __mulsf3_pse
 .text.libgcc.mul
                0x00008110       0x1e c:/program files (x86)/atmel/studio/7.0/toolchain/avr8/avr8-gnu-toolchain/bin/../lib/gcc/avr/5.4.0/avr51\libgcc.a(_mulsi3.o)
                0x00008110                __mulsi3
 .text.libgcc.div
                0x0000812e       0x26 c:/program files (x86)/atmel/studio/7.0/toolchain/avr8/avr8-gnu-toolchain/bin/../lib/gcc/avr/5.4.0/avr51\libgcc.a(_divmodhi4.o)
                0x0000812e                _div
                0x0000812e                __divmodhi4
 .text.libgcc.div
                0x00008154       0x44 c:/program files (x86)/atmel/studio/7.0/toolchain/avr8/avr8-gnu-toolchain/bin/../lib/gcc/avr/5.4.0/avr51\libgcc.a(_udivmodsi4.o)
                0x00008154                __udivmodsi4
 .text.libgcc   0x00008198       0x12 c:/program files (x86)/atmel/studio/7.0/toolchain/avr8/avr8-gnu-toolchain/bin/../lib/gcc/avr/5.4.0/avr51\libgcc.a(_tablejump2.o)
                0x00008198                __tablejump2__
 .text.libgcc.mul
                0x000081aa       0x1e c:/program files (x86)/atmel/studio/7.0/toolchain/avr8/avr8-gnu-toolchain/bin/../lib/gcc/avr/5.4.0/avr51\libgcc.a(_umulhisi3.o)
                0x000081aa                __umulhisi3
 .text.libgcc.mul
                0x000081c8       0x14 c:/program files (x86)/atmel/studio/7.0/toolchain/avr8/avr8-gnu-toolchain/bin/../lib/gcc/avr/5.4.0/avr51\libgcc.a(_muluhisi3.o)
                0x000081c8                __muluhisi3
 .text.libgcc.mul
                0x000081dc        0xc c:/program files (x86)/atmel/studio/7.0/toolchain/avr8/avr8-gnu-toolchain/bin/../lib/gcc/avr/5.4.0/avr51\libgcc.a(_mulshisi3.o)
                0x000081dc                __mulshisi3
                0x000081e0                __mulohisi3
 .text.libgcc.mul
                0x000081e8       0x92 c:/program files (x86)/atmel/studio/7.0/toolchain/avr8/avr8-gnu-toolchain/bin/../lib/gcc/avr/5.4.0/avr51\libgcc.a(_muldi3.o)
                0x000081e8                __muldi3
 .text.libgcc.mul
                0x0000827a       0x10 c:/program files (x86)/atmel/studio/7.0/toolchain/avr8/avr8-gnu-toolchain/bin/../lib/gcc/avr/5.4.0/avr51\libgcc.a(_muldi3_6.o)
                0x0000827a                __muldi3_6
 .text.libgcc.div
                0x0000828a       0x56 c:/program files (x86)/atmel/studio/7.0/toolchain/avr8/avr8-gnu-toolchain/bin/../lib/gcc/avr/5.4.0/avr51\libgcc.a(_divdi3.o)
                0x0000828a                __moddi3
                0x0000828e                __divdi3
                0x00008290                __divdi3_moddi3
 .text.libgcc.div
                0x000082e0       0x1a c:/program files (x86)/atmel/studio/7.0/toolchain/avr8/avr8-gnu-toolchain/bin/../lib/gcc/avr/5.4.0/avr51\libgcc.a(_udivdi3.o)
                0x000082e0                __umoddi3
                0x000082e4                __udivdi3
                0x000082e6                __udivdi3_umoddi3
 .text.libgcc.div
                0x000082fa       0xa2 c:/program files (x86)/atmel/studio/7.0/toolchain/avr8/avr8-gnu-toolchain/bin/../lib/gcc/avr/5.4.0/avr51\libgcc.a(_udivmod64.o)
                0x000082fa                __udivmod64
 .text.libgcc   0x0000839c       0x20 c:/program files (x86)/atmel/studio/7.0/toolchain/avr8/avr8-gnu-toolchain/bin/../lib/gcc/avr/5.4.0/avr51\libgcc.a(_negdi2.o)
                0x0000839c                __negdi2
 .text.libgcc.prologue
                0x000083bc       0x38 c:/program files (x86)/atmel/studio/7.0/toolchain/avr8/avr8-gnu-toolchain/bin/../lib/gcc/avr/5.4.0/avr51\libgcc.a(_prologue.o)
                0x000083bc                __prologue_saves__
 .text.libgcc.prologue
                0x000083f4       0x36 c:/program files (x86)/atmel/studio/7.0/toolchain/avr8/avr8-gnu-toolchain/bin/../lib/gcc/avr/5.4.0/avr51\libgcc.a(_epilogue.o)
                0x000083f4                __epilogue_restores__
 .text.libgcc.builtins
                0x0000842a       0x32 c:/program files (x86)/atmel/studio/7.0/toolchain/avr8/avr8-gnu-toolchain/bin/../lib/gcc/avr/5.4.0/avr51\libgcc.a(_ashldi3.o)
                0x0000842a                __ashldi3
 .text.libgcc.builtins
                0x0000845c       0x3c c:/program files (x86)/atmel/studio/7.0/toolchain/avr8/avr8-gnu-toolchain/bin/../lib/gcc/avr/5.4.0/avr51\libgcc.a(_ashrdi3.o)
                0x0000845c                __ashrdi3
                0x00008460                __lshrdi3
 .text.libgcc   0x00008498       0x12 c:/program files (x86)/atmel/studio/7.0/toolchain/avr8/avr8-gnu-toolchain/bin/../lib/gcc/avr/5.4.0/avr51\libgcc.a(_adddi3.o)
                0x00008498                __adddi3
 .text.libgcc   0x000084aa       0x12 c:/program files (x86)/atmel/studio/7.0/toolchain/avr8/avr8-gnu-toolchain/bin/../lib/gcc/avr/5.4.0/avr51\libgcc.a(_subdi3.o)
                0x000084aa                __subdi3
 .text.libgcc   0x000084bc       0x18 c:/program files (x86)/atmel/studio/7.0/toolchain/avr8/avr8-gnu-toolchain/bin/../lib/gcc/avr/5.4.0/avr51\libgcc.a(_cmpdi2_s8.o)
                0x000084bc                __cmpdi2_s8
 .text.libgcc.div
                0x000084d4       0x28 c:/program files (x86)/atmel/studio/7.0/toolchain/avr8/avr8-gnu-toolchain/bin/../lib/gcc/avr/5.4.0/avr51\libgcc.a(_udivmodhi4.o)
                0x000084d4                __udivmodhi4
 .text.avr-libc
                0x000084fc       0x3e c:/program files (x86)/atmel/studio/7.0/toolchain/avr8/avr8-gnu-toolchain/bin/../lib/gcc/avr/5.4.0/../../../../avr/lib/avr51\libc.a(dtostrf.o)
                0x000084fc                dtostrf
 .text.avr-libc
                0x0000853a       0xac c:/program files (x86)/atmel/studio/7.0/toolchain/avr8/avr8-gnu-toolchain/bin/../lib/gcc/avr/5.4.0/../../../../avr/lib/avr51\libc.a(rand.o)
                0x000085c8                rand_r
                0x000085ca                rand
                0x000085d0                srand
 .text.avr-libc
                0x000085e6      0x256 c:/program files (x86)/atmel/studio/7.0/toolchain/avr8/avr8-gnu-toolchain/bin/../lib/gcc/avr/5.4.0/../../../../avr/lib/avr51\libc.a(strtol.o)
                0x000085e6                strtol
 .text.avr-libc
                0x0000883c       0x3a c:/program files (x86)/atmel/studio/7.0/toolchain/avr8/avr8-gnu-toolchain/bin/../lib/gcc/avr/5.4.0/../../../../avr/lib/avr51\libc.a(atoi.o)
                0x0000883c                atoi
 .text.avr-libc
                0x00008876        0x6 c:/program files (x86)/atmel/studio/7.0/toolchain/avr8/avr8-gnu-toolchain/bin/../lib/gcc/avr/5.4.0/../../../../avr/lib/avr51\libc.a(cty_isfalse.o)
                0x00008876                __ctype_isfalse
                0x0000887a                __ctype_istrue
 .text.avr-libc
                0x0000887c       0x10 c:/program files (x86)/atmel/studio/7.0/toolchain/avr8/avr8-gnu-toolchain/bin/../lib/gcc/avr/5.4.0/../../../../avr/lib/avr51\libc.a(isspace.o)
                0x0000887c                isspace
 .text.avr-libc
                0x0000888c        0xe c:/program files (x86)/atmel/studio/7.0/toolchain/avr8/avr8-gnu-toolchain/bin/../lib/gcc/avr/5.4.0/../../../../avr/lib/avr51\libc.a(isblank.o)
                0x0000888c                isblank
 .text.avr-libc
                0x0000889a       0x1a c:/program files (x86)/atmel/studio/7.0/toolchain/avr8/avr8-gnu-toolchain/bin/../lib/gcc/avr/5.4.0/../../../../avr/lib/avr51\libc.a(memcmp.o)
                0x0000889a                memcmp
 .text.avr-libc
                0x000088b4        0xe c:/program files (x86)/atmel/studio/7.0/toolchain/avr8/avr8-gnu-toolchain/bin/../lib/gcc/avr/5.4.0/../../../../avr/lib/avr51\libc.a(strcpy.o)
                0x000088b4                strcpy
 .text.avr-libc
                0x000088c2       0x1c c:/program files (x86)/atmel/studio/7.0/toolchain/avr8/avr8-gnu-toolchain/bin/../lib/gcc/avr/5.4.0/../../../../avr/lib/avr51\libc.a(strncmp.o)
                0x000088c2                strncmp
 .text.avr-libc
                0x000088de       0x14 c:/program files (x86)/atmel/studio/7.0/toolchain/avr8/avr8-gnu-toolchain/bin/../lib/gcc/avr/5.4.0/../../../../avr/lib/avr51\libc.a(itoa_ncheck.o)
                0x000088de                __itoa_ncheck
 .text.avr-libc
                0x000088f2       0x10 c:/program files (x86)/atmel/studio/7.0/toolchain/avr8/avr8-gnu-toolchain/bin/../lib/gcc/avr/5.4.0/../../../../avr/lib/avr51\libc.a(mul10.o)
                0x000088f2                __mulhi_const_10
 .text.avr-libc
                0x00008902       0x34 c:/program files (x86)/atmel/studio/7.0/toolchain/avr8/avr8-gnu-toolchain/bin/../lib/gcc/avr/5.4.0/../../../../avr/lib/avr51\libc.a(utoa_ncheck.o)
                0x00008902                __utoa_ncheck
                0x00008904                __utoa_common
 .text.avr-libc
                0x00008936       0x26 c:/program files (x86)/atmel/studio/7.0/toolchain/avr8/avr8-gnu-toolchain/bin/../lib/gcc/avr/5.4.0/../../../../avr/lib/avr51\libc.a(printf.o)
                0x00008936                printf
 .text.avr-libc
                0x0000895c       0x4e c:/program files (x86)/atmel/studio/7.0/toolchain/avr8/avr8-gnu-toolchain/bin/../lib/gcc/avr/5.4.0/../../../../avr/lib/avr51\libc.a(printf_p.o)
                0x0000895c                printf_P
 .text.avr-libc
                0x000089aa       0x60 c:/program files (x86)/atmel/studio/7.0/toolchain/avr8/avr8-gnu-toolchain/bin/../lib/gcc/avr/5.4.0/../../../../avr/lib/avr51\libc.a(puts.o)
                0x000089aa                puts
 .text.avr-libc
                0x00008a0a       0x62 c:/program files (x86)/atmel/studio/7.0/toolchain/avr8/avr8-gnu-toolchain/bin/../lib/gcc/avr/5.4.0/../../../../avr/lib/avr51\libc.a(puts_p.o)
                0x00008a0a                puts_P
 .text.avr-libc
                0x00008a6c       0x78 c:/program files (x86)/atmel/studio/7.0/toolchain/avr8/avr8-gnu-toolchain/bin/../lib/gcc/avr/5.4.0/../../../../avr/lib/avr51\libc.a(snprintf.o)
                0x00008a6c                snprintf
 .text.avr-libc
                0x00008ae4       0x5c c:/program files (x86)/atmel/studio/7.0/toolchain/avr8/avr8-gnu-toolchain/bin/../lib/gcc/avr/5.4.0/../../../../avr/lib/avr51\libc.a(sprintf.o)
                0x00008ae4                sprintf
 .text.avr-libc
                0x00008b40       0x42 c:/program files (x86)/atmel/studio/7.0/toolchain/avr8/avr8-gnu-toolchain/bin/../lib/gcc/avr/5.4.0/../../../../avr/lib/avr51\libc.a(sscanf.o)
                0x00008b40                sscanf
 .text.avr-libc
                0x00008b82      0x3fa c:/program files (x86)/atmel/studio/7.0/toolchain/avr8/avr8-gnu-toolchain/bin/../lib/gcc/avr/5.4.0/../../../../avr/lib/avr51\libc.a(vfprintf_std.o)
                0x00008b82                vfprintf
 .text.avr-libc
                0x00008f7c      0x592 c:/program files (x86)/atmel/studio/7.0/toolchain/avr8/avr8-gnu-toolchain/bin/../lib/gcc/avr/5.4.0/../../../../avr/lib/avr51\libc.a(vfscanf_std.o)
                0x000092e0                vfscanf
 .text.avr-libc
                0x0000950e      0x2ec c:/program files (x86)/atmel/studio/7.0/toolchain/avr8/avr8-gnu-toolchain/bin/../lib/gcc/avr/5.4.0/../../../../avr/lib/avr51\libc.a(dtoa_prf.o)
                0x0000950e                dtoa_prf
 .text.avr-libc
                0x000097fa      0x1b0 c:/program files (x86)/atmel/studio/7.0/toolchain/avr8/avr8-gnu-toolchain/bin/../lib/gcc/avr/5.4.0/../../../../avr/lib/avr51\libc.a(ftoa_engine.o)
                0x000097fa                __ftoa_engine
 .text.avr-libc
                0x000099aa       0x16 c:/program files (x86)/atmel/studio/7.0/toolchain/avr8/avr8-gnu-toolchain/bin/../lib/gcc/avr/5.4.0/../../../../avr/lib/avr51\libc.a(strchr_P.o)
                0x000099aa                strchr_P
 .text.avr-libc
                0x000099c0       0x16 c:/program files (x86)/atmel/studio/7.0/toolchain/avr8/avr8-gnu-toolchain/bin/../lib/gcc/avr/5.4.0/../../../../avr/lib/avr51\libc.a(strnlen_P.o)
                0x000099c0                strnlen_P
 .text.avr-libc
                0x000099d6       0x16 c:/program files (x86)/atmel/studio/7.0/toolchain/avr8/avr8-gnu-toolchain/bin/../lib/gcc/avr/5.4.0/../../../../avr/lib/avr51\libc.a(strnlen.o)
                0x000099d6                strnlen
 .text.avr-libc
                0x000099ec       0x20 c:/program files (x86)/atmel/studio/7.0/toolchain/avr8/avr8-gnu-toolchain/bin/../lib/gcc/avr/5.4.0/../../../../avr/lib/avr51\libc.a(strrev.o)
                0x000099ec                strrev
 .text.avr-libc
                0x00009a0c       0x7c c:/program files (x86)/atmel/studio/7.0/toolchain/avr8/avr8-gnu-toolchain/bin/../lib/gcc/avr/5.4.0/../../../../avr/lib/avr51\libc.a(fgetc.o)
                0x00009a0c                fgetc
 .text.avr-libc
                0x00009a88       0x78 c:/program files (x86)/atmel/studio/7.0/toolchain/avr8/avr8-gnu-toolchain/bin/../lib/gcc/avr/5.4.0/../../../../avr/lib/avr51\libc.a(fputc.o)
                0x00009a88                fputc
 .text.avr-libc
                0x00009b00       0x32 c:/program files (x86)/atmel/studio/7.0/toolchain/avr8/avr8-gnu-toolchain/bin/../lib/gcc/avr/5.4.0/../../../../avr/lib/avr51\libc.a(ungetc.o)
                0x00009b00                ungetc
 .text.avr-libc
                0x00009b32       0xbc c:/program files (x86)/atmel/studio/7.0/toolchain/avr8/avr8-gnu-toolchain/bin/../lib/gcc/avr/5.4.0/../../../../avr/lib/avr51\libc.a(ultoa_invert.o)
                0x00009b32                __ultoa_invert
 .text.avr-libc
                0x00009bee        0xa C:/Program Files (x86)/Atmel/Studio/7.0/Packs/atmel/ATmega_DFP/1.2.209/gcc/dev/atmega1284p/avr51\libatmega1284p.a(eerd_dword.o)
                0x00009bee                eeprom_read_float
                0x00009bee                eeprom_read_dword
 .text.avr-libc
                0x00009bf8        0xa C:/Program Files (x86)/Atmel/Studio/7.0/Packs/atmel/ATmega_DFP/1.2.209/gcc/dev/atmega1284p/avr51\libatmega1284p.a(eerd_word.o)
                0x00009bf8                eeprom_read_word
 .text.avr-libc
                0x00009c02       0x12 C:/Program Files (x86)/Atmel/Studio/7.0/Packs/atmel/ATmega_DFP/1.2.209/gcc/dev/atmega1284p/avr51\libatmega1284p.a(eewr_block.o)
                0x00009c02                eeprom_write_block
 .text.avr-libc
                0x00009c14       0x1c C:/Program Files (x86)/Atmel/Studio/7.0/Packs/atmel/ATmega_DFP/1.2.209/gcc/dev/atmega1284p/avr51\libatmega1284p.a(eewr_byte.o)
                0x00009c14                eeprom_write_byte
                0x00009c16                eeprom_write_r18
 .text.avr-libc
                0x00009c30        0xa C:/Program Files (x86)/Atmel/Studio/7.0/Packs/atmel/ATmega_DFP/1.2.209/gcc/dev/atmega1284p/avr51\libatmega1284p.a(eewr_dword.o)
                0x00009c30                eeprom_write_dword
                0x00009c30                eeprom_write_float
 .text.avr-libc
                0x00009c3a        0x6 C:/Program Files (x86)/Atmel/Studio/7.0/Packs/atmel/ATmega_DFP/1.2.209/gcc/dev/atmega1284p/avr51\libatmega1284p.a(eewr_word.o)
                0x00009c3a                eeprom_write_word
 .text.avr-libc
                0x00009c40       0x20 C:/Program Files (x86)/Atmel/Studio/7.0/Packs/atmel/ATmega_DFP/1.2.209/gcc/dev/atmega1284p/avr51\libatmega1284p.a(eerd_block.o)
                0x00009c40                eeprom_read_block
                0x00009c44                eeprom_read_blraw
 .text.libgcc.div
                0x00009c60       0x2a c:/program files (x86)/atmel/studio/7.0/toolchain/avr8/avr8-gnu-toolchain/bin/../lib/gcc/avr/5.4.0/avr51\libgcc.a(_divmodsi4.o)
                0x00009c60                __divmodsi4
 .text.libgcc.div
                0x00009c8a       0x10 c:/program files (x86)/atmel/studio/7.0/toolchain/avr8/avr8-gnu-toolchain/bin/../lib/gcc/avr/5.4.0/avr51\libgcc.a(_negsi2.o)
                0x00009c8a                __negsi2
                0x00009c9a                . = ALIGN (0x2)
 *(.fini9)
 .fini9         0x00009c9a        0x0 c:/program files (x86)/atmel/studio/7.0/toolchain/avr8/avr8-gnu-toolchain/bin/../lib/gcc/avr/5.4.0/avr51\libgcc.a(_exit.o)
                0x00009c9a                _exit
                0x00009c9a                exit
 *(.fini9)
 *(.fini8)
 *(.fini8)
 *(.fini7)
 *(.fini7)
 *(.fini6)
 *(.fini6)
 *(.fini5)
 *(.fini5)
 *(.fini4)
 *(.fini4)
 *(.fini3)
 *(.fini3)
 *(.fini2)
 *(.fini2)
 *(.fini1)
 *(.fini1)
 *(.fini0)
 .fini0         0x00009c9a        0x4 c:/program files (x86)/atmel/studio/7.0/toolchain/avr8/avr8-gnu-toolchain/bin/../lib/gcc/avr/5.4.0/avr51\libgcc.a(_exit.o)
 *(.fini0)
                0x00009c9e                _etext = .

.data           0x00800100      0x3f8 load address 0x00009c9e
                0x00800100                PROVIDE (__data_start, .)
 *(.data)
 .data          0x00800100        0x4 c:/program files (x86)/atmel/studio/7.0/toolchain/avr8/avr8-gnu-toolchain/bin/../lib/gcc/avr/5.4.0/../../../../avr/lib/avr51\libc.a(rand.o)
 *(.data*)
 .data.ipid     0x00800104        0x1 includes/Ethernet/ip_arp_udp_tcp.o
 .data.ipnetmask
                0x00800105        0x4 includes/Ethernet/ip_arp_udp_tcp.o
 .data.wwwport_l
                0x00800109        0x1 includes/Ethernet/ip_arp_udp_tcp.o
 .data.arp_delaycnt
                0x0080010a        0x2 includes/Ethernet/ip_arp_udp_tcp.o
 .data.tcpclient_src_port_l
                0x0080010c        0x1 includes/Ethernet/ip_arp_udp_tcp.o
 .data.seqnum   0x0080010d        0x1 includes/Ethernet/ip_arp_udp_tcp.o
 .data.gwip     0x0080010e        0x4 includes/Ethernet/test_web_client.o
                0x0080010e                gwip
 .data.serverip
                0x00800112       0x10 includes/Ethernet/test_web_client.o
                0x00800112                serverip
 .data.myip     0x00800122        0x4 includes/Ethernet/test_web_client.o
                0x00800122                myip
 .data.mymac    0x00800126        0x6 includes/Ethernet/test_web_client.o
 .data.Stat     0x0080012c        0x1 includes/FatFs/mmc_avr.o
 .data.hih8120_temperature_C
                0x0080012d        0x4 includes/HIH8120/hih8120.o
                0x0080012d                hih8120_temperature_C
 .data.hih8120_humidity
                0x00800131        0x4 includes/HIH8120/hih8120.o
                0x00800131                hih8120_humidity
 .data.playerPos
                0x00800135        0x1 main.o
                0x00800135                playerPos
 .data.page     0x00800136        0x2 main.o
                0x00800136                page
 .data.brightness
                0x00800138        0x2 main.o
                0x00800138                brightness
 .data.halleff  0x0080013a        0x2 main.o
                0x0080013a                halleff
 *(.gnu.linkonce.d*)
 *(.rodata)
 *(.rodata*)
 .rodata.str1.1
                0x0080013c       0x9e includes/Ethernet/test_web_client.o
                                 0xa6 (size before relaxing)
 .rodata.str1.1
                0x008001da        0xf includes/FatFs/ff.o
 .rodata.str1.1
                0x008001e9       0x62 includes/NokiaLCD/nokia.o
                                 0x77 (size before relaxing)
 .rodata.ASCII  0x0080024b      0x1e0 includes/NokiaLCD/nokia.o
 .rodata.str1.1
                0x0080042b       0xcd main.o
                                 0xce (size before relaxing)
 *(.gnu.linkonce.r*)
                0x008004f8                . = ALIGN (0x2)
                0x008004f8                _edata = .
                0x008004f8                PROVIDE (__data_end, .)

.bss            0x008004f8     0x119b
                0x008004f8                PROVIDE (__bss_start, .)
 *(.bss)
 *(.bss*)
 .bss.dns_ansError
                0x008004f8        0x1 includes/Ethernet/dnslkup.o
 .bss.dns_answerip
                0x008004f9        0x4 includes/Ethernet/dnslkup.o
 .bss.haveDNSanswer
                0x008004fd        0x1 includes/Ethernet/dnslkup.o
 .bss.dnstid_l  0x008004fe        0x1 includes/Ethernet/dnslkup.o
 .bss.gNextPacketPtr
                0x008004ff        0x2 includes/Ethernet/enc28j60.o
 .bss.Enc28j60Bank
                0x00800501        0x1 includes/Ethernet/enc28j60.o
 .bss.info_data_len
                0x00800502        0x2 includes/Ethernet/ip_arp_udp_tcp.o
 .bss.wwwport_h
                0x00800504        0x1 includes/Ethernet/ip_arp_udp_tcp.o
 .bss.arp_reference_number
                0x00800505        0x1 includes/Ethernet/ip_arp_udp_tcp.o
 .bss.arpip_state
                0x00800506        0x1 includes/Ethernet/ip_arp_udp_tcp.o
 .bss.arpip     0x00800507        0x4 includes/Ethernet/ip_arp_udp_tcp.o
 .bss.bufptr    0x0080050b        0x2 includes/Ethernet/ip_arp_udp_tcp.o
 .bss.client_hoststr
                0x0080050d        0x2 includes/Ethernet/ip_arp_udp_tcp.o
 .bss.client_urlbuf_var
                0x0080050f        0x2 includes/Ethernet/ip_arp_udp_tcp.o
 .bss.client_urlbuf_p
                0x00800511        0x2 includes/Ethernet/ip_arp_udp_tcp.o
 .bss.client_postval
                0x00800513        0x2 includes/Ethernet/ip_arp_udp_tcp.o
 .bss.client_additionalheaderline_p
                0x00800515        0x2 includes/Ethernet/ip_arp_udp_tcp.o
 .bss.client_browser_callback
                0x00800517        0x2 includes/Ethernet/ip_arp_udp_tcp.o
 .bss.browsertype
                0x00800519        0x1 includes/Ethernet/ip_arp_udp_tcp.o
 .bss.www_fd    0x0080051a        0x1 includes/Ethernet/ip_arp_udp_tcp.o
 .bss.client_tcp_datafill_callback
                0x0080051b        0x2 includes/Ethernet/ip_arp_udp_tcp.o
 .bss.client_tcp_result_callback
                0x0080051d        0x2 includes/Ethernet/ip_arp_udp_tcp.o
 .bss.tcp_client_port
                0x0080051f        0x2 includes/Ethernet/ip_arp_udp_tcp.o
 .bss.tcp_client_state
                0x00800521        0x1 includes/Ethernet/ip_arp_udp_tcp.o
 .bss.tcp_dst_mac
                0x00800522        0x6 includes/Ethernet/ip_arp_udp_tcp.o
 .bss.tcp_otherside_ip
                0x00800528        0x4 includes/Ethernet/ip_arp_udp_tcp.o
 .bss.tcp_fd    0x0080052c        0x1 includes/Ethernet/ip_arp_udp_tcp.o
 .bss.icmp_callback
                0x0080052d        0x2 includes/Ethernet/ip_arp_udp_tcp.o
 .bss.ipaddr    0x0080052f        0x4 includes/Ethernet/ip_arp_udp_tcp.o
 .bss.macaddr   0x00800533        0x6 includes/Ethernet/ip_arp_udp_tcp.o
 .bss.restart   0x00800539        0x2 includes/Ethernet/test_web_client.o
                0x00800539                restart
 .bss.processing_state
                0x0080053b        0x1 includes/Ethernet/test_web_client.o
 .bss.start_web_client
                0x0080053c        0x1 includes/Ethernet/test_web_client.o
 .bss.sendingPacket
                0x0080053d        0x1 includes/Ethernet/test_web_client.o
                0x0080053d                sendingPacket
 .bss.cnt2step  0x0080053e        0x1 includes/Ethernet/test_web_client.o
 .bss.sec       0x0080053f        0x1 includes/Ethernet/test_web_client.o
                0x0080053f                sec
 .bss.buf       0x00800540      0xbb9 includes/Ethernet/test_web_client.o
 .bss.otherside_www_ip
                0x008010f9        0x4 includes/Ethernet/test_web_client.o
 .bss.gwmac     0x008010fd        0x6 includes/Ethernet/test_web_client.o
 .bss.Fsid      0x00801103        0x2 includes/FatFs/ff.o
 .bss.FatFs     0x00801105        0x2 includes/FatFs/ff.o
 .bss.CardType  0x00801107        0x1 includes/FatFs/mmc_avr.o
 .bss.Timer2    0x00801108        0x1 includes/FatFs/mmc_avr.o
 .bss.Timer1    0x00801109        0x1 includes/FatFs/mmc_avr.o
 .bss.period    0x0080110a        0x2 includes/WindSpeed/windSpeed.o
                0x0080110a                period
 .bss.t_2       0x0080110c        0x2 includes/WindSpeed/windSpeed.o
                0x0080110c                t_2
 .bss.t_1       0x0080110e        0x2 includes/WindSpeed/windSpeed.o
                0x0080110e                t_1
 .bss.count     0x00801110        0x2 main.o
                0x00801110                count
 .bss.highscore
                0x00801112        0x2 main.o
                0x00801112                highscore
 .bss.score     0x00801114        0x2 main.o
                0x00801114                score
 .bss.tempPos   0x00801116        0x2 main.o
                0x00801116                tempPos
 .bss.cursorPos
                0x00801118        0x2 main.o
                0x00801118                cursorPos
 .bss.enemyPos  0x0080111a        0x1 main.o
                0x0080111a                enemyPos
 .bss.gameMode  0x0080111b        0x1 main.o
                0x0080111b                gameMode
 .bss.Level     0x0080111c      0x1f8 main.o
                0x0080111c                Level
 *(COMMON)
 COMMON         0x00801314       0x25 includes/BMP280_SPI/BMP280_SPI.o
                0x00801314                _bmp280_calib
                0x00801335                t_fine
 COMMON         0x00801339        0x2 includes/Ethernet/ip_arp_udp_tcp.o
                0x00801339                client_arp_result_callback
 COMMON         0x0080133b        0x5 includes/WindSpeed/windSpeed.o
                0x0080133b                flag
                0x0080133c                wind_frequency
 COMMON         0x00801340      0x34b main.o
                0x00801340                FatFs
                0x0080156e                anglChar
                0x00801578                magnetVal
                0x0080157a                bullets
                0x0080157c                LargestDirectionValue
                0x0080157e                rtc
                0x00801585                humidChar
                0x0080158f                timeout
                0x00801591                tempChar
                0x0080159b                bw
                0x0080159d                invaderBullet
                0x008015a7                pressChar
                0x008015b7                enemy
                0x008015e1                Fil
                0x00801601                speedChar
                0x0080160b                packetStr
 COMMON         0x0080168b        0x2 c:/program files (x86)/atmel/studio/7.0/toolchain/avr8/avr8-gnu-toolchain/bin/../lib/gcc/avr/5.4.0/../../../../avr/lib/avr51\libc.a(errno.o)
                0x0080168b                errno
 COMMON         0x0080168d        0x6 c:/program files (x86)/atmel/studio/7.0/toolchain/avr8/avr8-gnu-toolchain/bin/../lib/gcc/avr/5.4.0/../../../../avr/lib/avr51\libc.a(iob.o)
                0x0080168d                __iob
                0x00801693                PROVIDE (__bss_end, .)
                0x00009c9e                __data_load_start = LOADADDR (.data)
                0x0000a096                __data_load_end = (__data_load_start + SIZEOF (.data))

.noinit         0x00801693        0x0
                [!provide]                PROVIDE (__noinit_start, .)
 *(.noinit*)
                [!provide]                PROVIDE (__noinit_end, .)
                0x00801693                _end = .
                [!provide]                PROVIDE (__heap_start, .)

.eeprom         0x00810000        0x0
 *(.eeprom*)
                0x00810000                __eeprom_end = .

.fuse
 *(.fuse)
 *(.lfuse)
 *(.hfuse)
 *(.efuse)

.lock
 *(.lock*)

.signature
 *(.signature*)

.user_signatures
 *(.user_signatures*)

.stab
 *(.stab)

.stabstr
 *(.stabstr)

.stab.excl
 *(.stab.excl)

.stab.exclstr
 *(.stab.exclstr)

.stab.index
 *(.stab.index)

.stab.indexstr
 *(.stab.indexstr)

.comment        0x00000000       0x5c
 *(.comment)
 .comment       0x00000000       0x30 includes/BMP280_SPI/BMP280_SPI.o
                                 0x31 (size before relaxing)
 .comment       0x00000030       0x31 includes/Ethernet/dnslkup.o
 .comment       0x00000030       0x31 includes/Ethernet/enc28j60.o
 .comment       0x00000030       0x31 includes/Ethernet/ip_arp_udp_tcp.o
 .comment       0x00000030       0x31 includes/Ethernet/test_web_client.o
 .comment       0x00000030       0x31 includes/Ethernet/websrv_help_functions.o
 .comment       0x00000030       0x31 includes/FatFs/ff.o
 .comment       0x00000030       0x31 includes/FatFs/mmc_avr.o
 .comment       0x00000030       0x31 includes/HIH8120/hih8120.o
 .comment       0x00000030       0x31 includes/I2C/twimaster.o
 .comment       0x00000030       0x31 includes/NokiaLCD/nokia.o
 .comment       0x00000030       0x31 includes/RTC/rtc.o
 .comment       0x00000030       0x31 includes/SPI/SPI.o
 .comment       0x00000030       0x31 includes/WindSpeed/windSpeed.o
 .comment       0x00000030       0x31 main.o
 .comment       0x00000030       0x31 c:/program files (x86)/atmel/studio/7.0/toolchain/avr8/avr8-gnu-toolchain/bin/../lib/gcc/avr/5.4.0/../../../../avr/lib/avr51\libc.a(dtostrf.o)
 .comment       0x00000030       0x31 c:/program files (x86)/atmel/studio/7.0/toolchain/avr8/avr8-gnu-toolchain/bin/../lib/gcc/avr/5.4.0/../../../../avr/lib/avr51\libc.a(rand.o)
 .comment       0x00000030       0x31 c:/program files (x86)/atmel/studio/7.0/toolchain/avr8/avr8-gnu-toolchain/bin/../lib/gcc/avr/5.4.0/../../../../avr/lib/avr51\libc.a(strtol.o)
 .comment       0x00000030       0x31 c:/program files (x86)/atmel/studio/7.0/toolchain/avr8/avr8-gnu-toolchain/bin/../lib/gcc/avr/5.4.0/../../../../avr/lib/avr51\libc.a(printf.o)
 .comment       0x00000030       0x31 c:/program files (x86)/atmel/studio/7.0/toolchain/avr8/avr8-gnu-toolchain/bin/../lib/gcc/avr/5.4.0/../../../../avr/lib/avr51\libc.a(printf_p.o)
 .comment       0x00000030       0x31 c:/program files (x86)/atmel/studio/7.0/toolchain/avr8/avr8-gnu-toolchain/bin/../lib/gcc/avr/5.4.0/../../../../avr/lib/avr51\libc.a(puts.o)
 .comment       0x00000030       0x31 c:/program files (x86)/atmel/studio/7.0/toolchain/avr8/avr8-gnu-toolchain/bin/../lib/gcc/avr/5.4.0/../../../../avr/lib/avr51\libc.a(puts_p.o)
 .comment       0x00000030       0x31 c:/program files (x86)/atmel/studio/7.0/toolchain/avr8/avr8-gnu-toolchain/bin/../lib/gcc/avr/5.4.0/../../../../avr/lib/avr51\libc.a(snprintf.o)
 .comment       0x00000030       0x31 c:/program files (x86)/atmel/studio/7.0/toolchain/avr8/avr8-gnu-toolchain/bin/../lib/gcc/avr/5.4.0/../../../../avr/lib/avr51\libc.a(sprintf.o)
 .comment       0x00000030       0x31 c:/program files (x86)/atmel/studio/7.0/toolchain/avr8/avr8-gnu-toolchain/bin/../lib/gcc/avr/5.4.0/../../../../avr/lib/avr51\libc.a(sscanf.o)
 .comment       0x00000030       0x2c c:/program files (x86)/atmel/studio/7.0/toolchain/avr8/avr8-gnu-toolchain/bin/../lib/gcc/avr/5.4.0/../../../../avr/lib/avr51\libc.a(vfprintf_std.o)
                                 0x2d (size before relaxing)
 .comment       0x0000005c       0x2d c:/program files (x86)/atmel/studio/7.0/toolchain/avr8/avr8-gnu-toolchain/bin/../lib/gcc/avr/5.4.0/../../../../avr/lib/avr51\libc.a(vfscanf_std.o)
 .comment       0x0000005c       0x2d c:/program files (x86)/atmel/studio/7.0/toolchain/avr8/avr8-gnu-toolchain/bin/../lib/gcc/avr/5.4.0/../../../../avr/lib/avr51\libc.a(errno.o)
 .comment       0x0000005c       0x31 c:/program files (x86)/atmel/studio/7.0/toolchain/avr8/avr8-gnu-toolchain/bin/../lib/gcc/avr/5.4.0/../../../../avr/lib/avr51\libc.a(dtoa_prf.o)
 .comment       0x0000005c       0x31 c:/program files (x86)/atmel/studio/7.0/toolchain/avr8/avr8-gnu-toolchain/bin/../lib/gcc/avr/5.4.0/../../../../avr/lib/avr51\libc.a(fgetc.o)
 .comment       0x0000005c       0x31 c:/program files (x86)/atmel/studio/7.0/toolchain/avr8/avr8-gnu-toolchain/bin/../lib/gcc/avr/5.4.0/../../../../avr/lib/avr51\libc.a(fputc.o)
 .comment       0x0000005c       0x31 c:/program files (x86)/atmel/studio/7.0/toolchain/avr8/avr8-gnu-toolchain/bin/../lib/gcc/avr/5.4.0/../../../../avr/lib/avr51\libc.a(iob.o)
 .comment       0x0000005c       0x31 c:/program files (x86)/atmel/studio/7.0/toolchain/avr8/avr8-gnu-toolchain/bin/../lib/gcc/avr/5.4.0/../../../../avr/lib/avr51\libc.a(ungetc.o)

.note.gnu.avr.deviceinfo
                0x00000000       0x40
 .note.gnu.avr.deviceinfo
                0x00000000       0x40 C:/Program Files (x86)/Atmel/Studio/7.0/Packs/atmel/ATmega_DFP/1.2.209/gcc/dev/atmega1284p/avr51/crtatmega1284p.o

.note.gnu.build-id
 *(.note.gnu.build-id)

.debug
 *(.debug)

.line
 *(.line)

.debug_srcinfo
 *(.debug_srcinfo)

.debug_sfnames
 *(.debug_sfnames)

.debug_aranges  0x00000000      0x700
 *(.debug_aranges)
 .debug_aranges
                0x00000000       0x28 includes/BMP280_SPI/BMP280_SPI.o
 .debug_aranges
                0x00000028       0x48 includes/Ethernet/dnslkup.o
 .debug_aranges
                0x00000070       0x98 includes/Ethernet/enc28j60.o
 .debug_aranges
                0x00000108      0x158 includes/Ethernet/ip_arp_udp_tcp.o
 .debug_aranges
                0x00000260       0x80 includes/Ethernet/test_web_client.o
 .debug_aranges
                0x000002e0       0x50 includes/Ethernet/websrv_help_functions.o
 .debug_aranges
                0x00000330       0xb0 includes/FatFs/ff.o
 .debug_aranges
                0x000003e0       0x70 includes/FatFs/mmc_avr.o
 .debug_aranges
                0x00000450       0x20 includes/HIH8120/hih8120.o
 .debug_aranges
                0x00000470       0x60 includes/I2C/twimaster.o
 .debug_aranges
                0x000004d0       0x58 includes/NokiaLCD/nokia.o
 .debug_aranges
                0x00000528       0x30 includes/RTC/rtc.o
 .debug_aranges
                0x00000558       0x40 includes/SPI/SPI.o
 .debug_aranges
                0x00000598       0x38 includes/WindSpeed/windSpeed.o
 .debug_aranges
                0x000005d0       0x50 main.o
 .debug_aranges
                0x00000620       0x20 C:/Program Files (x86)/Atmel/Studio/7.0/Packs/atmel/ATmega_DFP/1.2.209/gcc/dev/atmega1284p/avr51\libatmega1284p.a(eerd_dword.o)
 .debug_aranges
                0x00000640       0x20 C:/Program Files (x86)/Atmel/Studio/7.0/Packs/atmel/ATmega_DFP/1.2.209/gcc/dev/atmega1284p/avr51\libatmega1284p.a(eerd_word.o)
 .debug_aranges
                0x00000660       0x20 C:/Program Files (x86)/Atmel/Studio/7.0/Packs/atmel/ATmega_DFP/1.2.209/gcc/dev/atmega1284p/avr51\libatmega1284p.a(eewr_block.o)
 .debug_aranges
                0x00000680       0x20 C:/Program Files (x86)/Atmel/Studio/7.0/Packs/atmel/ATmega_DFP/1.2.209/gcc/dev/atmega1284p/avr51\libatmega1284p.a(eewr_byte.o)
 .debug_aranges
                0x000006a0       0x20 C:/Program Files (x86)/Atmel/Studio/7.0/Packs/atmel/ATmega_DFP/1.2.209/gcc/dev/atmega1284p/avr51\libatmega1284p.a(eewr_dword.o)
 .debug_aranges
                0x000006c0       0x20 C:/Program Files (x86)/Atmel/Studio/7.0/Packs/atmel/ATmega_DFP/1.2.209/gcc/dev/atmega1284p/avr51\libatmega1284p.a(eewr_word.o)
 .debug_aranges
                0x000006e0       0x20 C:/Program Files (x86)/Atmel/Studio/7.0/Packs/atmel/ATmega_DFP/1.2.209/gcc/dev/atmega1284p/avr51\libatmega1284p.a(eerd_block.o)

.debug_pubnames
 *(.debug_pubnames)

.debug_info     0x00000000     0xbea2
 *(.debug_info .gnu.linkonce.wi.*)
 .debug_info    0x00000000      0x792 C:/Program Files (x86)/Atmel/Studio/7.0/Packs/atmel/ATmega_DFP/1.2.209/gcc/dev/atmega1284p/avr51/crtatmega1284p.o
 .debug_info    0x00000792      0x583 includes/BMP280_SPI/BMP280_SPI.o
 .debug_info    0x00000d15      0x30e includes/Ethernet/dnslkup.o
 .debug_info    0x00001023      0xc2f includes/Ethernet/enc28j60.o
 .debug_info    0x00001c52     0x1e1d includes/Ethernet/ip_arp_udp_tcp.o
 .debug_info    0x00003a6f     0x244c includes/Ethernet/test_web_client.o
 .debug_info    0x00005ebb      0x453 includes/Ethernet/websrv_help_functions.o
 .debug_info    0x0000630e     0x1c0d includes/FatFs/ff.o
 .debug_info    0x00007f1b      0xcef includes/FatFs/mmc_avr.o
 .debug_info    0x00008c0a      0x15d includes/HIH8120/hih8120.o
 .debug_info    0x00008d67      0x1d2 includes/I2C/twimaster.o
 .debug_info    0x00008f39      0x945 includes/NokiaLCD/nokia.o
 .debug_info    0x0000987e      0x3b9 includes/RTC/rtc.o
 .debug_info    0x00009c37      0x25e includes/SPI/SPI.o
 .debug_info    0x00009e95      0x158 includes/WindSpeed/windSpeed.o
 .debug_info    0x00009fed     0x19ef main.o
 .debug_info    0x0000b9dc       0xaf C:/Program Files (x86)/Atmel/Studio/7.0/Packs/atmel/ATmega_DFP/1.2.209/gcc/dev/atmega1284p/avr51\libatmega1284p.a(eerd_dword.o)
 .debug_info    0x0000ba8b       0xae C:/Program Files (x86)/Atmel/Studio/7.0/Packs/atmel/ATmega_DFP/1.2.209/gcc/dev/atmega1284p/avr51\libatmega1284p.a(eerd_word.o)
 .debug_info    0x0000bb39       0xaf C:/Program Files (x86)/Atmel/Studio/7.0/Packs/atmel/ATmega_DFP/1.2.209/gcc/dev/atmega1284p/avr51\libatmega1284p.a(eewr_block.o)
 .debug_info    0x0000bbe8       0xae C:/Program Files (x86)/Atmel/Studio/7.0/Packs/atmel/ATmega_DFP/1.2.209/gcc/dev/atmega1284p/avr51\libatmega1284p.a(eewr_byte.o)
 .debug_info    0x0000bc96       0xaf C:/Program Files (x86)/Atmel/Studio/7.0/Packs/atmel/ATmega_DFP/1.2.209/gcc/dev/atmega1284p/avr51\libatmega1284p.a(eewr_dword.o)
 .debug_info    0x0000bd45       0xae C:/Program Files (x86)/Atmel/Studio/7.0/Packs/atmel/ATmega_DFP/1.2.209/gcc/dev/atmega1284p/avr51\libatmega1284p.a(eewr_word.o)
 .debug_info    0x0000bdf3       0xaf C:/Program Files (x86)/Atmel/Studio/7.0/Packs/atmel/ATmega_DFP/1.2.209/gcc/dev/atmega1284p/avr51\libatmega1284p.a(eerd_block.o)

.debug_abbrev   0x00000000     0x26c8
 *(.debug_abbrev)
 .debug_abbrev  0x00000000      0x729 C:/Program Files (x86)/Atmel/Studio/7.0/Packs/atmel/ATmega_DFP/1.2.209/gcc/dev/atmega1284p/avr51/crtatmega1284p.o
 .debug_abbrev  0x00000729      0x178 includes/BMP280_SPI/BMP280_SPI.o
 .debug_abbrev  0x000008a1      0x172 includes/Ethernet/dnslkup.o
 .debug_abbrev  0x00000a13      0x203 includes/Ethernet/enc28j60.o
 .debug_abbrev  0x00000c16      0x333 includes/Ethernet/ip_arp_udp_tcp.o
 .debug_abbrev  0x00000f49      0x423 includes/Ethernet/test_web_client.o
 .debug_abbrev  0x0000136c      0x20f includes/Ethernet/websrv_help_functions.o
 .debug_abbrev  0x0000157b      0x27c includes/FatFs/ff.o
 .debug_abbrev  0x000017f7      0x260 includes/FatFs/mmc_avr.o
 .debug_abbrev  0x00001a57       0xa7 includes/HIH8120/hih8120.o
 .debug_abbrev  0x00001afe       0xfb includes/I2C/twimaster.o
 .debug_abbrev  0x00001bf9      0x20a includes/NokiaLCD/nokia.o
 .debug_abbrev  0x00001e03      0x16e includes/RTC/rtc.o
 .debug_abbrev  0x00001f71      0x143 includes/SPI/SPI.o
 .debug_abbrev  0x000020b4       0xdc includes/WindSpeed/windSpeed.o
 .debug_abbrev  0x00002190      0x4ac main.o
 .debug_abbrev  0x0000263c       0x14 C:/Program Files (x86)/Atmel/Studio/7.0/Packs/atmel/ATmega_DFP/1.2.209/gcc/dev/atmega1284p/avr51\libatmega1284p.a(eerd_dword.o)
 .debug_abbrev  0x00002650       0x14 C:/Program Files (x86)/Atmel/Studio/7.0/Packs/atmel/ATmega_DFP/1.2.209/gcc/dev/atmega1284p/avr51\libatmega1284p.a(eerd_word.o)
 .debug_abbrev  0x00002664       0x14 C:/Program Files (x86)/Atmel/Studio/7.0/Packs/atmel/ATmega_DFP/1.2.209/gcc/dev/atmega1284p/avr51\libatmega1284p.a(eewr_block.o)
 .debug_abbrev  0x00002678       0x14 C:/Program Files (x86)/Atmel/Studio/7.0/Packs/atmel/ATmega_DFP/1.2.209/gcc/dev/atmega1284p/avr51\libatmega1284p.a(eewr_byte.o)
 .debug_abbrev  0x0000268c       0x14 C:/Program Files (x86)/Atmel/Studio/7.0/Packs/atmel/ATmega_DFP/1.2.209/gcc/dev/atmega1284p/avr51\libatmega1284p.a(eewr_dword.o)
 .debug_abbrev  0x000026a0       0x14 C:/Program Files (x86)/Atmel/Studio/7.0/Packs/atmel/ATmega_DFP/1.2.209/gcc/dev/atmega1284p/avr51\libatmega1284p.a(eewr_word.o)
 .debug_abbrev  0x000026b4       0x14 C:/Program Files (x86)/Atmel/Studio/7.0/Packs/atmel/ATmega_DFP/1.2.209/gcc/dev/atmega1284p/avr51\libatmega1284p.a(eerd_block.o)

.debug_line     0x00000000     0x60f8
 *(.debug_line .debug_line.* .debug_line_end)
 .debug_line    0x00000000      0x169 C:/Program Files (x86)/Atmel/Studio/7.0/Packs/atmel/ATmega_DFP/1.2.209/gcc/dev/atmega1284p/avr51/crtatmega1284p.o
 .debug_line    0x00000169      0x1eb includes/BMP280_SPI/BMP280_SPI.o
 .debug_line    0x00000354      0x359 includes/Ethernet/dnslkup.o
 .debug_line    0x000006ad      0x5c4 includes/Ethernet/enc28j60.o
 .debug_line    0x00000c71      0xf59 includes/Ethernet/ip_arp_udp_tcp.o
 .debug_line    0x00001bca      0xa48 includes/Ethernet/test_web_client.o
 .debug_line    0x00002612      0x3f3 includes/Ethernet/websrv_help_functions.o
 .debug_line    0x00002a05     0x1375 includes/FatFs/ff.o
 .debug_line    0x00003d7a      0x74b includes/FatFs/mmc_avr.o
 .debug_line    0x000044c5      0x119 includes/HIH8120/hih8120.o
 .debug_line    0x000045de      0x300 includes/I2C/twimaster.o
 .debug_line    0x000048de      0x4c4 includes/NokiaLCD/nokia.o
 .debug_line    0x00004da2      0x1d2 includes/RTC/rtc.o
 .debug_line    0x00004f74      0x176 includes/SPI/SPI.o
 .debug_line    0x000050ea      0x193 includes/WindSpeed/windSpeed.o
 .debug_line    0x0000527d      0xb20 main.o
 .debug_line    0x00005d9d       0x68 C:/Program Files (x86)/Atmel/Studio/7.0/Packs/atmel/ATmega_DFP/1.2.209/gcc/dev/atmega1284p/avr51\libatmega1284p.a(eerd_dword.o)
 .debug_line    0x00005e05       0x67 C:/Program Files (x86)/Atmel/Studio/7.0/Packs/atmel/ATmega_DFP/1.2.209/gcc/dev/atmega1284p/avr51\libatmega1284p.a(eerd_word.o)
 .debug_line    0x00005e6c       0x80 C:/Program Files (x86)/Atmel/Studio/7.0/Packs/atmel/ATmega_DFP/1.2.209/gcc/dev/atmega1284p/avr51\libatmega1284p.a(eewr_block.o)
 .debug_line    0x00005eec       0x9e C:/Program Files (x86)/Atmel/Studio/7.0/Packs/atmel/ATmega_DFP/1.2.209/gcc/dev/atmega1284p/avr51\libatmega1284p.a(eewr_byte.o)
 .debug_line    0x00005f8a       0x68 C:/Program Files (x86)/Atmel/Studio/7.0/Packs/atmel/ATmega_DFP/1.2.209/gcc/dev/atmega1284p/avr51\libatmega1284p.a(eewr_dword.o)
 .debug_line    0x00005ff2       0x5b C:/Program Files (x86)/Atmel/Studio/7.0/Packs/atmel/ATmega_DFP/1.2.209/gcc/dev/atmega1284p/avr51\libatmega1284p.a(eewr_word.o)
 .debug_line    0x0000604d       0xab C:/Program Files (x86)/Atmel/Studio/7.0/Packs/atmel/ATmega_DFP/1.2.209/gcc/dev/atmega1284p/avr51\libatmega1284p.a(eerd_block.o)

.debug_frame    0x00000000     0x1654
 *(.debug_frame)
 .debug_frame   0x00000000       0xa0 includes/BMP280_SPI/BMP280_SPI.o
 .debug_frame   0x000000a0       0x94 includes/Ethernet/dnslkup.o
 .debug_frame   0x00000134      0x1a0 includes/Ethernet/enc28j60.o
 .debug_frame   0x000002d4      0x578 includes/Ethernet/ip_arp_udp_tcp.o
 .debug_frame   0x0000084c      0x1d4 includes/Ethernet/test_web_client.o
 .debug_frame   0x00000a20      0x148 includes/Ethernet/websrv_help_functions.o
 .debug_frame   0x00000b68      0x4d4 includes/FatFs/ff.o
 .debug_frame   0x0000103c      0x19c includes/FatFs/mmc_avr.o
 .debug_frame   0x000011d8       0x38 includes/HIH8120/hih8120.o
 .debug_frame   0x00001210       0xb0 includes/I2C/twimaster.o
 .debug_frame   0x000012c0      0x10c includes/NokiaLCD/nokia.o
 .debug_frame   0x000013cc       0x60 includes/RTC/rtc.o
 .debug_frame   0x0000142c       0x94 includes/SPI/SPI.o
 .debug_frame   0x000014c0       0x68 includes/WindSpeed/windSpeed.o
 .debug_frame   0x00001528      0x12c main.o

.debug_str      0x00000000     0x1c18
 *(.debug_str)
 .debug_str     0x00000000      0x296 C:/Program Files (x86)/Atmel/Studio/7.0/Packs/atmel/ATmega_DFP/1.2.209/gcc/dev/atmega1284p/avr51/crtatmega1284p.o
 .debug_str     0x00000296      0x2ff includes/BMP280_SPI/BMP280_SPI.o
                                0x355 (size before relaxing)
 .debug_str     0x00000595      0x148 includes/Ethernet/dnslkup.o
                                0x2e8 (size before relaxing)
 .debug_str     0x000006dd      0x17c includes/Ethernet/enc28j60.o
                                0x324 (size before relaxing)
 .debug_str     0x00000859      0x5ee includes/Ethernet/ip_arp_udp_tcp.o
                                0x8a2 (size before relaxing)
 .debug_str     0x00000e47      0x2d4 includes/Ethernet/test_web_client.o
                                0x601 (size before relaxing)
 .debug_str     0x0000111b       0x9e includes/Ethernet/websrv_help_functions.o
                                0x285 (size before relaxing)
 .debug_str     0x000011b9      0x418 includes/FatFs/ff.o
                                0x5b2 (size before relaxing)
 .debug_str     0x000015d1       0xb8 includes/FatFs/mmc_avr.o
                                0x31d (size before relaxing)
 .debug_str     0x00001689       0x7d includes/HIH8120/hih8120.o
                                0x215 (size before relaxing)
 .debug_str     0x00001706       0x8a includes/I2C/twimaster.o
                                0x21a (size before relaxing)
 .debug_str     0x00001790       0xea includes/NokiaLCD/nokia.o
                                0x318 (size before relaxing)
 .debug_str     0x0000187a       0x3f includes/RTC/rtc.o
                                0x279 (size before relaxing)
 .debug_str     0x000018b9       0x4c includes/SPI/SPI.o
                                0x21d (size before relaxing)
 .debug_str     0x00001905       0x86 includes/WindSpeed/windSpeed.o
                                0x21d (size before relaxing)
 .debug_str     0x0000198b      0x28d main.o
                                0x9a7 (size before relaxing)

.debug_loc      0x00000000     0xba79
 *(.debug_loc)
 .debug_loc     0x00000000      0x695 includes/BMP280_SPI/BMP280_SPI.o
 .debug_loc     0x00000695      0x55d includes/Ethernet/dnslkup.o
 .debug_loc     0x00000bf2      0x75a includes/Ethernet/enc28j60.o
 .debug_loc     0x0000134c     0x2b50 includes/Ethernet/ip_arp_udp_tcp.o
 .debug_loc     0x00003e9c     0x16a5 includes/Ethernet/test_web_client.o
 .debug_loc     0x00005541      0xb04 includes/Ethernet/websrv_help_functions.o
 .debug_loc     0x00006045     0x393f includes/FatFs/ff.o
 .debug_loc     0x00009984      0xdab includes/FatFs/mmc_avr.o
 .debug_loc     0x0000a72f       0xab includes/HIH8120/hih8120.o
 .debug_loc     0x0000a7da      0x12d includes/I2C/twimaster.o
 .debug_loc     0x0000a907      0x55a includes/NokiaLCD/nokia.o
 .debug_loc     0x0000ae61      0x11f includes/RTC/rtc.o
 .debug_loc     0x0000af80      0x29d includes/SPI/SPI.o
 .debug_loc     0x0000b21d       0x49 includes/WindSpeed/windSpeed.o
 .debug_loc     0x0000b266      0x813 main.o

.debug_macinfo
 *(.debug_macinfo)

.debug_weaknames
 *(.debug_weaknames)

.debug_funcnames
 *(.debug_funcnames)

.debug_typenames
 *(.debug_typenames)

.debug_varnames
 *(.debug_varnames)

.debug_pubtypes
 *(.debug_pubtypes)

.debug_ranges   0x00000000      0x710
 *(.debug_ranges)
 .debug_ranges  0x00000000       0x18 includes/BMP280_SPI/BMP280_SPI.o
 .debug_ranges  0x00000018       0x38 includes/Ethernet/dnslkup.o
 .debug_ranges  0x00000050       0xa0 includes/Ethernet/enc28j60.o
 .debug_ranges  0x000000f0      0x160 includes/Ethernet/ip_arp_udp_tcp.o
 .debug_ranges  0x00000250       0x70 includes/Ethernet/test_web_client.o
 .debug_ranges  0x000002c0       0x58 includes/Ethernet/websrv_help_functions.o
 .debug_ranges  0x00000318      0x150 includes/FatFs/ff.o
 .debug_ranges  0x00000468       0x60 includes/FatFs/mmc_avr.o
 .debug_ranges  0x000004c8       0x10 includes/HIH8120/hih8120.o
 .debug_ranges  0x000004d8       0x50 includes/I2C/twimaster.o
 .debug_ranges  0x00000528       0x48 includes/NokiaLCD/nokia.o
 .debug_ranges  0x00000570       0x20 includes/RTC/rtc.o
 .debug_ranges  0x00000590       0x30 includes/SPI/SPI.o
 .debug_ranges  0x000005c0       0x28 includes/WindSpeed/windSpeed.o
 .debug_ranges  0x000005e8      0x128 main.o

.debug_macro
 *(.debug_macro)
OUTPUT(Meteorological Station.elf elf32-avr)
LOAD linker stubs
